Archive member included to satisfy reference by file (symbol)

e:/rtt/env-windows/tools/gnu_gcc/arm_gcc/mingw/bin/../lib/gcc/arm-none-eabi/10.3.1/../../../../arm-none-eabi/lib/thumb/v7e-m+fp/hard\libc.a(lib_a-atoi.o)
                              build\kernel\components\drivers\misc\rt_drv_pwm.o (atoi)
e:/rtt/env-windows/tools/gnu_gcc/arm_gcc/mingw/bin/../lib/gcc/arm-none-eabi/10.3.1/../../../../arm-none-eabi/lib/thumb/v7e-m+fp/hard\libc.a(lib_a-ctype_.o)
                              build\kernel\components\libc\compilers\common\cstring.o (_ctype_)
e:/rtt/env-windows/tools/gnu_gcc/arm_gcc/mingw/bin/../lib/gcc/arm-none-eabi/10.3.1/../../../../arm-none-eabi/lib/thumb/v7e-m+fp/hard\libc.a(lib_a-exit.o)
                              e:/rtt/env-windows/tools/gnu_gcc/arm_gcc/mingw/bin/../lib/gcc/arm-none-eabi/10.3.1/../../../../arm-none-eabi/lib/thumb/v7e-m+fp/hard/crt0.o (exit)
e:/rtt/env-windows/tools/gnu_gcc/arm_gcc/mingw/bin/../lib/gcc/arm-none-eabi/10.3.1/../../../../arm-none-eabi/lib/thumb/v7e-m+fp/hard\libc.a(lib_a-impure.o)
                              e:/rtt/env-windows/tools/gnu_gcc/arm_gcc/mingw/bin/../lib/gcc/arm-none-eabi/10.3.1/../../../../arm-none-eabi/lib/thumb/v7e-m+fp/hard\libc.a(lib_a-exit.o) (_global_impure_ptr)
e:/rtt/env-windows/tools/gnu_gcc/arm_gcc/mingw/bin/../lib/gcc/arm-none-eabi/10.3.1/../../../../arm-none-eabi/lib/thumb/v7e-m+fp/hard\libc.a(lib_a-malloc.o)
                              build\kernel\components\libc\compilers\common\cstring.o (malloc)
e:/rtt/env-windows/tools/gnu_gcc/arm_gcc/mingw/bin/../lib/gcc/arm-none-eabi/10.3.1/../../../../arm-none-eabi/lib/thumb/v7e-m+fp/hard\libc.a(lib_a-memcmp.o)
                              build\kernel\components\finsh\shell.o (memcmp)
e:/rtt/env-windows/tools/gnu_gcc/arm_gcc/mingw/bin/../lib/gcc/arm-none-eabi/10.3.1/../../../../arm-none-eabi/lib/thumb/v7e-m+fp/hard\libc.a(lib_a-memset.o)
                              e:/rtt/env-windows/tools/gnu_gcc/arm_gcc/mingw/bin/../lib/gcc/arm-none-eabi/10.3.1/../../../../arm-none-eabi/lib/thumb/v7e-m+fp/hard/crt0.o (memset)
e:/rtt/env-windows/tools/gnu_gcc/arm_gcc/mingw/bin/../lib/gcc/arm-none-eabi/10.3.1/../../../../arm-none-eabi/lib/thumb/v7e-m+fp/hard\libc.a(lib_a-strchr.o)
                              build\kernel\components\libc\compilers\common\cstring.o (strchr)
e:/rtt/env-windows/tools/gnu_gcc/arm_gcc/mingw/bin/../lib/gcc/arm-none-eabi/10.3.1/../../../../arm-none-eabi/lib/thumb/v7e-m+fp/hard\libc.a(lib_a-strcmp.o)
                              build\kernel\components\finsh\msh.o (strcmp)
e:/rtt/env-windows/tools/gnu_gcc/arm_gcc/mingw/bin/../lib/gcc/arm-none-eabi/10.3.1/../../../../arm-none-eabi/lib/thumb/v7e-m+fp/hard\libc.a(lib_a-strcpy.o)
                              build\kernel\components\libc\compilers\common\cstring.o (strcpy)
e:/rtt/env-windows/tools/gnu_gcc/arm_gcc/mingw/bin/../lib/gcc/arm-none-eabi/10.3.1/../../../../arm-none-eabi/lib/thumb/v7e-m+fp/hard\libc.a(lib_a-strlen.o)
                              build\kernel\components\libc\compilers\common\cstring.o (strlen)
e:/rtt/env-windows/tools/gnu_gcc/arm_gcc/mingw/bin/../lib/gcc/arm-none-eabi/10.3.1/../../../../arm-none-eabi/lib/thumb/v7e-m+fp/hard\libc.a(lib_a-strncmp.o)
                              build\kernel\components\finsh\msh.o (strncmp)
e:/rtt/env-windows/tools/gnu_gcc/arm_gcc/mingw/bin/../lib/gcc/arm-none-eabi/10.3.1/../../../../arm-none-eabi/lib/thumb/v7e-m+fp/hard\libc.a(lib_a-strncpy.o)
                              build\kernel\components\finsh\msh.o (strncpy)
e:/rtt/env-windows/tools/gnu_gcc/arm_gcc/mingw/bin/../lib/gcc/arm-none-eabi/10.3.1/../../../../arm-none-eabi/lib/thumb/v7e-m+fp/hard\libc.a(lib_a-strrchr.o)
                              build\kernel\components\libc\compilers\common\cstring.o (strrchr)
e:/rtt/env-windows/tools/gnu_gcc/arm_gcc/mingw/bin/../lib/gcc/arm-none-eabi/10.3.1/../../../../arm-none-eabi/lib/thumb/v7e-m+fp/hard\libc.a(lib_a-strtol.o)
                              e:/rtt/env-windows/tools/gnu_gcc/arm_gcc/mingw/bin/../lib/gcc/arm-none-eabi/10.3.1/../../../../arm-none-eabi/lib/thumb/v7e-m+fp/hard\libc.a(lib_a-atoi.o) (_strtol_r)
e:/rtt/env-windows/tools/gnu_gcc/arm_gcc/mingw/bin/../lib/gcc/arm-none-eabi/10.3.1/../../../../arm-none-eabi/lib/thumb/v7e-m+fp/hard\libc.a(lib_a-strtoul.o)
                              build\kernel\src\kservice.o (strtoul)
e:/rtt/env-windows/tools/gnu_gcc/arm_gcc/mingw/bin/../lib/gcc/arm-none-eabi/10.3.1/../../../../arm-none-eabi/lib/thumb/v7e-m+fp/hard\libc.a(lib_a-__call_atexit.o)
                              e:/rtt/env-windows/tools/gnu_gcc/arm_gcc/mingw/bin/../lib/gcc/arm-none-eabi/10.3.1/../../../../arm-none-eabi/lib/thumb/v7e-m+fp/hard\libc.a(lib_a-exit.o) (__call_exitprocs)
e:/rtt/env-windows/tools/gnu_gcc/arm_gcc/mingw/bin/../lib/gcc/arm-none-eabi/10.3.1/../../../../arm-none-eabi/lib/thumb/v7e-m+fp/hard\libc.a(lib_a-atexit.o)
[...]
Memory Configuration

Name             Origin             Length             Attributes
CODE             0x08000000         0x00100000         xr
RAM1             0x20000000         0x00020000         rw
RAM2             0x10000000         0x00010000         rw
MCUlcdgrambysram 0x68000000         0x00100000         rw
*default*        0x00000000         0xffffffff

Linker script and memory map

LOAD e:/rtt/env-windows/tools/gnu_gcc/arm_gcc/mingw/bin/../lib/gcc/arm-none-eabi/10.3.1/thumb/v7e-m+fp/hard/crti.o
LOAD e:/rtt/env-windows/tools/gnu_gcc/arm_gcc/mingw/bin/../lib/gcc/arm-none-eabi/10.3.1/thumb/v7e-m+fp/hard/crtbegin.o
LOAD e:/rtt/env-windows/tools/gnu_gcc/arm_gcc/mingw/bin/../lib/gcc/arm-none-eabi/10.3.1/../../../../arm-none-eabi/lib/thumb/v7e-m+fp/hard/crt0.o
LOAD build\applications\mailbox_sample.o
LOAD build\applications\main.o
LOAD build\applications\msgq_sample.o
LOAD build\applications\mutex_sample.o
LOAD build\applications\semaphore_sample.o
LOAD build\applications\thread_sample.o
LOAD build\board\CubeMX_Config\Src\stm32f4xx_hal_msp.o
LOAD build\board\board.o
LOAD libraries\HAL_Drivers\drivers\drv_gpio.o
LOAD libraries\HAL_Drivers\drivers\drv_pwm.o
LOAD libraries\HAL_Drivers\drivers\drv_tim.o
LOAD libraries\HAL_Drivers\drivers\drv_usart.o
LOAD build\libraries\HAL_Drivers\drv_common.o
LOAD libraries\STM32F4xx_HAL\CMSIS\Device\ST\STM32F4xx\Source\Templates\gcc\startup_stm32f407xx.o
LOAD build\libraries\STM32F4xx_HAL\CMSIS\Device\ST\STM32F4xx\Source\Templates\system_stm32f4xx.o
LOAD build\libraries\STM32F4xx_HAL\STM32F4xx_HAL_Driver\Src\stm32f4xx_hal.o
LOAD build\libraries\STM32F4xx_HAL\STM32F4xx_HAL_Driver\Src\stm32f4xx_hal_cec.o
LOAD build\libraries\STM32F4xx_HAL\STM32F4xx_HAL_Driver\Src\stm32f4xx_hal_cortex.o
LOAD build\libraries\STM32F4xx_HAL\STM32F4xx_HAL_Driver\Src\stm32f4xx_hal_crc.o
LOAD build\libraries\STM32F4xx_HAL\STM32F4xx_HAL_Driver\Src\stm32f4xx_hal_cryp.o
LOAD build\libraries\STM32F4xx_HAL\STM32F4xx_HAL_Driver\Src\stm32f4xx_hal_cryp_ex.o
LOAD build\libraries\STM32F4xx_HAL\STM32F4xx_HAL_Driver\Src\stm32f4xx_hal_dma.o
LOAD build\libraries\STM32F4xx_HAL\STM32F4xx_HAL_Driver\Src\stm32f4xx_hal_dma_ex.o
LOAD build\libraries\STM32F4xx_HAL\STM32F4xx_HAL_Driver\Src\stm32f4xx_hal_gpio.o
LOAD build\libraries\STM32F4xx_HAL\STM32F4xx_HAL_Driver\Src\stm32f4xx_hal_i2c.o
LOAD build\libraries\STM32F4xx_HAL\STM32F4xx_HAL_Driver\Src\stm32f4xx_hal_i2c_ex.o
LOAD build\libraries\STM32F4xx_HAL\STM32F4xx_HAL_Driver\Src\stm32f4xx_hal_lptim.o
LOAD build\libraries\STM32F4xx_HAL\STM32F4xx_HAL_Driver\Src\stm32f4xx_hal_pwr.o
LOAD build\libraries\STM32F4xx_HAL\STM32F4xx_HAL_Driver\Src\stm32f4xx_hal_pwr_ex.o
LOAD build\libraries\STM32F4xx_HAL\STM32F4xx_HAL_Driver\Src\stm32f4xx_hal_rcc.o
LOAD build\libraries\STM32F4xx_HAL\STM32F4xx_HAL_Driver\Src\stm32f4xx_hal_rcc_ex.o
LOAD build\libraries\STM32F4xx_HAL\STM32F4xx_HAL_Driver\Src\stm32f4xx_hal_rng.o
LOAD build\libraries\STM32F4xx_HAL\STM32F4xx_HAL_Driver\Src\stm32f4xx_hal_sram.o
LOAD build\libraries\STM32F4xx_HAL\STM32F4xx_HAL_Driver\Src\stm32f4xx_hal_tim.o
LOAD build\libraries\STM32F4xx_HAL\STM32F4xx_HAL_Driver\Src\stm32f4xx_hal_tim_ex.o
LOAD build\libraries\STM32F4xx_HAL\STM32F4xx_HAL_Driver\Src\stm32f4xx_hal_uart.o
LOAD build\libraries\STM32F4xx_HAL\STM32F4xx_HAL_Driver\Src\stm32f4xx_hal_usart.o
LOAD build\libraries\STM32F4xx_HAL\STM32F4xx_HAL_Driver\Src\stm32f4xx_ll_fmc.o
LOAD build\libraries\STM32F4xx_HAL\STM32F4xx_HAL_Driver\Src\stm32f4xx_ll_fsmc.o
LOAD build\kernel\components\libc\compilers\common\cctype.o
LOAD build\kernel\components\libc\compilers\common\cstdlib.o
LOAD build\kernel\components\libc\compilers\common\cstring.o
LOAD build\kernel\components\libc\compilers\common\ctime.o
LOAD build\kernel\components\libc\compilers\common\cunistd.o
LOAD build\kernel\components\libc\compilers\common\cwchar.o
LOAD build\kernel\components\libc\compilers\newlib\syscalls.o
LOAD build\kernel\libcpu\arm\common\atomic_arm.o
LOAD build\kernel\libcpu\arm\common\div0.o
LOAD build\kernel\libcpu\arm\common\showmem.o
LOAD build\kernel\libcpu\arm\cortex-m4\context_gcc.o
LOAD build\kernel\libcpu\arm\cortex-m4\cpuport.o
LOAD build\kernel\components\drivers\core\device.o
LOAD build\kernel\components\drivers\i2c\i2c-bit-ops.o
LOAD build\kernel\components\drivers\i2c\i2c_core.o
LOAD build\kernel\components\drivers\i2c\i2c_dev.o
LOAD build\kernel\components\drivers\ipc\completion_comm.o
LOAD build\kernel\components\drivers\ipc\completion_up.o
LOAD build\kernel\components\drivers\ipc\condvar.o
LOAD build\kernel\components\drivers\ipc\dataqueue.o
LOAD build\kernel\components\drivers\ipc\pipe.o
LOAD build\kernel\components\drivers\ipc\ringblk_buf.o
LOAD build\kernel\components\drivers\ipc\ringbuffer.o
LOAD build\kernel\components\drivers\ipc\waitqueue.o
LOAD build\kernel\components\drivers\ipc\workqueue.o
LOAD build\kernel\components\drivers\misc\rt_drv_pwm.o
LOAD build\kernel\components\drivers\pin\pin.o
LOAD build\kernel\components\drivers\serial\serial.o
LOAD build\kernel\components\finsh\cmd.o
LOAD build\kernel\components\finsh\msh.o
LOAD build\kernel\components\finsh\msh_parse.o
LOAD build\kernel\components\finsh\shell.o
LOAD build\kernel\src\clock.o
LOAD build\kernel\src\components.o
LOAD build\kernel\src\cpu_up.o
LOAD build\kernel\src\idle.o
LOAD build\kernel\src\ipc.o
LOAD build\kernel\src\irq.o
LOAD build\kernel\src\klibc\kstdio.o
LOAD build\kernel\src\klibc\kstring.o
LOAD build\kernel\src\kservice.o
LOAD build\kernel\src\mem.o
LOAD build\kernel\src\mempool.o
LOAD build\kernel\src\object.o
LOAD build\kernel\src\scheduler_comm.o
LOAD build\kernel\src\scheduler_up.o
LOAD build\kernel\src\thread.o
LOAD build\kernel\src\timer.o
LOAD e:/rtt/env-windows/tools/gnu_gcc/arm_gcc/mingw/bin/../lib/gcc/arm-none-eabi/10.3.1/../../../../arm-none-eabi/lib/thumb/v7e-m+fp/hard\libc.a
LOAD e:/rtt/env-windows/tools/gnu_gcc/arm_gcc/mingw/bin/../lib/gcc/arm-none-eabi/10.3.1/../../../../arm-none-eabi/lib/thumb/v7e-m+fp/hard\libm.a
START GROUP
LOAD e:/rtt/env-windows/tools/gnu_gcc/arm_gcc/mingw/bin/../lib/gcc/arm-none-eabi/10.3.1/thumb/v7e-m+fp/hard\libgcc.a
LOAD e:/rtt/env-windows/tools/gnu_gcc/arm_gcc/mingw/bin/../lib/gcc/arm-none-eabi/10.3.1/../../../../arm-none-eabi/lib/thumb/v7e-m+fp/hard\libc.a
END GROUP
LOAD e:/rtt/env-windows/tools/gnu_gcc/arm_gcc/mingw/bin/../lib/gcc/arm-none-eabi/10.3.1/thumb/v7e-m+fp/hard/crtend.o
LOAD e:/rtt/env-windows/tools/gnu_gcc/arm_gcc/mingw/bin/../lib/gcc/arm-none-eabi/10.3.1/thumb/v7e-m+fp/hard/crtn.o
                0x00000400                _system_stack_size = 0x400

.text           0x08000000    0x180d8
                0x08000000                . = ALIGN (0x4)
                0x08000000                _stext = .
 *(.isr_vector)
 .isr_vector    0x08000000      0x188 libraries\STM32F4xx_HAL\CMSIS\Device\ST\STM32F4xx\Source\Templates\gcc\startup_stm32f407xx.o
                0x08000000                g_pfnVectors
                0x08000188                . = ALIGN (0x4)
 *(.text)
 .text          0x08000188       0x40 e:/rtt/env-windows/tools/gnu_gcc/arm_gcc/mingw/bin/../lib/gcc/arm-none-eabi/10.3.1/thumb/v7e-m+fp/hard/crtbegin.o
 .text          0x080001c8      0x144 build\kernel\libcpu\arm\cortex-m4\context_gcc.o
                0x080001c8                rt_hw_interrupt_disable
                0x080001d0                rt_hw_interrupt_enable
                0x080001d6                rt_hw_context_switch_interrupt
                0x080001d6                rt_hw_context_switch
                0x080001f6                PendSV_Handler
                0x08000262                rt_hw_context_switch_to
                0x080002b0                rt_hw_interrupt_thread_switch
                0x080002b4                HardFault_Handler
 *fill*         0x0800030c       0x14 00000000
 .text          0x08000320      0x2dc e:/rtt/env-windows/tools/gnu_gcc/arm_gcc/mingw/bin/../lib/gcc/arm-none-eabi/10.3.1/../../../../arm-none-eabi/lib/thumb/v7e-m+fp/hard\libc.a(lib_a-strcmp.o)
                0x08000328                strcmp
 *fill*         0x080005fc        0x4 00000000
 .text          0x08000600       0xdc e:/rtt/env-windows/tools/gnu_gcc/arm_gcc/mingw/bin/../lib/gcc/arm-none-eabi/10.3.1/../../../../arm-none-eabi/lib/thumb/v7e-m+fp/hard\libc.a(lib_a-strlen.o)
                0x08000600                strlen
 .text          0x080006dc      0x378 e:/rtt/env-windows/tools/gnu_gcc/arm_gcc/mingw/bin/../lib/gcc/arm-none-eabi/10.3.1/thumb/v7e-m+fp/hard\libgcc.a(_arm_addsubdf3.o)
                0x080006dc                __aeabi_drsub
                0x080006e4                __aeabi_dsub
                0x080006e4                __subdf3
                0x080006e8                __aeabi_dadd
                0x080006e8                __adddf3
                0x08000960                __floatunsidf
                0x08000960                __aeabi_ui2d
                0x08000980                __floatsidf
                0x08000980                __aeabi_i2d
                0x080009a4                __aeabi_f2d
                0x080009a4                __extendsfdf2
                0x080009e8                __floatundidf
                0x080009e8                __aeabi_ul2d
                0x080009f8                __floatdidf
                0x080009f8                __aeabi_l2d
 .text          0x08000a54      0x424 e:/rtt/env-windows/tools/gnu_gcc/arm_gcc/mingw/bin/../lib/gcc/arm-none-eabi/10.3.1/thumb/v7e-m+fp/hard\libgcc.a(_arm_muldivdf3.o)
                0x08000a54                __aeabi_dmul
                0x08000a54                __muldf3
                0x08000ca8                __divdf3
                0x08000ca8                __aeabi_ddiv
 .text          0x08000e78       0x50 e:/rtt/env-windows/tools/gnu_gcc/arm_gcc/mingw/bin/../lib/gcc/arm-none-eabi/10.3.1/thumb/v7e-m+fp/hard\libgcc.a(_arm_fixdfsi.o)
                0x08000e78                __aeabi_d2iz
                0x08000e78                __fixdfsi
 .text          0x08000ec8       0x30 e:/rtt/env-windows/tools/gnu_gcc/arm_gcc/mingw/bin/../lib/gcc/arm-none-eabi/10.3.1/thumb/v7e-m+fp/hard\libgcc.a(_aeabi_uldivmod.o)
                0x08000ec8                __aeabi_uldivmod
 .text          0x08000ef8      0x2d0 e:/rtt/env-windows/tools/gnu_gcc/arm_gcc/mingw/bin/../lib/gcc/arm-none-eabi/10.3.1/thumb/v7e-m+fp/hard\libgcc.a(_udivmoddi4.o)
                0x08000ef8                __udivmoddi4
 .text          0x080011c8        0x4 e:/rtt/env-windows/tools/gnu_gcc/arm_gcc/mingw/bin/../lib/gcc/arm-none-eabi/10.3.1/thumb/v7e-m+fp/hard\libgcc.a(_dvmd_tls.o)
                0x080011c8                __aeabi_idiv0
                0x080011c8                __aeabi_ldiv0
 *(.text.*)
 .text.thread1_entry
                0x080011cc       0x60 build\applications\mailbox_sample.o
 .text.thread2_entry
                0x0800122c       0x64 build\applications\mailbox_sample.o
 .text.mailbox_sample
                0x08001290       0xac build\applications\mailbox_sample.o
                0x08001290                mailbox_sample
 .text.main     0x0800133c        0xe build\applications\main.o
                0x0800133c                main
 *fill*         0x0800134a        0x2 00000000
 .text.thread1_entry
                0x0800134c       0x68 build\applications\msgq_sample.o
 .text.thread2_entry
                0x080013b4       0xac build\applications\msgq_sample.o
 .text.msgq_sample
                0x08001460       0xb4 build\applications\msgq_sample.o
                0x08001460                msgq_sample
 .text.rt_thread_entry1
                0x08001514       0x4c build\applications\mutex_sample.o
 .text.rt_thread_entry2
                0x08001560       0x8c build\applications\mutex_sample.o
 .text.mutex_sample
                0x080015ec       0xa4 build\applications\mutex_sample.o
                0x080015ec                mutex_sample
 .text.rt_thread1_entry
                0x08001690       0x64 build\applications\semaphore_sample.o
 .text.rt_thread2_entry
                0x080016f4       0x6c build\applications\semaphore_sample.o
 .text.semaphore_sample
                0x08001760       0xb0 build\applications\semaphore_sample.o
                0x08001760                semaphore_sample
 .text.thread1_entry
                0x08001810       0x28 build\applications\thread_sample.o
 .text.thread2_entry
                0x08001838       0x3c build\applications\thread_sample.o
 .text.thread_sample
                0x08001874       0x7c build\applications\thread_sample.o
                0x08001874                thread_sample
 .text.HAL_MspInit
                0x080018f0       0x50 build\board\CubeMX_Config\Src\stm32f4xx_hal_msp.o
                0x080018f0                HAL_MspInit
 .text.HAL_TIM_Base_MspInit
                0x08001940      0x11c build\board\CubeMX_Config\Src\stm32f4xx_hal_msp.o
                0x08001940                HAL_TIM_Base_MspInit
 .text.HAL_TIM_PWM_MspInit
                0x08001a5c       0x44 build\board\CubeMX_Config\Src\stm32f4xx_hal_msp.o
                0x08001a5c                HAL_TIM_PWM_MspInit
 .text.HAL_TIM_MspPostInit
                0x08001aa0      0x1f4 build\board\CubeMX_Config\Src\stm32f4xx_hal_msp.o
                0x08001aa0                HAL_TIM_MspPostInit
 .text.HAL_UART_MspInit
                0x08001c94      0x108 build\board\CubeMX_Config\Src\stm32f4xx_hal_msp.o
                0x08001c94                HAL_UART_MspInit
 .text.HAL_UART_MspDeInit
                0x08001d9c       0x68 build\board\CubeMX_Config\Src\stm32f4xx_hal_msp.o
                0x08001d9c                HAL_UART_MspDeInit
 .text.SystemClock_Config
                0x08001e04      0x118 build\board\board.o
                0x08001e04                SystemClock_Config
 .text.stm32_pin_get
                0x08001f1c       0xbc libraries\HAL_Drivers\drivers\drv_gpio.o
 .text.stm32_pin_write
                0x08001fd8       0x54 libraries\HAL_Drivers\drivers\drv_gpio.o
 .text.stm32_pin_read
                0x0800202c       0x68 libraries\HAL_Drivers\drivers\drv_gpio.o
 .text.stm32_pin_mode
                0x08002094       0xae libraries\HAL_Drivers\drivers\drv_gpio.o
 .text.bit2bitno
                0x08002142       0x3c libraries\HAL_Drivers\drivers\drv_gpio.o
 *fill*         0x0800217e        0x2 00000000
 .text.get_pin_irq_map
                0x08002180       0x34 libraries\HAL_Drivers\drivers\drv_gpio.o
 .text.stm32_pin_attach_irq
                0x080021b4      0x110 libraries\HAL_Drivers\drivers\drv_gpio.o
 .text.stm32_pin_dettach_irq
                0x080022c4       0xbc libraries\HAL_Drivers\drivers\drv_gpio.o
 .text.stm32_pin_irq_enable
                0x08002380      0x228 libraries\HAL_Drivers\drivers\drv_gpio.o
 .text.pin_irq_hdr
                0x080025a8       0x40 libraries\HAL_Drivers\drivers\drv_gpio.o
 .text.HAL_GPIO_EXTI_Callback
                0x080025e8       0x22 libraries\HAL_Drivers\drivers\drv_gpio.o
                0x080025e8                HAL_GPIO_EXTI_Callback
 .text.EXTI0_IRQHandler
                0x0800260a       0x16 libraries\HAL_Drivers\drivers\drv_gpio.o
                0x0800260a                EXTI0_IRQHandler
 .text.EXTI1_IRQHandler
                0x08002620       0x16 libraries\HAL_Drivers\drivers\drv_gpio.o
                0x08002620                EXTI1_IRQHandler
 .text.EXTI2_IRQHandler
                0x08002636       0x16 libraries\HAL_Drivers\drivers\drv_gpio.o
                0x08002636                EXTI2_IRQHandler
 .text.EXTI3_IRQHandler
                0x0800264c       0x16 libraries\HAL_Drivers\drivers\drv_gpio.o
                0x0800264c                EXTI3_IRQHandler
 .text.EXTI4_IRQHandler
                0x08002662       0x16 libraries\HAL_Drivers\drivers\drv_gpio.o
                0x08002662                EXTI4_IRQHandler
 .text.EXTI9_5_IRQHandler
                0x08002678       0x32 libraries\HAL_Drivers\drivers\drv_gpio.o
                0x08002678                EXTI9_5_IRQHandler
 .text.EXTI15_10_IRQHandler
                0x080026aa       0x40 libraries\HAL_Drivers\drivers\drv_gpio.o
                0x080026aa                EXTI15_10_IRQHandler
 *fill*         0x080026ea        0x2 00000000
 .text.rt_hw_pin_init
                0x080026ec      0x124 libraries\HAL_Drivers\drivers\drv_gpio.o
                0x080026ec                rt_hw_pin_init
 .text.tim_clock_get
                0x08002810       0x68 libraries\HAL_Drivers\drivers\drv_pwm.o
 .text.drv_pwm_enable
                0x08002878       0x62 libraries\HAL_Drivers\drivers\drv_pwm.o
 *fill*         0x080028da        0x2 00000000
 .text.drv_pwm_get
                0x080028dc      0x134 libraries\HAL_Drivers\drivers\drv_pwm.o
 .text.drv_pwm_set
                0x08002a10      0x190 libraries\HAL_Drivers\drivers\drv_pwm.o
 .text.drv_pwm_set_period
                0x08002ba0       0xd4 libraries\HAL_Drivers\drivers\drv_pwm.o
 .text.drv_pwm_set_pulse
                0x08002c74      0x11c libraries\HAL_Drivers\drivers\drv_pwm.o
 .text.drv_pwm_control
                0x08002d90       0xa0 libraries\HAL_Drivers\drivers\drv_pwm.o
 .text.stm32_hw_pwm_init
                0x08002e30      0x324 libraries\HAL_Drivers\drivers\drv_pwm.o
 .text.stm32_pwm_get_channel
                0x08003154       0x24 libraries\HAL_Drivers\drivers\drv_pwm.o
 .text.stm32_pwm_init
                0x08003178       0xec libraries\HAL_Drivers\drivers\drv_pwm.o
 .text.stm32_tim_pclkx_doubler_get
                0x08003264       0x84 libraries\HAL_Drivers\drivers\drv_tim.o
                0x08003264                stm32_tim_pclkx_doubler_get
 .text.stm32_tim_enable_clock
                0x080032e8      0x290 libraries\HAL_Drivers\drivers\drv_tim.o
                0x080032e8                stm32_tim_enable_clock
 .text.__NVIC_DisableIRQ
                0x08003578       0x48 libraries\HAL_Drivers\drivers\drv_usart.o
 .text.stm32_uart_get_mask
                0x080035c0       0x4e libraries\HAL_Drivers\drivers\drv_usart.o
                0x080035c0                stm32_uart_get_mask
 *fill*         0x0800360e        0x2 00000000
 .text.stm32_configure
                0x08003610      0x1bc libraries\HAL_Drivers\drivers\drv_usart.o
 .text.stm32_control
                0x080037cc      0x204 libraries\HAL_Drivers\drivers\drv_usart.o
 .text.stm32_putc
                0x080039d0       0x78 libraries\HAL_Drivers\drivers\drv_usart.o
 .text.stm32_getc
                0x08003a48       0x58 libraries\HAL_Drivers\drivers\drv_usart.o
 .text.stm32_dma_transmit
                0x08003aa0       0x7c libraries\HAL_Drivers\drivers\drv_usart.o
 .text.dma_recv_isr
                0x08003b1c       0xfc libraries\HAL_Drivers\drivers\drv_usart.o
 .text.uart_isr
                0x08003c18      0x1ec libraries\HAL_Drivers\drivers\drv_usart.o
 .text.USART1_IRQHandler
                0x08003e04       0x1c libraries\HAL_Drivers\drivers\drv_usart.o
                0x08003e04                USART1_IRQHandler
 .text.stm32_uart_get_dma_config
                0x08003e20       0x1c libraries\HAL_Drivers\drivers\drv_usart.o
 .text.stm32_dma_config
                0x08003e3c      0x1fc libraries\HAL_Drivers\drivers\drv_usart.o
 .text.HAL_UART_ErrorCallback
                0x08004038       0x30 libraries\HAL_Drivers\drivers\drv_usart.o
                0x08004038                HAL_UART_ErrorCallback
 .text.HAL_UART_RxCpltCallback
                0x08004068       0x3c libraries\HAL_Drivers\drivers\drv_usart.o
                0x08004068                HAL_UART_RxCpltCallback
 .text.HAL_UART_RxHalfCpltCallback
                0x080040a4       0x3c libraries\HAL_Drivers\drivers\drv_usart.o
                0x080040a4                HAL_UART_RxHalfCpltCallback
 .text._dma_tx_complete
                0x080040e0       0x58 libraries\HAL_Drivers\drivers\drv_usart.o
 .text.HAL_UART_TxCpltCallback
                0x08004138       0x3c libraries\HAL_Drivers\drivers\drv_usart.o
                0x08004138                HAL_UART_TxCpltCallback
 .text.rt_hw_usart_init
                0x08004174      0x104 libraries\HAL_Drivers\drivers\drv_usart.o
                0x08004174                rt_hw_usart_init
 .text.__NVIC_SetPriority
                0x08004278       0x54 build\libraries\HAL_Drivers\drv_common.o
 .text.reboot   0x080042cc       0x18 build\libraries\HAL_Drivers\drv_common.o
 .text.rt_hw_systick_init
                0x080042e4       0x48 build\libraries\HAL_Drivers\drv_common.o
                0x080042e4                rt_hw_systick_init
 .text.SysTick_Handler
                0x0800432c       0x28 build\libraries\HAL_Drivers\drv_common.o
                0x0800432c                SysTick_Handler
 .text.HAL_GetTick
                0x08004354       0x24 build\libraries\HAL_Drivers\drv_common.o
                0x08004354                HAL_GetTick
 .text.HAL_IncTick
                0x08004378       0x24 build\libraries\HAL_Drivers\drv_common.o
                0x08004378                HAL_IncTick
 .text.HAL_InitTick
                0x0800439c       0x16 build\libraries\HAL_Drivers\drv_common.o
                0x0800439c                HAL_InitTick
 *fill*         0x080043b2        0x2 00000000
 .text._Error_Handler
                0x080043b4       0x30 build\libraries\HAL_Drivers\drv_common.o
                0x080043b4                _Error_Handler
 .text.rt_hw_board_init
                0x080043e4       0x38 build\libraries\HAL_Drivers\drv_common.o
                0x080043e4                rt_hw_board_init
 .text.Reset_Handler
                0x0800441c       0x50 libraries\STM32F4xx_HAL\CMSIS\Device\ST\STM32F4xx\Source\Templates\gcc\startup_stm32f407xx.o
                0x0800441c                Reset_Handler
 .text.Default_Handler
                0x0800446c        0x2 libraries\STM32F4xx_HAL\CMSIS\Device\ST\STM32F4xx\Source\Templates\gcc\startup_stm32f407xx.o
                0x0800446c                RTC_Alarm_IRQHandler
                0x0800446c                HASH_RNG_IRQHandler
                0x0800446c                TIM8_CC_IRQHandler
                0x0800446c                DebugMon_Handler
                0x0800446c                TIM1_CC_IRQHandler
                0x0800446c                DMA2_Stream5_IRQHandler
                0x0800446c                DMA1_Stream5_IRQHandler
                0x0800446c                PVD_IRQHandler
                0x0800446c                SDIO_IRQHandler
                0x0800446c                TAMP_STAMP_IRQHandler
                0x0800446c                NMI_Handler
                0x0800446c                CAN2_RX1_IRQHandler
                0x0800446c                TIM8_TRG_COM_TIM14_IRQHandler
                0x0800446c                TIM1_UP_TIM10_IRQHandler
                0x0800446c                TIM8_UP_TIM13_IRQHandler
                0x0800446c                I2C3_ER_IRQHandler
                0x0800446c                I2C2_EV_IRQHandler
                0x0800446c                DMA1_Stream2_IRQHandler
                0x0800446c                CAN1_RX0_IRQHandler
                0x0800446c                FPU_IRQHandler
                0x0800446c                OTG_HS_WKUP_IRQHandler
                0x0800446c                UsageFault_Handler
                0x0800446c                CAN2_SCE_IRQHandler
                0x0800446c                DMA2_Stream2_IRQHandler
                0x0800446c                SPI1_IRQHandler
                0x0800446c                TIM6_DAC_IRQHandler
                0x0800446c                TIM1_BRK_TIM9_IRQHandler
                0x0800446c                DCMI_IRQHandler
                0x0800446c                CAN2_RX0_IRQHandler
                0x0800446c                DMA2_Stream3_IRQHandler
                0x0800446c                USART6_IRQHandler
                0x0800446c                USART3_IRQHandler
                0x0800446c                CAN1_RX1_IRQHandler
                0x0800446c                UART5_IRQHandler
                0x0800446c                DMA2_Stream0_IRQHandler
                0x0800446c                TIM4_IRQHandler
                0x0800446c                I2C1_EV_IRQHandler
                0x0800446c                DMA1_Stream6_IRQHandler
                0x0800446c                DMA1_Stream1_IRQHandler
                0x0800446c                UART4_IRQHandler
                0x0800446c                TIM3_IRQHandler
                0x0800446c                RCC_IRQHandler
                0x0800446c                TIM8_BRK_TIM12_IRQHandler
                0x0800446c                Default_Handler
                0x0800446c                ADC_IRQHandler
                0x0800446c                DMA1_Stream7_IRQHandler
                0x0800446c                TIM7_IRQHandler
                0x0800446c                CAN2_TX_IRQHandler
                0x0800446c                TIM5_IRQHandler
                0x0800446c                DMA2_Stream7_IRQHandler
                0x0800446c                I2C3_EV_IRQHandler
                0x0800446c                RTC_WKUP_IRQHandler
                0x0800446c                ETH_WKUP_IRQHandler
                0x0800446c                SPI2_IRQHandler
                0x0800446c                OTG_HS_EP1_IN_IRQHandler
                0x0800446c                MemManage_Handler
                0x0800446c                DMA1_Stream0_IRQHandler
                0x0800446c                CAN1_TX_IRQHandler
                0x0800446c                SVC_Handler
                0x0800446c                FSMC_IRQHandler
                0x0800446c                ETH_IRQHandler
                0x0800446c                OTG_HS_EP1_OUT_IRQHandler
                0x0800446c                WWDG_IRQHandler
                0x0800446c                TIM2_IRQHandler
                0x0800446c                OTG_FS_WKUP_IRQHandler
                0x0800446c                TIM1_TRG_COM_TIM11_IRQHandler
                0x0800446c                OTG_HS_IRQHandler
                0x0800446c                USART2_IRQHandler
                0x0800446c                I2C2_ER_IRQHandler
                0x0800446c                DMA2_Stream1_IRQHandler
                0x0800446c                CAN1_SCE_IRQHandler
                0x0800446c                FLASH_IRQHandler
                0x0800446c                DMA2_Stream4_IRQHandler
                0x0800446c                BusFault_Handler
                0x0800446c                OTG_FS_IRQHandler
                0x0800446c                SPI3_IRQHandler
                0x0800446c                DMA1_Stream4_IRQHandler
                0x0800446c                I2C1_ER_IRQHandler
                0x0800446c                DMA2_Stream6_IRQHandler
                0x0800446c                DMA1_Stream3_IRQHandler
 *fill*         0x0800446e        0x2 00000000
 .text.SystemInit
                0x08004470       0x24 build\libraries\STM32F4xx_HAL\CMSIS\Device\ST\STM32F4xx\Source\Templates\system_stm32f4xx.o
                0x08004470                SystemInit
 .text.SystemCoreClockUpdate
                0x08004494      0x100 build\libraries\STM32F4xx_HAL\CMSIS\Device\ST\STM32F4xx\Source\Templates\system_stm32f4xx.o
                0x08004494                SystemCoreClockUpdate
 .text.HAL_Init
                0x08004594       0x44 build\libraries\STM32F4xx_HAL\STM32F4xx_HAL_Driver\Src\stm32f4xx_hal.o
                0x08004594                HAL_Init
 .text.__NVIC_SetPriorityGrouping
                0x080045d8       0x48 build\libraries\STM32F4xx_HAL\STM32F4xx_HAL_Driver\Src\stm32f4xx_hal_cortex.o
 .text.__NVIC_GetPriorityGrouping
                0x08004620       0x1c build\libraries\STM32F4xx_HAL\STM32F4xx_HAL_Driver\Src\stm32f4xx_hal_cortex.o
 .text.__NVIC_EnableIRQ
                0x0800463c       0x3c build\libraries\STM32F4xx_HAL\STM32F4xx_HAL_Driver\Src\stm32f4xx_hal_cortex.o
 .text.__NVIC_DisableIRQ
                0x08004678       0x48 build\libraries\STM32F4xx_HAL\STM32F4xx_HAL_Driver\Src\stm32f4xx_hal_cortex.o
 .text.__NVIC_SetPriority
                0x080046c0       0x54 build\libraries\STM32F4xx_HAL\STM32F4xx_HAL_Driver\Src\stm32f4xx_hal_cortex.o
 .text.NVIC_EncodePriority
                0x08004714       0x66 build\libraries\STM32F4xx_HAL\STM32F4xx_HAL_Driver\Src\stm32f4xx_hal_cortex.o
 *fill*         0x0800477a        0x2 00000000
 .text.SysTick_Config
                0x0800477c       0x44 build\libraries\STM32F4xx_HAL\STM32F4xx_HAL_Driver\Src\stm32f4xx_hal_cortex.o
 .text.HAL_NVIC_SetPriorityGrouping
                0x080047c0       0x16 build\libraries\STM32F4xx_HAL\STM32F4xx_HAL_Driver\Src\stm32f4xx_hal_cortex.o
                0x080047c0                HAL_NVIC_SetPriorityGrouping
 .text.HAL_NVIC_SetPriority
                0x080047d6       0x38 build\libraries\STM32F4xx_HAL\STM32F4xx_HAL_Driver\Src\stm32f4xx_hal_cortex.o
                0x080047d6                HAL_NVIC_SetPriority
 .text.HAL_NVIC_EnableIRQ
                0x0800480e       0x1c build\libraries\STM32F4xx_HAL\STM32F4xx_HAL_Driver\Src\stm32f4xx_hal_cortex.o
                0x0800480e                HAL_NVIC_EnableIRQ
 .text.HAL_NVIC_DisableIRQ
                0x0800482a       0x1c build\libraries\STM32F4xx_HAL\STM32F4xx_HAL_Driver\Src\stm32f4xx_hal_cortex.o
                0x0800482a                HAL_NVIC_DisableIRQ
 .text.HAL_SYSTICK_Config
                0x08004846       0x18 build\libraries\STM32F4xx_HAL\STM32F4xx_HAL_Driver\Src\stm32f4xx_hal_cortex.o
                0x08004846                HAL_SYSTICK_Config
 *fill*         0x0800485e        0x2 00000000
 .text.HAL_DMA_Init
                0x08004860      0x15c build\libraries\STM32F4xx_HAL\STM32F4xx_HAL_Driver\Src\stm32f4xx_hal_dma.o
                0x08004860                HAL_DMA_Init
 .text.HAL_DMA_DeInit
                0x080049bc       0xbc build\libraries\STM32F4xx_HAL\STM32F4xx_HAL_Driver\Src\stm32f4xx_hal_dma.o
                0x080049bc                HAL_DMA_DeInit
 .text.HAL_DMA_Start_IT
                0x08004a78       0xb0 build\libraries\STM32F4xx_HAL\STM32F4xx_HAL_Driver\Src\stm32f4xx_hal_dma.o
                0x08004a78                HAL_DMA_Start_IT
 .text.HAL_DMA_Abort
                0x08004b28       0xe0 build\libraries\STM32F4xx_HAL\STM32F4xx_HAL_Driver\Src\stm32f4xx_hal_dma.o
                0x08004b28                HAL_DMA_Abort
 .text.HAL_DMA_Abort_IT
                0x08004c08       0x44 build\libraries\STM32F4xx_HAL\STM32F4xx_HAL_Driver\Src\stm32f4xx_hal_dma.o
                0x08004c08                HAL_DMA_Abort_IT
 .text.DMA_SetConfig
                0x08004c4c       0x5c build\libraries\STM32F4xx_HAL\STM32F4xx_HAL_Driver\Src\stm32f4xx_hal_dma.o
 .text.DMA_CalcBaseAndBitshift
                0x08004ca8       0x6c build\libraries\STM32F4xx_HAL\STM32F4xx_HAL_Driver\Src\stm32f4xx_hal_dma.o
 .text.DMA_CheckFifoParam
                0x08004d14       0xf8 build\libraries\STM32F4xx_HAL\STM32F4xx_HAL_Driver\Src\stm32f4xx_hal_dma.o
 .text.HAL_GPIO_Init
                0x08004e0c      0x338 build\libraries\STM32F4xx_HAL\STM32F4xx_HAL_Driver\Src\stm32f4xx_hal_gpio.o
                0x08004e0c                HAL_GPIO_Init
 .text.HAL_GPIO_DeInit
                0x08005144      0x1f8 build\libraries\STM32F4xx_HAL\STM32F4xx_HAL_Driver\Src\stm32f4xx_hal_gpio.o
                0x08005144                HAL_GPIO_DeInit
 .text.HAL_GPIO_ReadPin
                0x0800533c       0x30 build\libraries\STM32F4xx_HAL\STM32F4xx_HAL_Driver\Src\stm32f4xx_hal_gpio.o
                0x0800533c                HAL_GPIO_ReadPin
 .text.HAL_GPIO_WritePin
                0x0800536c       0x32 build\libraries\STM32F4xx_HAL\STM32F4xx_HAL_Driver\Src\stm32f4xx_hal_gpio.o
                0x0800536c                HAL_GPIO_WritePin
 *fill*         0x0800539e        0x2 00000000
 .text.HAL_GPIO_EXTI_IRQHandler
                0x080053a0       0x30 build\libraries\STM32F4xx_HAL\STM32F4xx_HAL_Driver\Src\stm32f4xx_hal_gpio.o
                0x080053a0                HAL_GPIO_EXTI_IRQHandler
 .text.HAL_RCC_OscConfig
                0x080053d0      0x4f0 build\libraries\STM32F4xx_HAL\STM32F4xx_HAL_Driver\Src\stm32f4xx_hal_rcc.o
                0x080053d0                HAL_RCC_OscConfig
 .text.HAL_RCC_ClockConfig
                0x080058c0      0x1cc build\libraries\STM32F4xx_HAL\STM32F4xx_HAL_Driver\Src\stm32f4xx_hal_rcc.o
                0x080058c0                HAL_RCC_ClockConfig
 .text.HAL_RCC_GetSysClockFreq
                0x08005a8c      0x20c build\libraries\STM32F4xx_HAL\STM32F4xx_HAL_Driver\Src\stm32f4xx_hal_rcc.o
                0x08005a8c                HAL_RCC_GetSysClockFreq
 .text.HAL_RCC_GetHCLKFreq
                0x08005c98       0x18 build\libraries\STM32F4xx_HAL\STM32F4xx_HAL_Driver\Src\stm32f4xx_hal_rcc.o
                0x08005c98                HAL_RCC_GetHCLKFreq
 .text.HAL_RCC_GetPCLK1Freq
                0x08005cb0       0x28 build\libraries\STM32F4xx_HAL\STM32F4xx_HAL_Driver\Src\stm32f4xx_hal_rcc.o
                0x08005cb0                HAL_RCC_GetPCLK1Freq
 .text.HAL_RCC_GetPCLK2Freq
                0x08005cd8       0x28 build\libraries\STM32F4xx_HAL\STM32F4xx_HAL_Driver\Src\stm32f4xx_hal_rcc.o
                0x08005cd8                HAL_RCC_GetPCLK2Freq
 .text.HAL_RCC_GetClockConfig
                0x08005d00       0x64 build\libraries\STM32F4xx_HAL\STM32F4xx_HAL_Driver\Src\stm32f4xx_hal_rcc.o
                0x08005d00                HAL_RCC_GetClockConfig
 .text.HAL_RCCEx_PeriphCLKConfig
                0x08005d64      0x1c4 build\libraries\STM32F4xx_HAL\STM32F4xx_HAL_Driver\Src\stm32f4xx_hal_rcc_ex.o
                0x08005d64                HAL_RCCEx_PeriphCLKConfig
 .text.HAL_TIM_Base_Init
                0x08005f28       0x9e build\libraries\STM32F4xx_HAL\STM32F4xx_HAL_Driver\Src\stm32f4xx_hal_tim.o
                0x08005f28                HAL_TIM_Base_Init
 .text.HAL_TIM_PWM_Init
                0x08005fc6       0x9e build\libraries\STM32F4xx_HAL\STM32F4xx_HAL_Driver\Src\stm32f4xx_hal_tim.o
                0x08005fc6                HAL_TIM_PWM_Init
 .text.HAL_TIM_PWM_Start
                0x08006064      0x190 build\libraries\STM32F4xx_HAL\STM32F4xx_HAL_Driver\Src\stm32f4xx_hal_tim.o
                0x08006064                HAL_TIM_PWM_Start
 .text.HAL_TIM_PWM_Stop
                0x080061f4       0xe0 build\libraries\STM32F4xx_HAL\STM32F4xx_HAL_Driver\Src\stm32f4xx_hal_tim.o
                0x080061f4                HAL_TIM_PWM_Stop
 .text.HAL_TIM_PWM_ConfigChannel
                0x080062d4      0x184 build\libraries\STM32F4xx_HAL\STM32F4xx_HAL_Driver\Src\stm32f4xx_hal_tim.o
                0x080062d4                HAL_TIM_PWM_ConfigChannel
 .text.HAL_TIM_ConfigClockSource
                0x08006458      0x18e build\libraries\STM32F4xx_HAL\STM32F4xx_HAL_Driver\Src\stm32f4xx_hal_tim.o
                0x08006458                HAL_TIM_ConfigClockSource
 *fill*         0x080065e6        0x2 00000000
 .text.TIM_Base_SetConfig
                0x080065e8      0x140 build\libraries\STM32F4xx_HAL\STM32F4xx_HAL_Driver\Src\stm32f4xx_hal_tim.o
                0x080065e8                TIM_Base_SetConfig
 .text.TIM_OC1_SetConfig
                0x08006728       0xe0 build\libraries\STM32F4xx_HAL\STM32F4xx_HAL_Driver\Src\stm32f4xx_hal_tim.o
 .text.TIM_OC2_SetConfig
                0x08006808       0xec build\libraries\STM32F4xx_HAL\STM32F4xx_HAL_Driver\Src\stm32f4xx_hal_tim.o
                0x08006808                TIM_OC2_SetConfig
 .text.TIM_OC3_SetConfig
                0x080068f4       0xe8 build\libraries\STM32F4xx_HAL\STM32F4xx_HAL_Driver\Src\stm32f4xx_hal_tim.o
 .text.TIM_OC4_SetConfig
                0x080069dc       0xac build\libraries\STM32F4xx_HAL\STM32F4xx_HAL_Driver\Src\stm32f4xx_hal_tim.o
 .text.TIM_TI1_ConfigInputStage
                0x08006a88       0x5e build\libraries\STM32F4xx_HAL\STM32F4xx_HAL_Driver\Src\stm32f4xx_hal_tim.o
 .text.TIM_TI2_ConfigInputStage
                0x08006ae6       0x60 build\libraries\STM32F4xx_HAL\STM32F4xx_HAL_Driver\Src\stm32f4xx_hal_tim.o
 .text.TIM_ITRx_SetConfig
                0x08006b46       0x36 build\libraries\STM32F4xx_HAL\STM32F4xx_HAL_Driver\Src\stm32f4xx_hal_tim.o
 .text.TIM_ETR_SetConfig
                0x08006b7c       0x40 build\libraries\STM32F4xx_HAL\STM32F4xx_HAL_Driver\Src\stm32f4xx_hal_tim.o
                0x08006b7c                TIM_ETR_SetConfig
 .text.TIM_CCxChannelCmd
                0x08006bbc       0x4a build\libraries\STM32F4xx_HAL\STM32F4xx_HAL_Driver\Src\stm32f4xx_hal_tim.o
                0x08006bbc                TIM_CCxChannelCmd
 *fill*         0x08006c06        0x2 00000000
 .text.HAL_TIMEx_PWMN_Start
                0x08006c08      0x174 build\libraries\STM32F4xx_HAL\STM32F4xx_HAL_Driver\Src\stm32f4xx_hal_tim_ex.o
                0x08006c08                HAL_TIMEx_PWMN_Start
 .text.HAL_TIMEx_PWMN_Stop
                0x08006d7c       0xba build\libraries\STM32F4xx_HAL\STM32F4xx_HAL_Driver\Src\stm32f4xx_hal_tim_ex.o
                0x08006d7c                HAL_TIMEx_PWMN_Stop
 *fill*         0x08006e36        0x2 00000000
 .text.HAL_TIMEx_MasterConfigSynchronization
                0x08006e38       0xf8 build\libraries\STM32F4xx_HAL\STM32F4xx_HAL_Driver\Src\stm32f4xx_hal_tim_ex.o
                0x08006e38                HAL_TIMEx_MasterConfigSynchronization
 .text.TIM_CCxNChannelCmd
                0x08006f30       0x4a build\libraries\STM32F4xx_HAL\STM32F4xx_HAL_Driver\Src\stm32f4xx_hal_tim_ex.o
 .text.HAL_UART_Init
                0x08006f7a       0x9a build\libraries\STM32F4xx_HAL\STM32F4xx_HAL_Driver\Src\stm32f4xx_hal_uart.o
                0x08006f7a                HAL_UART_Init
 .text.HAL_UART_DeInit
                0x08007014       0x5e build\libraries\STM32F4xx_HAL\STM32F4xx_HAL_Driver\Src\stm32f4xx_hal_uart.o
                0x08007014                HAL_UART_DeInit
 *fill*         0x08007072        0x2 00000000
 .text.HAL_UART_Transmit_DMA
                0x08007074       0xfc build\libraries\STM32F4xx_HAL\STM32F4xx_HAL_Driver\Src\stm32f4xx_hal_uart.o
                0x08007074                HAL_UART_Transmit_DMA
 .text.HAL_UART_Receive_DMA
                0x08007170       0x60 build\libraries\STM32F4xx_HAL\STM32F4xx_HAL_Driver\Src\stm32f4xx_hal_uart.o
                0x08007170                HAL_UART_Receive_DMA
 .text.HAL_UART_IRQHandler
                0x080071d0      0x51c build\libraries\STM32F4xx_HAL\STM32F4xx_HAL_Driver\Src\stm32f4xx_hal_uart.o
                0x080071d0                HAL_UART_IRQHandler
 .text.HAL_UART_TxHalfCpltCallback
                0x080076ec       0x14 build\libraries\STM32F4xx_HAL\STM32F4xx_HAL_Driver\Src\stm32f4xx_hal_uart.o
                0x080076ec                HAL_UART_TxHalfCpltCallback
 .text.HAL_UARTEx_RxEventCallback
                0x08007700       0x18 build\libraries\STM32F4xx_HAL\STM32F4xx_HAL_Driver\Src\stm32f4xx_hal_uart.o
                0x08007700                HAL_UARTEx_RxEventCallback
 .text.UART_DMATransmitCplt
                0x08007718       0x9a build\libraries\STM32F4xx_HAL\STM32F4xx_HAL_Driver\Src\stm32f4xx_hal_uart.o
 .text.UART_DMATxHalfCplt
                0x080077b2       0x1c build\libraries\STM32F4xx_HAL\STM32F4xx_HAL_Driver\Src\stm32f4xx_hal_uart.o
 .text.UART_DMAReceiveCplt
                0x080077ce      0x126 build\libraries\STM32F4xx_HAL\STM32F4xx_HAL_Driver\Src\stm32f4xx_hal_uart.o
 .text.UART_DMARxHalfCplt
                0x080078f4       0x36 build\libraries\STM32F4xx_HAL\STM32F4xx_HAL_Driver\Src\stm32f4xx_hal_uart.o
 .text.UART_DMAError
                0x0800792a       0x94 build\libraries\STM32F4xx_HAL\STM32F4xx_HAL_Driver\Src\stm32f4xx_hal_uart.o
 *fill*         0x080079be        0x2 00000000
 .text.UART_Start_Receive_DMA
                0x080079c0      0x134 build\libraries\STM32F4xx_HAL\STM32F4xx_HAL_Driver\Src\stm32f4xx_hal_uart.o
                0x080079c0                UART_Start_Receive_DMA
 .text.UART_EndTxTransfer
                0x08007af4       0x50 build\libraries\STM32F4xx_HAL\STM32F4xx_HAL_Driver\Src\stm32f4xx_hal_uart.o
 .text.UART_EndRxTransfer
                0x08007b44       0xc6 build\libraries\STM32F4xx_HAL\STM32F4xx_HAL_Driver\Src\stm32f4xx_hal_uart.o
 .text.UART_DMAAbortOnError
                0x08007c0a       0x28 build\libraries\STM32F4xx_HAL\STM32F4xx_HAL_Driver\Src\stm32f4xx_hal_uart.o
 .text.UART_Transmit_IT
                0x08007c32       0xa0 build\libraries\STM32F4xx_HAL\STM32F4xx_HAL_Driver\Src\stm32f4xx_hal_uart.o
 .text.UART_EndTransmit_IT
                0x08007cd2       0x30 build\libraries\STM32F4xx_HAL\STM32F4xx_HAL_Driver\Src\stm32f4xx_hal_uart.o
 .text.UART_Receive_IT
                0x08007d02      0x176 build\libraries\STM32F4xx_HAL\STM32F4xx_HAL_Driver\Src\stm32f4xx_hal_uart.o
 .text.UART_SetConfig
                0x08007e78      0x4e8 build\libraries\STM32F4xx_HAL\STM32F4xx_HAL_Driver\Src\stm32f4xx_hal_uart.o
 .text.__libc_init_array
                0x08008360        0xe build\kernel\components\libc\compilers\newlib\syscalls.o
                0x08008360                __libc_init_array
 .text.__errno  0x0800836e        0xe build\kernel\components\libc\compilers\newlib\syscalls.o
                0x0800836e                __errno
 .text.rt_hw_atomic_load
                0x0800837c       0x3e build\kernel\libcpu\arm\common\atomic_arm.o
                0x0800837c                rt_hw_atomic_load
 .text.rt_hw_atomic_add
                0x080083ba       0x44 build\kernel\libcpu\arm\common\atomic_arm.o
                0x080083ba                rt_hw_atomic_add
 .text.rt_hw_atomic_sub
                0x080083fe       0x44 build\kernel\libcpu\arm\common\atomic_arm.o
                0x080083fe                rt_hw_atomic_sub
 *fill*         0x08008442        0x2 00000000
 .text.rt_hw_stack_init
                0x08008444       0x90 build\kernel\libcpu\arm\cortex-m4\cpuport.o
                0x08008444                rt_hw_stack_init
 .text.usage_fault_track
                0x080084d4       0xc4 build\kernel\libcpu\arm\cortex-m4\cpuport.o
 .text.bus_fault_track
                0x08008598       0xcc build\kernel\libcpu\arm\cortex-m4\cpuport.o
 .text.mem_manage_fault_track
                0x08008664       0xb4 build\kernel\libcpu\arm\cortex-m4\cpuport.o
 .text.hard_fault_track
                0x08008718       0x78 build\kernel\libcpu\arm\cortex-m4\cpuport.o
 .text.rt_hw_hard_fault_exception
                0x08008790      0x184 build\kernel\libcpu\arm\cortex-m4\cpuport.o
                0x08008790                rt_hw_hard_fault_exception
 .text.rt_hw_cpu_reset
                0x08008914       0x1c build\kernel\libcpu\arm\cortex-m4\cpuport.o
                0x08008914                rt_hw_cpu_reset
 .text.__rt_ffs
                0x08008930       0x2a build\kernel\libcpu\arm\cortex-m4\cpuport.o
                0x08008930                __rt_ffs
 .text.rt_device_register
                0x0800895a       0x54 build\kernel\components\drivers\core\device.o
                0x0800895a                rt_device_register
 .text.rt_device_find
                0x080089ae       0x1a build\kernel\components\drivers\core\device.o
                0x080089ae                rt_device_find
 .text.rt_device_open
                0x080089c8      0x150 build\kernel\components\drivers\core\device.o
                0x080089c8                rt_device_open
 .text.rt_device_close
                0x08008b18       0x9c build\kernel\components\drivers\core\device.o
                0x08008b18                rt_device_close
 .text.rt_device_read
                0x08008bb4       0x88 build\kernel\components\drivers\core\device.o
                0x08008bb4                rt_device_read
 .text.rt_device_write
                0x08008c3c       0x88 build\kernel\components\drivers\core\device.o
                0x08008c3c                rt_device_write
 .text.rt_device_control
                0x08008cc4       0x68 build\kernel\components\drivers\core\device.o
                0x08008cc4                rt_device_control
 .text.rt_device_set_rx_indicate
                0x08008d2c       0x54 build\kernel\components\drivers\core\device.o
                0x08008d2c                rt_device_set_rx_indicate
 .text.rt_completion_done
                0x08008d80       0x1a build\kernel\components\drivers\ipc\completion_comm.o
                0x08008d80                rt_completion_done
 .text.rt_completion_wait
                0x08008d9a       0x1e build\kernel\components\drivers\ipc\completion_comm.o
                0x08008d9a                rt_completion_wait
 .text.rt_completion_init
                0x08008db8       0x30 build\kernel\components\drivers\ipc\completion_up.o
                0x08008db8                rt_completion_init
 .text.rt_completion_wait_flags
                0x08008de8      0x19c build\kernel\components\drivers\ipc\completion_up.o
                0x08008de8                rt_completion_wait_flags
 .text.rt_completion_wakeup_by_errno
                0x08008f84       0x98 build\kernel\components\drivers\ipc\completion_up.o
                0x08008f84                rt_completion_wakeup_by_errno
 .text.rt_list_init
                0x0800901c       0x22 build\kernel\components\drivers\ipc\dataqueue.o
 *fill*         0x0800903e        0x2 00000000
 .text.rt_data_queue_init
                0x08009040       0xc8 build\kernel\components\drivers\ipc\dataqueue.o
                0x08009040                rt_data_queue_init
 .text.rt_data_queue_push
                0x08009108      0x234 build\kernel\components\drivers\ipc\dataqueue.o
                0x08009108                rt_data_queue_push
 .text.rt_data_queue_pop
                0x0800933c      0x294 build\kernel\components\drivers\ipc\dataqueue.o
                0x0800933c                rt_data_queue_pop
 .text.rt_data_queue_peek
                0x080095d0       0xac build\kernel\components\drivers\ipc\dataqueue.o
                0x080095d0                rt_data_queue_peek
 .text.rt_data_queue_reset
                0x0800967c       0xb8 build\kernel\components\drivers\ipc\dataqueue.o
                0x0800967c                rt_data_queue_reset
 .text.rt_data_queue_deinit
                0x08009734       0x78 build\kernel\components\drivers\ipc\dataqueue.o
                0x08009734                rt_data_queue_deinit
 .text.rt_data_queue_len
                0x080097ac       0xcc build\kernel\components\drivers\ipc\dataqueue.o
                0x080097ac                rt_data_queue_len
 .text._pwm_control
                0x08009878       0x64 build\kernel\components\drivers\misc\rt_drv_pwm.o
 .text._pwm_read
                0x080098dc       0x6e build\kernel\components\drivers\misc\rt_drv_pwm.o
 .text._pwm_write
                0x0800994a       0x8c build\kernel\components\drivers\misc\rt_drv_pwm.o
 *fill*         0x080099d6        0x2 00000000
 .text.rt_device_pwm_register
                0x080099d8       0x78 build\kernel\components\drivers\misc\rt_drv_pwm.o
                0x080099d8                rt_device_pwm_register
 .text.rt_pwm_enable
                0x08009a50       0x7e build\kernel\components\drivers\misc\rt_drv_pwm.o
                0x08009a50                rt_pwm_enable
 .text.rt_pwm_disable
                0x08009ace       0x7e build\kernel\components\drivers\misc\rt_drv_pwm.o
                0x08009ace                rt_pwm_disable
 .text.rt_pwm_set
                0x08009b4c       0x5e build\kernel\components\drivers\misc\rt_drv_pwm.o
                0x08009b4c                rt_pwm_set
 .text.rt_pwm_set_dead_time
                0x08009baa       0x58 build\kernel\components\drivers\misc\rt_drv_pwm.o
                0x08009baa                rt_pwm_set_dead_time
 .text.rt_pwm_set_phase
                0x08009c02       0x58 build\kernel\components\drivers\misc\rt_drv_pwm.o
                0x08009c02                rt_pwm_set_phase
 .text.rt_pwm_get
                0x08009c5a       0x34 build\kernel\components\drivers\misc\rt_drv_pwm.o
 *fill*         0x08009c8e        0x2 00000000
 .text.pwm_list
                0x08009c90      0x414 build\kernel\components\drivers\misc\rt_drv_pwm.o
 .text._pin_read
                0x0800a0a4       0x60 build\kernel\components\drivers\pin\pin.o
 .text._pin_write
                0x0800a104       0x5c build\kernel\components\drivers\pin\pin.o
 .text._pin_control
                0x0800a160       0x54 build\kernel\components\drivers\pin\pin.o
 .text.rt_device_pin_register
                0x0800a1b4       0x74 build\kernel\components\drivers\pin\pin.o
                0x0800a1b4                rt_device_pin_register
 .text.rt_pin_mode
                0x0800a228       0x40 build\kernel\components\drivers\pin\pin.o
                0x0800a228                rt_pin_mode
 .text.rt_pin_write
                0x0800a268       0x40 build\kernel\components\drivers\pin\pin.o
                0x0800a268                rt_pin_write
 .text.rt_pin_read
                0x0800a2a8       0x3c build\kernel\components\drivers\pin\pin.o
                0x0800a2a8                rt_pin_read
 .text.rt_pin_get
                0x0800a2e4       0x4c build\kernel\components\drivers\pin\pin.o
                0x0800a2e4                rt_pin_get
 .text._pin_cmd_conv
                0x0800a330       0x18 build\kernel\components\drivers\pin\pin.o
 .text._pin_cmd_print_usage
                0x0800a348       0x78 build\kernel\components\drivers\pin\pin.o
 .text._pin_cmd_get
                0x0800a3c0       0x5c build\kernel\components\drivers\pin\pin.o
 .text._pin_cmd_mode
                0x0800a41c      0x110 build\kernel\components\drivers\pin\pin.o
 .text._pin_cmd_read
                0x0800a52c       0x94 build\kernel\components\drivers\pin\pin.o
 .text._pin_cmd_write
                0x0800a5c0       0xe4 build\kernel\components\drivers\pin\pin.o
 .text._pin_cmd
                0x0800a6a4       0xac build\kernel\components\drivers\pin\pin.o
 .text._serial_poll_rx
                0x0800a750       0x80 build\kernel\components\drivers\serial\serial.o
 .text._serial_poll_tx
                0x0800a7d0       0x88 build\kernel\components\drivers\serial\serial.o
 .text._serial_int_rx
                0x0800a858       0xec build\kernel\components\drivers\serial\serial.o
 .text._serial_int_tx
                0x0800a944       0xc4 build\kernel\components\drivers\serial\serial.o
 .text._serial_check_buffer_size
                0x0800aa08       0x38 build\kernel\components\drivers\serial\serial.o
 .text._serial_fifo_calc_recved_len
                0x0800aa40       0x88 build\kernel\components\drivers\serial\serial.o
 .text.rt_dma_calc_recved_len
                0x0800aac8       0x18 build\kernel\components\drivers\serial\serial.o
 .text.rt_dma_recv_update_get_index
                0x0800aae0       0xa8 build\kernel\components\drivers\serial\serial.o
 .text.rt_dma_recv_update_put_index
                0x0800ab88       0xf8 build\kernel\components\drivers\serial\serial.o
 .text._serial_dma_rx
                0x0800ac80      0x1ac build\kernel\components\drivers\serial\serial.o
 .text._serial_dma_tx
                0x0800ae2c       0x82 build\kernel\components\drivers\serial\serial.o
 *fill*         0x0800aeae        0x2 00000000
 .text.rt_serial_init
                0x0800aeb0       0x6c build\kernel\components\drivers\serial\serial.o
 .text.rt_serial_open
                0x0800af1c      0x370 build\kernel\components\drivers\serial\serial.o
 .text.rt_serial_close
                0x0800b28c      0x1e0 build\kernel\components\drivers\serial\serial.o
 .text.rt_serial_read
                0x0800b46c       0x84 build\kernel\components\drivers\serial\serial.o
 .text.rt_serial_write
                0x0800b4f0       0x84 build\kernel\components\drivers\serial\serial.o
 .text.rt_serial_control
                0x0800b574      0x120 build\kernel\components\drivers\serial\serial.o
 .text.rt_hw_serial_register
                0x0800b694       0xa4 build\kernel\components\drivers\serial\serial.o
                0x0800b694                rt_hw_serial_register
 .text.rt_hw_serial_isr
                0x0800b738      0x298 build\kernel\components\drivers\serial\serial.o
                0x0800b738                rt_hw_serial_isr
 .text.rt_list_isempty
                0x0800b9d0       0x24 build\kernel\components\finsh\cmd.o
 .text.rt_list_len
                0x0800b9f4       0x36 build\kernel\components\finsh\cmd.o
 *fill*         0x0800ba2a        0x2 00000000
 .text.clear    0x0800ba2c       0x14 build\kernel\components\finsh\cmd.o
 .text.version  0x0800ba40        0xe build\kernel\components\finsh\cmd.o
 *fill*         0x0800ba4e        0x2 00000000
 .text.object_split
                0x0800ba50       0x28 build\kernel\components\finsh\cmd.o
 .text.list_find_init
                0x0800ba78       0x46 build\kernel\components\finsh\cmd.o
 .text.list_get_next
                0x0800babe       0xd8 build\kernel\components\finsh\cmd.o
 *fill*         0x0800bb96        0x2 00000000
 .text.list_thread
                0x0800bb98      0x264 build\kernel\components\finsh\cmd.o
                0x0800bb98                list_thread
 .text.list_sem
                0x0800bdfc      0x13c build\kernel\components\finsh\cmd.o
                0x0800bdfc                list_sem
 .text.list_event
                0x0800bf38      0x12c build\kernel\components\finsh\cmd.o
                0x0800bf38                list_event
 .text.list_mutex
                0x0800c064      0x170 build\kernel\components\finsh\cmd.o
                0x0800c064                list_mutex
 .text.list_mailbox
                0x0800c1d4      0x14c build\kernel\components\finsh\cmd.o
                0x0800c1d4                list_mailbox
 .text.list_msgqueue
                0x0800c320      0x13c build\kernel\components\finsh\cmd.o
                0x0800c320                list_msgqueue
 .text.list_mempool
                0x0800c45c      0x154 build\kernel\components\finsh\cmd.o
                0x0800c45c                list_mempool
 .text.list_timer
                0x0800c5b0      0x13c build\kernel\components\finsh\cmd.o
                0x0800c5b0                list_timer
 .text.list_device
                0x0800c6ec      0x114 build\kernel\components\finsh\cmd.o
                0x0800c6ec                list_device
 .text.cmd_list
                0x0800c800       0xb8 build\kernel\components\finsh\cmd.o
 .text.msh_help
                0x0800c8b8       0x5c build\kernel\components\finsh\msh.o
 .text.cmd_ps   0x0800c914       0x18 build\kernel\components\finsh\msh.o
 .text.cmd_free
                0x0800c92c       0x70 build\kernel\components\finsh\msh.o
 .text.msh_split
                0x0800c99c      0x170 build\kernel\components\finsh\msh.o
 .text.msh_get_cmd
                0x0800cb0c       0x64 build\kernel\components\finsh\msh.o
 .text._msh_exec_cmd
                0x0800cb70       0xd4 build\kernel\components\finsh\msh.o
 .text.msh_exec
                0x0800cc44       0xa4 build\kernel\components\finsh\msh.o
                0x0800cc44                msh_exec
 .text.str_common
                0x0800cce8       0x4a build\kernel\components\finsh\msh.o
 *fill*         0x0800cd32        0x2 00000000
 .text.msh_auto_complete
                0x0800cd34       0xb0 build\kernel\components\finsh\msh.o
                0x0800cd34                msh_auto_complete
 .text.msh_get_cmd_opt
                0x0800cde4       0x84 build\kernel\components\finsh\msh.o
 .text.msh_get_argc
                0x0800ce68       0x5a build\kernel\components\finsh\msh.o
 *fill*         0x0800cec2        0x2 00000000
 .text.msh_opt_complete
                0x0800cec4       0xac build\kernel\components\finsh\msh.o
 .text.msh_opt_help
                0x0800cf70       0x44 build\kernel\components\finsh\msh.o
 .text.msh_opt_auto_complete
                0x0800cfb4       0x9a build\kernel\components\finsh\msh.o
                0x0800cfb4                msh_opt_auto_complete
 .text.msh_cmd_opt_id_get
                0x0800d04e       0x5a build\kernel\components\finsh\msh.o
                0x0800d04e                msh_cmd_opt_id_get
 .text.msh_opt_list_dump
                0x0800d0a8       0x40 build\kernel\components\finsh\msh.o
                0x0800d0a8                msh_opt_list_dump
 .text.msh_isint
                0x0800d0e8       0x6c build\kernel\components\finsh\msh_parse.o
                0x0800d0e8                msh_isint
 .text.finsh_get_prompt
                0x0800d154       0x88 build\kernel\components\finsh\shell.o
                0x0800d154                finsh_get_prompt
 .text.finsh_set_prompt_mode
                0x0800d1dc       0x48 build\kernel\components\finsh\shell.o
                0x0800d1dc                finsh_set_prompt_mode
 .text.finsh_getchar
                0x0800d224       0x90 build\kernel\components\finsh\shell.o
                0x0800d224                finsh_getchar
 .text.finsh_rx_ind
                0x0800d2b4       0x3c build\kernel\components\finsh\shell.o
 .text.finsh_set_device
                0x0800d2f0       0xd8 build\kernel\components\finsh\shell.o
                0x0800d2f0                finsh_set_device
 .text.shell_auto_complete
                0x0800d3c8       0x3c build\kernel\components\finsh\shell.o
 .text.shell_handle_history
                0x0800d404       0x34 build\kernel\components\finsh\shell.o
 .text.shell_push_history
                0x0800d438      0x15e build\kernel\components\finsh\shell.o
 *fill*         0x0800d596        0x2 00000000
 .text.finsh_thread_entry
                0x0800d598      0x5e0 build\kernel\components\finsh\shell.o
 .text.finsh_system_function_init
                0x0800db78       0x2c build\kernel\components\finsh\shell.o
 .text.finsh_system_init
                0x0800dba4       0x9c build\kernel\components\finsh\shell.o
                0x0800dba4                finsh_system_init
 .text.rt_tick_get
                0x0800dc40       0x14 build\kernel\src\clock.o
                0x0800dc40                rt_tick_get
 .text.rt_tick_increase
                0x0800dc54       0x4c build\kernel\src\clock.o
                0x0800dc54                rt_tick_increase
 .text.rt_tick_from_millisecond
                0x0800dca0       0x78 build\kernel\src\clock.o
                0x0800dca0                rt_tick_from_millisecond
 .text.rti_start
                0x0800dd18       0x10 build\kernel\src\components.o
 .text.rti_board_start
                0x0800dd28       0x10 build\kernel\src\components.o
 .text.rti_board_end
                0x0800dd38       0x10 build\kernel\src\components.o
 .text.rti_end  0x0800dd48       0x10 build\kernel\src\components.o
 .text.rt_components_board_init
                0x0800dd58       0x34 build\kernel\src\components.o
                0x0800dd58                rt_components_board_init
 .text.rt_components_init
                0x0800dd8c       0x34 build\kernel\src\components.o
                0x0800dd8c                rt_components_init
 .text.entry    0x0800ddc0        0xe build\kernel\src\components.o
                0x0800ddc0                entry
 .text.main_thread_entry
                0x0800ddce       0x18 build\kernel\src\components.o
 *fill*         0x0800dde6        0x2 00000000
 .text.rt_application_init
                0x0800dde8       0x4c build\kernel\src\components.o
                0x0800dde8                rt_application_init
 .text.rtthread_startup
                0x0800de34       0x2e build\kernel\src\components.o
                0x0800de34                rtthread_startup
 .text.rt_spin_lock_init
                0x0800de62       0x14 build\kernel\src\cpu_up.o
                0x0800de62                rt_spin_lock_init
 .text.rt_spin_lock
                0x0800de76       0x14 build\kernel\src\cpu_up.o
                0x0800de76                rt_spin_lock
 .text.rt_spin_unlock
                0x0800de8a       0x1a build\kernel\src\cpu_up.o
                0x0800de8a                rt_spin_unlock
 .text.rt_spin_lock_irqsave
                0x0800dea4       0x1c build\kernel\src\cpu_up.o
                0x0800dea4                rt_spin_lock_irqsave
 .text.rt_spin_unlock_irqrestore
                0x0800dec0       0x22 build\kernel\src\cpu_up.o
                0x0800dec0                rt_spin_unlock_irqrestore
 *fill*         0x0800dee2        0x2 00000000
 .text.rt_cpu_self
                0x0800dee4       0x14 build\kernel\src\cpu_up.o
                0x0800dee4                rt_cpu_self
 .text.rt_cpu_index
                0x0800def8       0x24 build\kernel\src\cpu_up.o
                0x0800def8                rt_cpu_index
 .text.rt_list_insert_after
                0x0800df1c       0x32 build\kernel\src\idle.o
 .text.rt_list_remove
                0x0800df4e       0x36 build\kernel\src\idle.o
 .text.rt_thread_defunct_enqueue
                0x0800df84       0x34 build\kernel\src\idle.o
                0x0800df84                rt_thread_defunct_enqueue
 .text.rt_thread_defunct_dequeue
                0x0800dfb8       0x44 build\kernel\src\idle.o
                0x0800dfb8                rt_thread_defunct_dequeue
 .text.rt_defunct_execute
                0x0800dffc       0x5a build\kernel\src\idle.o
 *fill*         0x0800e056        0x2 00000000
 .text.idle_thread_entry
                0x0800e058       0x38 build\kernel\src\idle.o
 .text.rt_thread_idle_init
                0x0800e090       0x98 build\kernel\src\idle.o
                0x0800e090                rt_thread_idle_init
 .text.rt_list_init
                0x0800e128       0x22 build\kernel\src\ipc.o
 .text.rt_list_insert_after
                0x0800e14a       0x32 build\kernel\src\ipc.o
 .text.rt_list_insert_before
                0x0800e17c       0x32 build\kernel\src\ipc.o
 .text.rt_list_remove
                0x0800e1ae       0x36 build\kernel\src\ipc.o
 .text.rt_list_isempty
                0x0800e1e4       0x24 build\kernel\src\ipc.o
 .text._ipc_object_init
                0x0800e208       0x1c build\kernel\src\ipc.o
 .text.rt_susp_list_dequeue
                0x0800e224       0x78 build\kernel\src\ipc.o
                0x0800e224                rt_susp_list_dequeue
 .text.rt_susp_list_resume_all
                0x0800e29c       0x30 build\kernel\src\ipc.o
                0x0800e29c                rt_susp_list_resume_all
 .text.rt_susp_list_resume_all_irq
                0x0800e2cc       0x36 build\kernel\src\ipc.o
                0x0800e2cc                rt_susp_list_resume_all_irq
 *fill*         0x0800e302        0x2 00000000
 .text.rt_susp_list_enqueue
                0x0800e304       0xa8 build\kernel\src\ipc.o
                0x0800e304                rt_susp_list_enqueue
 .text.rt_susp_list_print
                0x0800e3ac       0x64 build\kernel\src\ipc.o
                0x0800e3ac                rt_susp_list_print
 .text._sem_object_init
                0x0800e410       0x46 build\kernel\src\ipc.o
 *fill*         0x0800e456        0x2 00000000
 .text.rt_sem_init
                0x0800e458       0x84 build\kernel\src\ipc.o
                0x0800e458                rt_sem_init
 .text.rt_sem_create
                0x0800e4dc       0x9c build\kernel\src\ipc.o
                0x0800e4dc                rt_sem_create
 .text.rt_sem_delete
                0x0800e578       0xc0 build\kernel\src\ipc.o
                0x0800e578                rt_sem_delete
 .text._rt_sem_take
                0x0800e638      0x1a8 build\kernel\src\ipc.o
 .text.rt_sem_take
                0x0800e7e0       0x1e build\kernel\src\ipc.o
                0x0800e7e0                rt_sem_take
 *fill*         0x0800e7fe        0x2 00000000
 .text.rt_sem_release
                0x0800e800       0xd4 build\kernel\src\ipc.o
                0x0800e800                rt_sem_release
 .text._mutex_update_priority
                0x0800e8d4       0x42 build\kernel\src\ipc.o
 .text._thread_get_mutex_priority
                0x0800e916       0x62 build\kernel\src\ipc.o
 .text._thread_update_priority
                0x0800e978       0xd0 build\kernel\src\ipc.o
 .text._check_and_update_prio
                0x0800ea48       0x4e build\kernel\src\ipc.o
 *fill*         0x0800ea96        0x2 00000000
 .text.rt_mutex_init
                0x0800ea98       0x78 build\kernel\src\ipc.o
                0x0800ea98                rt_mutex_init
 .text.rt_mutex_create
                0x0800eb10       0x90 build\kernel\src\ipc.o
                0x0800eb10                rt_mutex_create
 .text._rt_mutex_take
                0x0800eba0      0x368 build\kernel\src\ipc.o
 .text.rt_mutex_take
                0x0800ef08       0x1e build\kernel\src\ipc.o
                0x0800ef08                rt_mutex_take
 *fill*         0x0800ef26        0x2 00000000
 .text.rt_mutex_release
                0x0800ef28      0x214 build\kernel\src\ipc.o
                0x0800ef28                rt_mutex_release
 .text.rt_mb_init
                0x0800f13c       0x9c build\kernel\src\ipc.o
                0x0800f13c                rt_mb_init
 .text.rt_mb_detach
                0x0800f1d8       0xa0 build\kernel\src\ipc.o
                0x0800f1d8                rt_mb_detach
 .text._rt_mb_send_wait
                0x0800f278      0x274 build\kernel\src\ipc.o
 .text.rt_mb_send_wait
                0x0800f4ec       0x22 build\kernel\src\ipc.o
                0x0800f4ec                rt_mb_send_wait
 .text.rt_mb_send
                0x0800f50e       0x1e build\kernel\src\ipc.o
                0x0800f50e                rt_mb_send
 .text._rt_mb_recv
                0x0800f52c      0x284 build\kernel\src\ipc.o
 .text.rt_mb_recv
                0x0800f7b0       0x22 build\kernel\src\ipc.o
                0x0800f7b0                rt_mb_recv
 *fill*         0x0800f7d2        0x2 00000000
 .text.rt_mq_init
                0x0800f7d4      0x108 build\kernel\src\ipc.o
                0x0800f7d4                rt_mq_init
 .text.rt_mq_detach
                0x0800f8dc       0xa0 build\kernel\src\ipc.o
                0x0800f8dc                rt_mq_detach
 .text._rt_mq_send_wait
                0x0800f97c      0x2e4 build\kernel\src\ipc.o
 .text.rt_mq_send_wait
                0x0800fc60       0x2c build\kernel\src\ipc.o
                0x0800fc60                rt_mq_send_wait
 .text.rt_mq_send
                0x0800fc8c       0x22 build\kernel\src\ipc.o
                0x0800fc8c                rt_mq_send
 *fill*         0x0800fcae        0x2 00000000
 .text.rt_mq_urgent
                0x0800fcb0      0x184 build\kernel\src\ipc.o
                0x0800fcb0                rt_mq_urgent
 .text._rt_mq_recv
                0x0800fe34      0x2ec build\kernel\src\ipc.o
 .text.rt_mq_recv
                0x08010120       0x2c build\kernel\src\ipc.o
                0x08010120                rt_mq_recv
 .text.rt_interrupt_enter
                0x0801014c       0x28 build\kernel\src\irq.o
                0x0801014c                rt_interrupt_enter
 .text.rt_interrupt_leave
                0x08010174       0x28 build\kernel\src\irq.o
                0x08010174                rt_interrupt_leave
 .text.rt_interrupt_get_nest
                0x0801019c       0x2c build\kernel\src\irq.o
                0x0801019c                rt_interrupt_get_nest
 .text.divide   0x080101c8       0x38 build\kernel\src\klibc\kstdio.o
 .text.skip_atoi
                0x08010200       0x46 build\kernel\src\klibc\kstdio.o
 *fill*         0x08010246        0x2 00000000
 .text.print_number
                0x08010248      0x344 build\kernel\src\klibc\kstdio.o
 .text.rt_vsnprintf
                0x0801058c      0x628 build\kernel\src\klibc\kstdio.o
                0x0801058c                rt_vsnprintf
 .text.rt_snprintf
                0x08010bb4       0x34 build\kernel\src\klibc\kstdio.o
                0x08010bb4                rt_snprintf
 .text.rt_strerror
                0x08010be8       0x5c build\kernel\src\klibc\kstdio.o
                0x08010be8                rt_strerror
 .text.rt_set_errno
                0x08010c44       0x44 build\kernel\src\klibc\kstdio.o
                0x08010c44                rt_set_errno
 .text._rt_errno
                0x08010c88       0x38 build\kernel\src\klibc\kstdio.o
                0x08010c88                _rt_errno
 .text.rt_memset
                0x08010cc0       0xc8 build\kernel\src\klibc\kstring.o
                0x08010cc0                rt_memset
 .text.rt_memcpy
                0x08010d88       0xda build\kernel\src\klibc\kstring.o
                0x08010d88                rt_memcpy
 .text.rt_memmove
                0x08010e62       0x82 build\kernel\src\klibc\kstring.o
                0x08010e62                rt_memmove
 .text.rt_strncpy
                0x08010ee4       0x64 build\kernel\src\klibc\kstring.o
                0x08010ee4                rt_strncpy
 .text.rt_strncmp
                0x08010f48       0x54 build\kernel\src\klibc\kstring.o
                0x08010f48                rt_strncmp
 .text.rt_strcmp
                0x08010f9c       0x44 build\kernel\src\klibc\kstring.o
                0x08010f9c                rt_strcmp
 .text.rt_strlen
                0x08010fe0       0x32 build\kernel\src\klibc\kstring.o
                0x08010fe0                rt_strlen
 *fill*         0x08011012        0x2 00000000
 .text.rt_hw_backtrace_frame_get
                0x08011014       0x3c build\kernel\src\kservice.o
                0x08011014                rt_hw_backtrace_frame_get
 .text.rt_hw_backtrace_frame_unwind
                0x08011050       0x3c build\kernel\src\kservice.o
                0x08011050                rt_hw_backtrace_frame_unwind
 .text.rt_show_version
                0x0801108c       0x4c build\kernel\src\kservice.o
                0x0801108c                rt_show_version
 .text.rt_console_get_device
                0x080110d8       0x18 build\kernel\src\kservice.o
                0x080110d8                rt_console_get_device
 .text.rt_console_set_device
                0x080110f0       0x58 build\kernel\src\kservice.o
                0x080110f0                rt_console_set_device
 .text.rt_hw_console_output
                0x08011148       0x14 build\kernel\src\kservice.o
                0x08011148                rt_hw_console_output
 .text._kputs   0x0801115c       0x34 build\kernel\src\kservice.o
 .text.rt_kprintf
                0x08011190       0x4c build\kernel\src\kservice.o
                0x08011190                rt_kprintf
 .text.rt_backtrace
                0x080111dc       0x44 build\kernel\src\kservice.o
                0x080111dc                rt_backtrace
 .text.rt_backtrace_frame
                0x08011220       0x5c build\kernel\src\kservice.o
                0x08011220                rt_backtrace_frame
 .text.rt_backtrace_thread
                0x0801127c       0x42 build\kernel\src\kservice.o
                0x0801127c                rt_backtrace_thread
 *fill*         0x080112be        0x2 00000000
 .text.cmd_backtrace
                0x080112c0       0xb4 build\kernel\src\kservice.o
 .text._heap_lock_init
                0x08011374       0x1c build\kernel\src\kservice.o
 .text._heap_lock
                0x08011390       0x28 build\kernel\src\kservice.o
 .text._heap_unlock
                0x080113b8       0x40 build\kernel\src\kservice.o
 .text._smem_info
                0x080113f8       0x4c build\kernel\src\kservice.o
 .text.rt_system_heap_init_generic
                0x08011444       0x64 build\kernel\src\kservice.o
                0x08011444                rt_system_heap_init_generic
 .text.rt_system_heap_init
                0x080114a8       0x1a build\kernel\src\kservice.o
                0x080114a8                rt_system_heap_init
 *fill*         0x080114c2        0x2 00000000
 .text.rt_malloc
                0x080114c4       0x4c build\kernel\src\kservice.o
                0x080114c4                rt_malloc
 .text.rt_calloc
                0x08011510       0x3c build\kernel\src\kservice.o
                0x08011510                rt_calloc
 .text.rt_free  0x0801154c       0x44 build\kernel\src\kservice.o
                0x0801154c                rt_free
 .text.rt_memory_info
                0x08011590       0x2a build\kernel\src\kservice.o
                0x08011590                rt_memory_info
 *fill*         0x080115ba        0x2 00000000
 .text.rt_assert_handler
                0x080115bc       0x50 build\kernel\src\kservice.o
                0x080115bc                rt_assert_handler
 .text.plug_holes
                0x0801160c       0xf8 build\kernel\src\mem.o
 .text.rt_smem_init
                0x08011704      0x104 build\kernel\src\mem.o
                0x08011704                rt_smem_init
 .text.rt_smem_alloc
                0x08011808      0x268 build\kernel\src\mem.o
                0x08011808                rt_smem_alloc
 .text.rt_smem_free
                0x08011a70      0x140 build\kernel\src\mem.o
                0x08011a70                rt_smem_free
 .text.rt_list_insert_after
                0x08011bb0       0x32 build\kernel\src\object.o
 .text.rt_list_remove
                0x08011be2       0x36 build\kernel\src\object.o
 .text.rt_object_get_information
                0x08011c18       0x5c build\kernel\src\object.o
                0x08011c18                rt_object_get_information
 .text.rt_object_init
                0x08011c74       0xe0 build\kernel\src\object.o
                0x08011c74                rt_object_init
 .text.rt_object_detach
                0x08011d54       0x88 build\kernel\src\object.o
                0x08011d54                rt_object_detach
 .text.rt_object_allocate
                0x08011ddc       0xd8 build\kernel\src\object.o
                0x08011ddc                rt_object_allocate
 .text.rt_object_delete
                0x08011eb4       0xa8 build\kernel\src\object.o
                0x08011eb4                rt_object_delete
 .text.rt_object_is_systemobject
                0x08011f5c       0x3c build\kernel\src\object.o
                0x08011f5c                rt_object_is_systemobject
 .text.rt_object_get_type
                0x08011f98       0x34 build\kernel\src\object.o
                0x08011f98                rt_object_get_type
 .text.rt_object_for_each
                0x08011fcc       0xc0 build\kernel\src\object.o
                0x08011fcc                rt_object_for_each
 .text._match_name
                0x0801208c       0x3a build\kernel\src\object.o
 *fill*         0x080120c6        0x2 00000000
 .text.rt_object_find
                0x080120c8       0x64 build\kernel\src\object.o
                0x080120c8                rt_object_find
 .text.rt_list_remove
                0x0801212c       0x36 build\kernel\src\scheduler_comm.o
 .text.rt_sched_thread_init_ctx
                0x08012162       0x2a build\kernel\src\scheduler_comm.o
                0x08012162                rt_sched_thread_init_ctx
 .text.rt_sched_thread_timer_start
                0x0801218c       0x24 build\kernel\src\scheduler_comm.o
                0x0801218c                rt_sched_thread_timer_start
 .text.rt_sched_thread_timer_stop
                0x080121b0       0x42 build\kernel\src\scheduler_comm.o
                0x080121b0                rt_sched_thread_timer_stop
 .text.rt_sched_thread_get_stat
                0x080121f2       0x20 build\kernel\src\scheduler_comm.o
                0x080121f2                rt_sched_thread_get_stat
 .text.rt_sched_thread_get_curr_prio
                0x08012212       0x1a build\kernel\src\scheduler_comm.o
                0x08012212                rt_sched_thread_get_curr_prio
 .text.rt_sched_thread_get_init_prio
                0x0801222c       0x1a build\kernel\src\scheduler_comm.o
                0x0801222c                rt_sched_thread_get_init_prio
 .text.rt_sched_thread_is_suspended
                0x08012246       0x28 build\kernel\src\scheduler_comm.o
                0x08012246                rt_sched_thread_is_suspended
 .text.rt_sched_thread_close
                0x0801226e       0x1e build\kernel\src\scheduler_comm.o
                0x0801226e                rt_sched_thread_close
 .text.rt_sched_thread_yield
                0x0801228c       0x30 build\kernel\src\scheduler_comm.o
                0x0801228c                rt_sched_thread_yield
 .text.rt_sched_thread_ready
                0x080122bc       0x5a build\kernel\src\scheduler_comm.o
                0x080122bc                rt_sched_thread_ready
 .text.rt_sched_tick_increase
                0x08012316       0x48 build\kernel\src\scheduler_comm.o
                0x08012316                rt_sched_tick_increase
 *fill*         0x0801235e        0x2 00000000
 .text.rt_sched_thread_change_priority
                0x08012360       0x88 build\kernel\src\scheduler_comm.o
                0x08012360                rt_sched_thread_change_priority
 .text.rt_scheduler_stack_check
                0x080123e8       0xb4 build\kernel\src\scheduler_comm.o
                0x080123e8                rt_scheduler_stack_check
 .text.rt_list_init
                0x0801249c       0x22 build\kernel\src\scheduler_up.o
 .text.rt_list_insert_after
                0x080124be       0x32 build\kernel\src\scheduler_up.o
 .text.rt_list_insert_before
                0x080124f0       0x32 build\kernel\src\scheduler_up.o
 .text.rt_list_remove
                0x08012522       0x36 build\kernel\src\scheduler_up.o
 .text.rt_list_isempty
                0x08012558       0x24 build\kernel\src\scheduler_up.o
 .text._scheduler_get_highest_priority_thread
                0x0801257c       0x3c build\kernel\src\scheduler_up.o
 .text.rt_sched_lock
                0x080125b8       0x2a build\kernel\src\scheduler_up.o
                0x080125b8                rt_sched_lock
 .text.rt_sched_unlock
                0x080125e2       0x1a build\kernel\src\scheduler_up.o
                0x080125e2                rt_sched_unlock
 .text.rt_sched_unlock_n_resched
                0x080125fc       0x28 build\kernel\src\scheduler_up.o
                0x080125fc                rt_sched_unlock_n_resched
 .text.rt_system_scheduler_init
                0x08012624       0x48 build\kernel\src\scheduler_up.o
                0x08012624                rt_system_scheduler_init
 .text.rt_system_scheduler_start
                0x0801266c       0x3a build\kernel\src\scheduler_up.o
                0x0801266c                rt_system_scheduler_start
 *fill*         0x080126a6        0x2 00000000
 .text.rt_schedule
                0x080126a8      0x194 build\kernel\src\scheduler_up.o
                0x080126a8                rt_schedule
 .text.rt_sched_thread_startup
                0x0801283c       0x2e build\kernel\src\scheduler_up.o
                0x0801283c                rt_sched_thread_startup
 *fill*         0x0801286a        0x2 00000000
 .text.rt_sched_thread_init_priv
                0x0801286c       0x5c build\kernel\src\scheduler_up.o
                0x0801286c                rt_sched_thread_init_priv
 .text.rt_sched_insert_thread
                0x080128c8       0xd4 build\kernel\src\scheduler_up.o
                0x080128c8                rt_sched_insert_thread
 .text.rt_sched_remove_thread
                0x0801299c       0x70 build\kernel\src\scheduler_up.o
                0x0801299c                rt_sched_remove_thread
 .text.rt_exit_critical_safe
                0x08012a0c       0x14 build\kernel\src\scheduler_up.o
                0x08012a0c                rt_exit_critical_safe
 .text.rt_enter_critical
                0x08012a20       0x3c build\kernel\src\scheduler_up.o
                0x08012a20                rt_enter_critical
 .text.rt_exit_critical
                0x08012a5c       0x58 build\kernel\src\scheduler_up.o
                0x08012a5c                rt_exit_critical
 .text.rt_critical_level
                0x08012ab4       0x1c build\kernel\src\scheduler_up.o
                0x08012ab4                rt_critical_level
 .text.rt_list_init
                0x08012ad0       0x22 build\kernel\src\thread.o
 .text.rt_list_remove
                0x08012af2       0x36 build\kernel\src\thread.o
 .text._thread_exit
                0x08012b28       0x30 build\kernel\src\thread.o
 .text._thread_timeout
                0x08012b58       0x8c build\kernel\src\thread.o
 .text._thread_init
                0x08012be4       0xd0 build\kernel\src\thread.o
 .text.rt_thread_init
                0x08012cb4       0x88 build\kernel\src\thread.o
                0x08012cb4                rt_thread_init
 .text.rt_thread_self
                0x08012d3c       0x10 build\kernel\src\thread.o
                0x08012d3c                rt_thread_self
 .text.rt_thread_startup
                0x08012d4c       0x74 build\kernel\src\thread.o
                0x08012d4c                rt_thread_startup
 .text.rt_thread_close
                0x08012dc0       0x7c build\kernel\src\thread.o
                0x08012dc0                rt_thread_close
 .text.rt_thread_create
                0x08012e3c       0x7c build\kernel\src\thread.o
                0x08012e3c                rt_thread_create
 .text._thread_sleep
                0x08012eb8      0x124 build\kernel\src\thread.o
 .text.rt_thread_mdelay
                0x08012fdc       0x20 build\kernel\src\thread.o
                0x08012fdc                rt_thread_mdelay
 .text._thread_set_suspend_state
                0x08012ffc       0x8c build\kernel\src\thread.o
 .text.rt_thread_suspend_to_list
                0x08013088       0xf8 build\kernel\src\thread.o
                0x08013088                rt_thread_suspend_to_list
 .text.rt_thread_suspend_with_flag
                0x08013180       0x20 build\kernel\src\thread.o
                0x08013180                rt_thread_suspend_with_flag
 .text.rt_thread_resume
                0x080131a0       0x94 build\kernel\src\thread.o
                0x080131a0                rt_thread_resume
 .text.rt_list_init
                0x08013234       0x22 build\kernel\src\timer.o
 .text.rt_list_insert_after
                0x08013256       0x32 build\kernel\src\timer.o
 .text.rt_list_remove
                0x08013288       0x36 build\kernel\src\timer.o
 .text.rt_list_isempty
                0x080132be       0x24 build\kernel\src\timer.o
 *fill*         0x080132e2        0x2 00000000
 .text._timerlock_idx
                0x080132e4       0x1c build\kernel\src\timer.o
 .text._timer_init
                0x08013300       0x6a build\kernel\src\timer.o
 .text._timer_remove
                0x0801336a       0x36 build\kernel\src\timer.o
 .text.rt_timer_init
                0x080133a0       0x7c build\kernel\src\timer.o
                0x080133a0                rt_timer_init
 .text.rt_timer_detach
                0x0801341c       0x9c build\kernel\src\timer.o
                0x0801341c                rt_timer_detach
 .text._timer_start
                0x080134b8      0x17c build\kernel\src\timer.o
 .text._timer_check
                0x08013634      0x124 build\kernel\src\timer.o
 .text.rt_timer_start
                0x08013758       0xcc build\kernel\src\timer.o
                0x08013758                rt_timer_start
 .text.rt_timer_stop
                0x08013824       0xa8 build\kernel\src\timer.o
                0x08013824                rt_timer_stop
 .text.rt_timer_control
                0x080138cc      0x158 build\kernel\src\timer.o
                0x080138cc                rt_timer_control
 .text.rt_timer_check
                0x08013a24       0x38 build\kernel\src\timer.o
                0x08013a24                rt_timer_check
 .text.rt_system_timer_init
                0x08013a5c       0x3c build\kernel\src\timer.o
                0x08013a5c                rt_system_timer_init
 .text.rt_system_timer_thread_init
                0x08013a98        0xe build\kernel\src\timer.o
                0x08013a98                rt_system_timer_thread_init
 *fill*         0x08013aa6        0x2 00000000
 .text.atoi     0x08013aa8        0x8 e:/rtt/env-windows/tools/gnu_gcc/arm_gcc/mingw/bin/../lib/gcc/arm-none-eabi/10.3.1/../../../../arm-none-eabi/lib/thumb/v7e-m+fp/hard\libc.a(lib_a-atoi.o)
                0x08013aa8                atoi
 .text.memcmp   0x08013ab0       0x64 e:/rtt/env-windows/tools/gnu_gcc/arm_gcc/mingw/bin/../lib/gcc/arm-none-eabi/10.3.1/../../../../arm-none-eabi/lib/thumb/v7e-m+fp/hard\libc.a(lib_a-memcmp.o)
                0x08013ab0                memcmp
 .text.memset   0x08013b14       0xa4 e:/rtt/env-windows/tools/gnu_gcc/arm_gcc/mingw/bin/../lib/gcc/arm-none-eabi/10.3.1/../../../../arm-none-eabi/lib/thumb/v7e-m+fp/hard\libc.a(lib_a-memset.o)
                0x08013b14                memset
 .text.strchr   0x08013bb8       0xcc e:/rtt/env-windows/tools/gnu_gcc/arm_gcc/mingw/bin/../lib/gcc/arm-none-eabi/10.3.1/../../../../arm-none-eabi/lib/thumb/v7e-m+fp/hard\libc.a(lib_a-strchr.o)
                0x08013bb8                strchr
 .text.strncmp  0x08013c84       0x80 e:/rtt/env-windows/tools/gnu_gcc/arm_gcc/mingw/bin/../lib/gcc/arm-none-eabi/10.3.1/../../../../arm-none-eabi/lib/thumb/v7e-m+fp/hard\libc.a(lib_a-strncmp.o)
                0x08013c84                strncmp
 .text.strncpy  0x08013d04       0x64 e:/rtt/env-windows/tools/gnu_gcc/arm_gcc/mingw/bin/../lib/gcc/arm-none-eabi/10.3.1/../../../../arm-none-eabi/lib/thumb/v7e-m+fp/hard\libc.a(lib_a-strncpy.o)
                0x08013d04                strncpy
 .text._strtol_l.part.0
                0x08013d68      0x120 e:/rtt/env-windows/tools/gnu_gcc/arm_gcc/mingw/bin/../lib/gcc/arm-none-eabi/10.3.1/../../../../arm-none-eabi/lib/thumb/v7e-m+fp/hard\libc.a(lib_a-strtol.o)
 .text.strtol   0x08013e88       0x2c e:/rtt/env-windows/tools/gnu_gcc/arm_gcc/mingw/bin/../lib/gcc/arm-none-eabi/10.3.1/../../../../arm-none-eabi/lib/thumb/v7e-m+fp/hard\libc.a(lib_a-strtol.o)
                0x08013e88                strtol
 .text._strtoul_l.constprop.0
                0x08013eb4      0x13c e:/rtt/env-windows/tools/gnu_gcc/arm_gcc/mingw/bin/../lib/gcc/arm-none-eabi/10.3.1/../../../../arm-none-eabi/lib/thumb/v7e-m+fp/hard\libc.a(lib_a-strtoul.o)
 .text.strtoul  0x08013ff0       0x1c e:/rtt/env-windows/tools/gnu_gcc/arm_gcc/mingw/bin/../lib/gcc/arm-none-eabi/10.3.1/../../../../arm-none-eabi/lib/thumb/v7e-m+fp/hard\libc.a(lib_a-strtoul.o)
                0x08013ff0                strtoul
 .text.startup.register_fini
                0x0801400c       0x14 e:/rtt/env-windows/tools/gnu_gcc/arm_gcc/mingw/bin/../lib/gcc/arm-none-eabi/10.3.1/../../../../arm-none-eabi/lib/thumb/v7e-m+fp/hard\libc.a(lib_a-__call_atexit.o)
 .text.atexit   0x08014020        0xc e:/rtt/env-windows/tools/gnu_gcc/arm_gcc/mingw/bin/../lib/gcc/arm-none-eabi/10.3.1/../../../../arm-none-eabi/lib/thumb/v7e-m+fp/hard\libc.a(lib_a-atexit.o)
                0x08014020                atexit
 .text.__libc_fini_array
                0x0801402c       0x2c e:/rtt/env-windows/tools/gnu_gcc/arm_gcc/mingw/bin/../lib/gcc/arm-none-eabi/10.3.1/../../../../arm-none-eabi/lib/thumb/v7e-m+fp/hard\libc.a(lib_a-fini.o)
                0x0801402c                __libc_fini_array
 .text.__retarget_lock_acquire_recursive
                0x08014058        0x4 e:/rtt/env-windows/tools/gnu_gcc/arm_gcc/mingw/bin/../lib/gcc/arm-none-eabi/10.3.1/../../../../arm-none-eabi/lib/thumb/v7e-m+fp/hard\libc.a(lib_a-lock.o)
                0x08014058                __retarget_lock_acquire_recursive
 .text.__retarget_lock_release_recursive
                0x0801405c        0x4 e:/rtt/env-windows/tools/gnu_gcc/arm_gcc/mingw/bin/../lib/gcc/arm-none-eabi/10.3.1/../../../../arm-none-eabi/lib/thumb/v7e-m+fp/hard\libc.a(lib_a-lock.o)
                0x0801405c                __retarget_lock_release_recursive
 .text.__register_exitproc
                0x08014060       0x8c e:/rtt/env-windows/tools/gnu_gcc/arm_gcc/mingw/bin/../lib/gcc/arm-none-eabi/10.3.1/../../../../arm-none-eabi/lib/thumb/v7e-m+fp/hard\libc.a(lib_a-__atexit.o)
                0x08014060                __register_exitproc
 *(.rodata)
 .rodata        0x080140ec       0x80 build\applications\mailbox_sample.o
 .rodata        0x0801416c      0x108 build\applications\msgq_sample.o
 .rodata        0x08014274       0x8c build\applications\mutex_sample.o
 .rodata        0x08014300       0xe0 build\applications\semaphore_sample.o
 .rodata        0x080143e0       0x48 build\applications\thread_sample.o
 .rodata        0x08014428        0xe build\board\board.o
 *fill*         0x08014436        0x2 00000000
 .rodata        0x08014438       0x24 libraries\HAL_Drivers\drivers\drv_gpio.o
 .rodata        0x0801445c      0x10f libraries\HAL_Drivers\drivers\drv_pwm.o
 *fill*         0x0801456b        0x1 00000000
 .rodata        0x0801456c       0x31 libraries\HAL_Drivers\drivers\drv_tim.o
 *fill*         0x0801459d        0x3 00000000
 .rodata        0x080145a0       0xac libraries\HAL_Drivers\drivers\drv_usart.o
 .rodata        0x0801464c       0x46 build\libraries\HAL_Drivers\drv_common.o
 *fill*         0x08014692        0x2 00000000
 .rodata        0x08014694      0x2ba build\kernel\libcpu\arm\cortex-m4\cpuport.o
 *fill*         0x0801494e        0x2 00000000
 .rodata        0x08014950      0x114 build\kernel\components\drivers\core\device.o
 .rodata        0x08014a64       0xe5 build\kernel\components\drivers\ipc\completion_up.o
 *fill*         0x08014b49        0x3 00000000
 .rodata        0x08014b4c       0xf4 build\kernel\components\drivers\ipc\dataqueue.o
 .rodata        0x08014c40      0x57d build\kernel\components\drivers\misc\rt_drv_pwm.o
 *fill*         0x080151bd        0x3 00000000
 .rodata        0x080151c0      0x2a2 build\kernel\components\drivers\pin\pin.o
 *fill*         0x08015462        0x2 00000000
 .rodata        0x08015464      0x1a2 build\kernel\components\drivers\serial\serial.o
 *fill*         0x08015606        0x2 00000000
 .rodata        0x08015608      0x7b0 build\kernel\components\finsh\cmd.o
 .rodata        0x08015db8       0xe0 build\kernel\components\finsh\msh.o
 .rodata        0x08015e98       0x8d build\kernel\components\finsh\shell.o
 *fill*         0x08015f25        0x3 00000000
 .rodata        0x08015f28       0x1c build\kernel\src\clock.o
 .rodata        0x08015f44       0x17 build\kernel\src\components.o
 *fill*         0x08015f5b        0x1 00000000
 .rodata        0x08015f5c        0x8 build\kernel\src\idle.o
 .rodata        0x08015f64      0x5a2 build\kernel\src\ipc.o
 *fill*         0x08016506        0x2 00000000
 .rodata        0x08016508       0x88 build\kernel\src\klibc\kstdio.o
 .rodata        0x08016590      0x3ef build\kernel\src\kservice.o
 *fill*         0x0801697f        0x1 00000000
 .rodata        0x08016980      0x41b build\kernel\src\mem.o
 *fill*         0x08016d9b        0x1 00000000
 .rodata        0x08016d9c       0x91 build\kernel\src\object.o
 *fill*         0x08016e2d        0x3 00000000
 .rodata        0x08016e30       0xc1 build\kernel\src\scheduler_comm.o
 *fill*         0x08016ef1        0x3 00000000
 .rodata        0x08016ef4       0x36 build\kernel\src\scheduler_up.o
 *fill*         0x08016f2a        0x2 00000000
 .rodata        0x08016f2c      0x243 build\kernel\src\thread.o
 *fill*         0x0801716f        0x1 00000000
 .rodata        0x08017170      0x164 build\kernel\src\timer.o
 *(.rodata*)
 .rodata.name   0x080172d4       0x18 build\applications\mailbox_sample.o
                0x080172d4                __fsym_mailbox_sample_name
                0x080172e4                __fsym_mailbox_sample_desc
 .rodata.name   0x080172ec       0x18 build\applications\msgq_sample.o
                0x080172ec                __fsym_msgq_sample_name
                0x080172f8                __fsym_msgq_sample_desc
 .rodata.name   0x08017304       0x1d build\applications\mutex_sample.o
                0x08017304                __fsym_mutex_sample_name
                0x08017314                __fsym_mutex_sample_desc
 *fill*         0x08017321        0x3 00000000
 .rodata.name   0x08017324       0x25 build\applications\semaphore_sample.o
                0x08017324                __fsym_semaphore_sample_name
                0x08017338                __fsym_semaphore_sample_desc
 *fill*         0x08017349        0x3 00000000
 .rodata.name   0x0801734c       0x1e build\applications\thread_sample.o
                0x0801734c                __fsym_thread_sample_name
                0x0801735c                __fsym_thread_sample_desc
 *fill*         0x0801736a        0x2 00000000
 .rodata.pin_irq_map
                0x0801736c       0x40 libraries\HAL_Drivers\drivers\drv_gpio.o
 .rodata._stm32_pin_ops
                0x080173ac       0x1c libraries\HAL_Drivers\drivers\drv_gpio.o
 .rodata.__FUNCTION__.0
                0x080173c8       0x12 libraries\HAL_Drivers\drivers\drv_pwm.o
 *fill*         0x080173da        0x2 00000000
 .rodata.__FUNCTION__.1
                0x080173dc       0x1c libraries\HAL_Drivers\drivers\drv_tim.o
 .rodata.__FUNCTION__.0
                0x080173f8       0x17 libraries\HAL_Drivers\drivers\drv_tim.o
 *fill*         0x0801740f        0x1 00000000
 .rodata.stm32_uart_ops
                0x08017410       0x14 libraries\HAL_Drivers\drivers\drv_usart.o
 .rodata.__FUNCTION__.13
                0x08017424       0x10 libraries\HAL_Drivers\drivers\drv_usart.o
 .rodata.__FUNCTION__.12
                0x08017434        0xe libraries\HAL_Drivers\drivers\drv_usart.o
 *fill*         0x08017442        0x2 00000000
 .rodata.__FUNCTION__.11
                0x08017444        0xb libraries\HAL_Drivers\drivers\drv_usart.o
 *fill*         0x0801744f        0x1 00000000
 .rodata.__FUNCTION__.10
                0x08017450        0xb libraries\HAL_Drivers\drivers\drv_usart.o
 *fill*         0x0801745b        0x1 00000000
 .rodata.__FUNCTION__.9
                0x0801745c       0x13 libraries\HAL_Drivers\drivers\drv_usart.o
 *fill*         0x0801746f        0x1 00000000
 .rodata.__FUNCTION__.8
                0x08017470        0xd libraries\HAL_Drivers\drivers\drv_usart.o
 *fill*         0x0801747d        0x3 00000000
 .rodata.__FUNCTION__.7
                0x08017480        0x9 libraries\HAL_Drivers\drivers\drv_usart.o
 *fill*         0x08017489        0x3 00000000
 .rodata.__FUNCTION__.6
                0x0801748c       0x11 libraries\HAL_Drivers\drivers\drv_usart.o
 *fill*         0x0801749d        0x3 00000000
 .rodata.__FUNCTION__.5
                0x080174a0       0x17 libraries\HAL_Drivers\drivers\drv_usart.o
 *fill*         0x080174b7        0x1 00000000
 .rodata.__FUNCTION__.4
                0x080174b8       0x18 libraries\HAL_Drivers\drivers\drv_usart.o
 .rodata.__FUNCTION__.3
                0x080174d0       0x1c libraries\HAL_Drivers\drivers\drv_usart.o
 .rodata.__FUNCTION__.2
                0x080174ec       0x11 libraries\HAL_Drivers\drivers\drv_usart.o
 *fill*         0x080174fd        0x3 00000000
 .rodata.__FUNCTION__.1
                0x08017500       0x18 libraries\HAL_Drivers\drivers\drv_usart.o
 .rodata.__FUNCTION__.0
                0x08017518       0x11 libraries\HAL_Drivers\drivers\drv_usart.o