Archive member included to satisfy reference by file (symbol)

e:/rtt/env-windows/tools/gnu_gcc/arm_gcc/mingw/bin/../lib/gcc/arm-none-eabi/10.3.1/../../../../arm-none-eabi/lib/thumb/v7e-m+fp/hard\libc.a(lib_a-atoi.o)
                              build\kernel\components\drivers\pin\pin.o (atoi)
e:/rtt/env-windows/tools/gnu_gcc/arm_gcc/mingw/bin/../lib/gcc/arm-none-eabi/10.3.1/../../../../arm-none-eabi/lib/thumb/v7e-m+fp/hard\libc.a(lib_a-ctype_.o)
                              build\kernel\components\libc\compilers\common\cstring.o (_ctype_)
e:/rtt/env-windows/tools/gnu_gcc/arm_gcc/mingw/bin/../lib/gcc/arm-none-eabi/10.3.1/../../../../arm-none-eabi/lib/thumb/v7e-m+fp/hard\libc.a(lib_a-exit.o)
                              e:/rtt/env-windows/tools/gnu_gcc/arm_gcc/mingw/bin/../lib/gcc/arm-none-eabi/10.3.1/../../../../arm-none-eabi/lib/thumb/v7e-m+fp/hard/crt0.o (exit)
e:/rtt/env-windows/tools/gnu_gcc/arm_gcc/mingw/bin/../lib/gcc/arm-none-eabi/10.3.1/../../../../arm-none-eabi/lib/thumb/v7e-m+fp/hard\libc.a(lib_a-impure.o)
                              e:/rtt/env-windows/tools/gnu_gcc/arm_gcc/mingw/bin/../lib/gcc/arm-none-eabi/10.3.1/../../../../arm-none-eabi/lib/thumb/v7e-m+fp/hard\libc.a(lib_a-exit.o) (_global_impure_ptr)
e:/rtt/env-windows/tools/gnu_gcc/arm_gcc/mingw/bin/../lib/gcc/arm-none-eabi/10.3.1/../../../../arm-none-eabi/lib/thumb/v7e-m+fp/hard\libc.a(lib_a-malloc.o)
                              build\kernel\components\libc\compilers\common\cstring.o (malloc)
e:/rtt/env-windows/tools/gnu_gcc/arm_gcc/mingw/bin/../lib/gcc/arm-none-eabi/10.3.1/../../../../arm-none-eabi/lib/thumb/v7e-m+fp/hard\libc.a(lib_a-memcmp.o)
                              build\kernel\components\finsh\shell.o (memcmp)
e:/rtt/env-windows/tools/gnu_gcc/arm_gcc/mingw/bin/../lib/gcc/arm-none-eabi/10.3.1/../../../../arm-none-eabi/lib/thumb/v7e-m+fp/hard\libc.a(lib_a-memset.o)
                              e:/rtt/env-windows/tools/gnu_gcc/arm_gcc/mingw/bin/../lib/gcc/arm-none-eabi/10.3.1/../../../../arm-none-eabi/lib/thumb/v7e-m+fp/hard/crt0.o (memset)
e:/rtt/env-windows/tools/gnu_gcc/arm_gcc/mingw/bin/../lib/gcc/arm-none-eabi/10.3.1/../../../../arm-none-eabi/lib/thumb/v7e-m+fp/hard\libc.a(lib_a-strchr.o)
                              build\kernel\components\libc\compilers\common\cstring.o (strchr)
e:/rtt/env-windows/tools/gnu_gcc/arm_gcc/mingw/bin/../lib/gcc/arm-none-eabi/10.3.1/../../../../arm-none-eabi/lib/thumb/v7e-m+fp/hard\libc.a(lib_a-strcmp.o)
                              build\kernel\components\dfs\dfs_v1\src\dfs.o (strcmp)
e:/rtt/env-windows/tools/gnu_gcc/arm_gcc/mingw/bin/../lib/gcc/arm-none-eabi/10.3.1/../../../../arm-none-eabi/lib/thumb/v7e-m+fp/hard\libc.a(lib_a-strcpy.o)
                              build\kernel\components\libc\compilers\common\cstring.o (strcpy)
e:/rtt/env-windows/tools/gnu_gcc/arm_gcc/mingw/bin/../lib/gcc/arm-none-eabi/10.3.1/../../../../arm-none-eabi/lib/thumb/v7e-m+fp/hard\libc.a(lib_a-strlen.o)
                              build\kernel\components\dfs\dfs_v1\src\dfs.o (strlen)
e:/rtt/env-windows/tools/gnu_gcc/arm_gcc/mingw/bin/../lib/gcc/arm-none-eabi/10.3.1/../../../../arm-none-eabi/lib/thumb/v7e-m+fp/hard\libc.a(lib_a-strncmp.o)
                              build\kernel\components\dfs\dfs_v1\src\dfs_fs.o (strncmp)
e:/rtt/env-windows/tools/gnu_gcc/arm_gcc/mingw/bin/../lib/gcc/arm-none-eabi/10.3.1/../../../../arm-none-eabi/lib/thumb/v7e-m+fp/hard\libc.a(lib_a-strncpy.o)
                              build\kernel\components\finsh\msh.o (strncpy)
e:/rtt/env-windows/tools/gnu_gcc/arm_gcc/mingw/bin/../lib/gcc/arm-none-eabi/10.3.1/../../../../arm-none-eabi/lib/thumb/v7e-m+fp/hard\libc.a(lib_a-strrchr.o)
                              build\kernel\components\dfs\dfs_v1\src\dfs_file.o (strrchr)
e:/rtt/env-windows/tools/gnu_gcc/arm_gcc/mingw/bin/../lib/gcc/arm-none-eabi/10.3.1/../../../../arm-none-eabi/lib/thumb/v7e-m+fp/hard\libc.a(lib_a-strstr.o)
                              build\kernel\components\finsh\msh_file.o (strstr)
e:/rtt/env-windows/tools/gnu_gcc/arm_gcc/mingw/bin/../lib/gcc/arm-none-eabi/10.3.1/../../../../arm-none-eabi/lib/thumb/v7e-m+fp/hard\libc.a(lib_a-strtol.o)
                              e:/rtt/env-windows/tools/gnu_gcc/arm_gcc/mingw/bin/../lib/gcc/arm-none-eabi/10.3.1/../../../../arm-none-eabi/lib/thumb/v7e-m+fp/hard\libc.a(lib_a-atoi.o) (_strtol_r)
e:/rtt/env-windows/tools/gnu_gcc/arm_gcc/mingw/bin/../lib/gcc/arm-none-eabi/10.3.1/../../../../arm-none-eabi/lib/thumb/v7e-m+fp/hard\libc.a(lib_a-strtoul.o)
                              build\kernel\src\kservice.o (strtoul)
e:/rtt/env-windows/tools/gnu_gcc/arm_gcc/mingw/bin/../lib/gcc/arm-none-eabi/10.3.1/../../../../arm-none-eabi/lib/thumb/v7e-m+fp/hard\libc.a(lib_a-__call_atexit.o)
                              e:/rtt/env-windows/tools/gnu_gcc/arm_gcc/mingw/bin/../lib/gcc/arm-none-eabi/10.3.1/../../../../arm-none-eabi/lib/thumb/v7e-m+fp/hard\libc.a(lib_a-exit.o) (__call_exitprocs)
[...]
Memory Configuration

Name             Origin             Length             Attributes
CODE             0x08000000         0x00100000         xr
RAM1             0x20000000         0x00020000         rw
RAM2             0x10000000         0x00010000         rw
MCUlcdgrambysram 0x68000000         0x00100000         rw
*default*        0x00000000         0xffffffff

Linker script and memory map

LOAD e:/rtt/env-windows/tools/gnu_gcc/arm_gcc/mingw/bin/../lib/gcc/arm-none-eabi/10.3.1/thumb/v7e-m+fp/hard/crti.o
LOAD e:/rtt/env-windows/tools/gnu_gcc/arm_gcc/mingw/bin/../lib/gcc/arm-none-eabi/10.3.1/thumb/v7e-m+fp/hard/crtbegin.o
LOAD e:/rtt/env-windows/tools/gnu_gcc/arm_gcc/mingw/bin/../lib/gcc/arm-none-eabi/10.3.1/../../../../arm-none-eabi/lib/thumb/v7e-m+fp/hard/crt0.o
LOAD build\applications\main.o
LOAD build\applications\writer_reader_mailbox.o
LOAD build\applications\writer_reader_msgq.o
LOAD build\board\CubeMX_Config\Src\stm32f4xx_hal_msp.o
LOAD build\board\board.o
LOAD libraries\HAL_Drivers\drivers\drv_gpio.o
LOAD libraries\HAL_Drivers\drivers\drv_usart.o
LOAD build\libraries\HAL_Drivers\drv_common.o
LOAD libraries\STM32F4xx_HAL\CMSIS\Device\ST\STM32F4xx\Source\Templates\gcc\startup_stm32f407xx.o
LOAD build\libraries\STM32F4xx_HAL\CMSIS\Device\ST\STM32F4xx\Source\Templates\system_stm32f4xx.o
LOAD build\libraries\STM32F4xx_HAL\STM32F4xx_HAL_Driver\Src\stm32f4xx_hal.o
LOAD build\libraries\STM32F4xx_HAL\STM32F4xx_HAL_Driver\Src\stm32f4xx_hal_cec.o
LOAD build\libraries\STM32F4xx_HAL\STM32F4xx_HAL_Driver\Src\stm32f4xx_hal_cortex.o
LOAD build\libraries\STM32F4xx_HAL\STM32F4xx_HAL_Driver\Src\stm32f4xx_hal_crc.o
LOAD build\libraries\STM32F4xx_HAL\STM32F4xx_HAL_Driver\Src\stm32f4xx_hal_cryp.o
LOAD build\libraries\STM32F4xx_HAL\STM32F4xx_HAL_Driver\Src\stm32f4xx_hal_cryp_ex.o
LOAD build\libraries\STM32F4xx_HAL\STM32F4xx_HAL_Driver\Src\stm32f4xx_hal_dma.o
LOAD build\libraries\STM32F4xx_HAL\STM32F4xx_HAL_Driver\Src\stm32f4xx_hal_dma_ex.o
LOAD build\libraries\STM32F4xx_HAL\STM32F4xx_HAL_Driver\Src\stm32f4xx_hal_gpio.o
LOAD build\libraries\STM32F4xx_HAL\STM32F4xx_HAL_Driver\Src\stm32f4xx_hal_pwr.o
LOAD build\libraries\STM32F4xx_HAL\STM32F4xx_HAL_Driver\Src\stm32f4xx_hal_pwr_ex.o
LOAD build\libraries\STM32F4xx_HAL\STM32F4xx_HAL_Driver\Src\stm32f4xx_hal_rcc.o
LOAD build\libraries\STM32F4xx_HAL\STM32F4xx_HAL_Driver\Src\stm32f4xx_hal_rcc_ex.o
LOAD build\libraries\STM32F4xx_HAL\STM32F4xx_HAL_Driver\Src\stm32f4xx_hal_rng.o
LOAD build\libraries\STM32F4xx_HAL\STM32F4xx_HAL_Driver\Src\stm32f4xx_hal_uart.o
LOAD build\libraries\STM32F4xx_HAL\STM32F4xx_HAL_Driver\Src\stm32f4xx_hal_usart.o
LOAD build\packages\kernel_samples-latest\en\event_sample.o
LOAD build\packages\kernel_samples-latest\en\mailbox_sample.o
LOAD build\packages\kernel_samples-latest\en\msgq_sample.o
LOAD build\packages\kernel_samples-latest\en\mutex_sample.o
LOAD build\packages\kernel_samples-latest\en\semaphore_sample.o
LOAD build\packages\kernel_samples-latest\en\thread_sample.o
LOAD build\kernel\components\dfs\dfs_v1\filesystems\devfs\devfs.o
LOAD build\kernel\components\dfs\dfs_v1\src\dfs.o
LOAD build\kernel\components\dfs\dfs_v1\src\dfs_file.o
LOAD build\kernel\components\dfs\dfs_v1\src\dfs_fs.o
LOAD build\kernel\components\dfs\dfs_v1\src\dfs_posix.o
LOAD build\kernel\components\libc\compilers\common\cctype.o
LOAD build\kernel\components\libc\compilers\common\cstdlib.o
LOAD build\kernel\components\libc\compilers\common\cstring.o
LOAD build\kernel\components\libc\compilers\common\ctime.o
LOAD build\kernel\components\libc\compilers\common\cunistd.o
LOAD build\kernel\components\libc\compilers\common\cwchar.o
LOAD build\kernel\components\libc\compilers\newlib\syscalls.o
LOAD build\kernel\libcpu\arm\common\atomic_arm.o
LOAD build\kernel\libcpu\arm\common\div0.o
LOAD build\kernel\libcpu\arm\common\showmem.o
LOAD build\kernel\libcpu\arm\cortex-m4\context_gcc.o
LOAD build\kernel\libcpu\arm\cortex-m4\cpuport.o
LOAD build\kernel\components\drivers\core\device.o
LOAD build\kernel\components\drivers\ipc\completion_comm.o
LOAD build\kernel\components\drivers\ipc\completion_up.o
LOAD build\kernel\components\drivers\ipc\condvar.o
LOAD build\kernel\components\drivers\ipc\dataqueue.o
LOAD build\kernel\components\drivers\ipc\pipe.o
LOAD build\kernel\components\drivers\ipc\ringblk_buf.o
LOAD build\kernel\components\drivers\ipc\ringbuffer.o
LOAD build\kernel\components\drivers\ipc\waitqueue.o
LOAD build\kernel\components\drivers\ipc\workqueue.o
LOAD build\kernel\components\drivers\pin\pin.o
LOAD build\kernel\components\drivers\serial\serial.o
LOAD build\kernel\components\finsh\cmd.o
LOAD build\kernel\components\finsh\msh.o
LOAD build\kernel\components\finsh\msh_file.o
LOAD build\kernel\components\finsh\msh_parse.o
LOAD build\kernel\components\finsh\shell.o
LOAD build\kernel\src\clock.o
LOAD build\kernel\src\components.o
LOAD build\kernel\src\cpu_up.o
LOAD build\kernel\src\idle.o
LOAD build\kernel\src\ipc.o
LOAD build\kernel\src\irq.o
LOAD build\kernel\src\klibc\kstdio.o
LOAD build\kernel\src\klibc\kstring.o
LOAD build\kernel\src\kservice.o
LOAD build\kernel\src\mem.o
LOAD build\kernel\src\mempool.o
LOAD build\kernel\src\object.o
LOAD build\kernel\src\scheduler_comm.o
LOAD build\kernel\src\scheduler_up.o
LOAD build\kernel\src\thread.o
LOAD build\kernel\src\timer.o
LOAD e:/rtt/env-windows/tools/gnu_gcc/arm_gcc/mingw/bin/../lib/gcc/arm-none-eabi/10.3.1/../../../../arm-none-eabi/lib/thumb/v7e-m+fp/hard\libc.a
LOAD e:/rtt/env-windows/tools/gnu_gcc/arm_gcc/mingw/bin/../lib/gcc/arm-none-eabi/10.3.1/../../../../arm-none-eabi/lib/thumb/v7e-m+fp/hard\libm.a
START GROUP
LOAD e:/rtt/env-windows/tools/gnu_gcc/arm_gcc/mingw/bin/../lib/gcc/arm-none-eabi/10.3.1/thumb/v7e-m+fp/hard\libgcc.a
LOAD e:/rtt/env-windows/tools/gnu_gcc/arm_gcc/mingw/bin/../lib/gcc/arm-none-eabi/10.3.1/../../../../arm-none-eabi/lib/thumb/v7e-m+fp/hard\libc.a
END GROUP
LOAD e:/rtt/env-windows/tools/gnu_gcc/arm_gcc/mingw/bin/../lib/gcc/arm-none-eabi/10.3.1/thumb/v7e-m+fp/hard/crtend.o
LOAD e:/rtt/env-windows/tools/gnu_gcc/arm_gcc/mingw/bin/../lib/gcc/arm-none-eabi/10.3.1/thumb/v7e-m+fp/hard/crtn.o
                0x00000400                _system_stack_size = 0x400

.text           0x08000000    0x1a9ac
                0x08000000                . = ALIGN (0x4)
                0x08000000                _stext = .
 *(.isr_vector)
 .isr_vector    0x08000000      0x188 libraries\STM32F4xx_HAL\CMSIS\Device\ST\STM32F4xx\Source\Templates\gcc\startup_stm32f407xx.o
                0x08000000                g_pfnVectors
                0x08000188                . = ALIGN (0x4)
 *(.text)
 .text          0x08000188       0x40 e:/rtt/env-windows/tools/gnu_gcc/arm_gcc/mingw/bin/../lib/gcc/arm-none-eabi/10.3.1/thumb/v7e-m+fp/hard/crtbegin.o
 .text          0x080001c8      0x144 build\kernel\libcpu\arm\cortex-m4\context_gcc.o
                0x080001c8                rt_hw_interrupt_disable
                0x080001d0                rt_hw_interrupt_enable
                0x080001d6                rt_hw_context_switch_interrupt
                0x080001d6                rt_hw_context_switch
                0x080001f6                PendSV_Handler
                0x08000262                rt_hw_context_switch_to
                0x080002b0                rt_hw_interrupt_thread_switch
                0x080002b4                HardFault_Handler
 *fill*         0x0800030c       0x14 00000000
 .text          0x08000320      0x2dc e:/rtt/env-windows/tools/gnu_gcc/arm_gcc/mingw/bin/../lib/gcc/arm-none-eabi/10.3.1/../../../../arm-none-eabi/lib/thumb/v7e-m+fp/hard\libc.a(lib_a-strcmp.o)
                0x08000328                strcmp
 *fill*         0x080005fc        0x4 00000000
 .text          0x08000600       0xdc e:/rtt/env-windows/tools/gnu_gcc/arm_gcc/mingw/bin/../lib/gcc/arm-none-eabi/10.3.1/../../../../arm-none-eabi/lib/thumb/v7e-m+fp/hard\libc.a(lib_a-strlen.o)
                0x08000600                strlen
 .text          0x080006dc       0x30 e:/rtt/env-windows/tools/gnu_gcc/arm_gcc/mingw/bin/../lib/gcc/arm-none-eabi/10.3.1/thumb/v7e-m+fp/hard\libgcc.a(_aeabi_uldivmod.o)
                0x080006dc                __aeabi_uldivmod
 .text          0x0800070c      0x2d0 e:/rtt/env-windows/tools/gnu_gcc/arm_gcc/mingw/bin/../lib/gcc/arm-none-eabi/10.3.1/thumb/v7e-m+fp/hard\libgcc.a(_udivmoddi4.o)
                0x0800070c                __udivmoddi4
 .text          0x080009dc        0x4 e:/rtt/env-windows/tools/gnu_gcc/arm_gcc/mingw/bin/../lib/gcc/arm-none-eabi/10.3.1/thumb/v7e-m+fp/hard\libgcc.a(_dvmd_tls.o)
                0x080009dc                __aeabi_idiv0
                0x080009dc                __aeabi_ldiv0
 *(.text.*)
 .text.main     0x080009e0        0xe build\applications\main.o
                0x080009e0                main
 *fill*         0x080009ee        0x2 00000000
 .text.writer   0x080009f0       0x44 build\applications\writer_reader_mailbox.o
 .text.reader   0x08000a34       0x50 build\applications\writer_reader_mailbox.o
 .text.writer_reader
                0x08000a84       0xa0 build\applications\writer_reader_mailbox.o
                0x08000a84                writer_reader
 .text.writer   0x08000b24       0x44 build\applications\writer_reader_msgq.o
 .text.reader   0x08000b68       0x50 build\applications\writer_reader_msgq.o
 .text.writer_reader_msgq
                0x08000bb8       0xb0 build\applications\writer_reader_msgq.o
                0x08000bb8                writer_reader_msgq
 .text.HAL_MspInit
                0x08000c68       0x50 build\board\CubeMX_Config\Src\stm32f4xx_hal_msp.o
                0x08000c68                HAL_MspInit
 .text.HAL_UART_MspInit
                0x08000cb8      0x108 build\board\CubeMX_Config\Src\stm32f4xx_hal_msp.o
                0x08000cb8                HAL_UART_MspInit
 .text.HAL_UART_MspDeInit
                0x08000dc0       0x68 build\board\CubeMX_Config\Src\stm32f4xx_hal_msp.o
                0x08000dc0                HAL_UART_MspDeInit
 .text.SystemClock_Config
                0x08000e28      0x118 build\board\board.o
                0x08000e28                SystemClock_Config
 .text.stm32_pin_get
                0x08000f40       0xbc libraries\HAL_Drivers\drivers\drv_gpio.o
 .text.stm32_pin_write
                0x08000ffc       0x54 libraries\HAL_Drivers\drivers\drv_gpio.o
 .text.stm32_pin_read
                0x08001050       0x68 libraries\HAL_Drivers\drivers\drv_gpio.o
 .text.stm32_pin_mode
                0x080010b8       0xae libraries\HAL_Drivers\drivers\drv_gpio.o
 .text.bit2bitno
                0x08001166       0x3c libraries\HAL_Drivers\drivers\drv_gpio.o
 *fill*         0x080011a2        0x2 00000000
 .text.get_pin_irq_map
                0x080011a4       0x34 libraries\HAL_Drivers\drivers\drv_gpio.o
 .text.stm32_pin_attach_irq
                0x080011d8      0x110 libraries\HAL_Drivers\drivers\drv_gpio.o
 .text.stm32_pin_dettach_irq
                0x080012e8       0xbc libraries\HAL_Drivers\drivers\drv_gpio.o
 .text.stm32_pin_irq_enable
                0x080013a4      0x228 libraries\HAL_Drivers\drivers\drv_gpio.o
 .text.pin_irq_hdr
                0x080015cc       0x40 libraries\HAL_Drivers\drivers\drv_gpio.o
 .text.HAL_GPIO_EXTI_Callback
                0x0800160c       0x22 libraries\HAL_Drivers\drivers\drv_gpio.o
                0x0800160c                HAL_GPIO_EXTI_Callback
 .text.EXTI0_IRQHandler
                0x0800162e       0x16 libraries\HAL_Drivers\drivers\drv_gpio.o
                0x0800162e                EXTI0_IRQHandler
 .text.EXTI1_IRQHandler
                0x08001644       0x16 libraries\HAL_Drivers\drivers\drv_gpio.o
                0x08001644                EXTI1_IRQHandler
 .text.EXTI2_IRQHandler
                0x0800165a       0x16 libraries\HAL_Drivers\drivers\drv_gpio.o
                0x0800165a                EXTI2_IRQHandler
 .text.EXTI3_IRQHandler
                0x08001670       0x16 libraries\HAL_Drivers\drivers\drv_gpio.o
                0x08001670                EXTI3_IRQHandler
 .text.EXTI4_IRQHandler
                0x08001686       0x16 libraries\HAL_Drivers\drivers\drv_gpio.o
                0x08001686                EXTI4_IRQHandler
 .text.EXTI9_5_IRQHandler
                0x0800169c       0x32 libraries\HAL_Drivers\drivers\drv_gpio.o
                0x0800169c                EXTI9_5_IRQHandler
 .text.EXTI15_10_IRQHandler
                0x080016ce       0x40 libraries\HAL_Drivers\drivers\drv_gpio.o
                0x080016ce                EXTI15_10_IRQHandler
 *fill*         0x0800170e        0x2 00000000
 .text.rt_hw_pin_init
                0x08001710      0x124 libraries\HAL_Drivers\drivers\drv_gpio.o
                0x08001710                rt_hw_pin_init
 .text.__NVIC_DisableIRQ
                0x08001834       0x48 libraries\HAL_Drivers\drivers\drv_usart.o
 .text.stm32_uart_get_mask
                0x0800187c       0x4e libraries\HAL_Drivers\drivers\drv_usart.o
                0x0800187c                stm32_uart_get_mask
 *fill*         0x080018ca        0x2 00000000
 .text.stm32_configure
                0x080018cc      0x1bc libraries\HAL_Drivers\drivers\drv_usart.o
 .text.stm32_control
                0x08001a88      0x204 libraries\HAL_Drivers\drivers\drv_usart.o
 .text.stm32_putc
                0x08001c8c       0x78 libraries\HAL_Drivers\drivers\drv_usart.o
 .text.stm32_getc
                0x08001d04       0x58 libraries\HAL_Drivers\drivers\drv_usart.o
 .text.stm32_dma_transmit
                0x08001d5c       0x7c libraries\HAL_Drivers\drivers\drv_usart.o
 .text.dma_recv_isr
                0x08001dd8       0xfc libraries\HAL_Drivers\drivers\drv_usart.o
 .text.uart_isr
                0x08001ed4      0x1ec libraries\HAL_Drivers\drivers\drv_usart.o
 .text.USART1_IRQHandler
                0x080020c0       0x1c libraries\HAL_Drivers\drivers\drv_usart.o
                0x080020c0                USART1_IRQHandler
 .text.stm32_uart_get_dma_config
                0x080020dc       0x1c libraries\HAL_Drivers\drivers\drv_usart.o
 .text.stm32_dma_config
                0x080020f8      0x1fc libraries\HAL_Drivers\drivers\drv_usart.o
 .text.HAL_UART_ErrorCallback
                0x080022f4       0x30 libraries\HAL_Drivers\drivers\drv_usart.o
                0x080022f4                HAL_UART_ErrorCallback
 .text.HAL_UART_RxCpltCallback
                0x08002324       0x3c libraries\HAL_Drivers\drivers\drv_usart.o
                0x08002324                HAL_UART_RxCpltCallback
 .text.HAL_UART_RxHalfCpltCallback
                0x08002360       0x3c libraries\HAL_Drivers\drivers\drv_usart.o
                0x08002360                HAL_UART_RxHalfCpltCallback
 .text._dma_tx_complete
                0x0800239c       0x58 libraries\HAL_Drivers\drivers\drv_usart.o
 .text.HAL_UART_TxCpltCallback
                0x080023f4       0x3c libraries\HAL_Drivers\drivers\drv_usart.o
                0x080023f4                HAL_UART_TxCpltCallback
 .text.rt_hw_usart_init
                0x08002430      0x104 libraries\HAL_Drivers\drivers\drv_usart.o
                0x08002430                rt_hw_usart_init
 .text.__NVIC_SetPriority
                0x08002534       0x54 build\libraries\HAL_Drivers\drv_common.o
 .text.reboot   0x08002588       0x18 build\libraries\HAL_Drivers\drv_common.o
 .text.rt_hw_systick_init
                0x080025a0       0x48 build\libraries\HAL_Drivers\drv_common.o
                0x080025a0                rt_hw_systick_init
 .text.SysTick_Handler
                0x080025e8       0x28 build\libraries\HAL_Drivers\drv_common.o
                0x080025e8                SysTick_Handler
 .text.HAL_GetTick
                0x08002610       0x24 build\libraries\HAL_Drivers\drv_common.o
                0x08002610                HAL_GetTick
 .text.HAL_IncTick
                0x08002634       0x24 build\libraries\HAL_Drivers\drv_common.o
                0x08002634                HAL_IncTick
 .text.HAL_InitTick
                0x08002658       0x16 build\libraries\HAL_Drivers\drv_common.o
                0x08002658                HAL_InitTick
 *fill*         0x0800266e        0x2 00000000
 .text._Error_Handler
                0x08002670       0x30 build\libraries\HAL_Drivers\drv_common.o
                0x08002670                _Error_Handler
 .text.rt_hw_board_init
                0x080026a0       0x38 build\libraries\HAL_Drivers\drv_common.o
                0x080026a0                rt_hw_board_init
 .text.Reset_Handler
                0x080026d8       0x50 libraries\STM32F4xx_HAL\CMSIS\Device\ST\STM32F4xx\Source\Templates\gcc\startup_stm32f407xx.o
                0x080026d8                Reset_Handler
 .text.Default_Handler
                0x08002728        0x2 libraries\STM32F4xx_HAL\CMSIS\Device\ST\STM32F4xx\Source\Templates\gcc\startup_stm32f407xx.o
                0x08002728                RTC_Alarm_IRQHandler
                0x08002728                HASH_RNG_IRQHandler
                0x08002728                TIM8_CC_IRQHandler
                0x08002728                DebugMon_Handler
                0x08002728                TIM1_CC_IRQHandler
                0x08002728                DMA2_Stream5_IRQHandler
                0x08002728                DMA1_Stream5_IRQHandler
                0x08002728                PVD_IRQHandler
                0x08002728                SDIO_IRQHandler
                0x08002728                TAMP_STAMP_IRQHandler
                0x08002728                NMI_Handler
                0x08002728                CAN2_RX1_IRQHandler
                0x08002728                TIM8_TRG_COM_TIM14_IRQHandler
                0x08002728                TIM1_UP_TIM10_IRQHandler
                0x08002728                TIM8_UP_TIM13_IRQHandler
                0x08002728                I2C3_ER_IRQHandler
                0x08002728                I2C2_EV_IRQHandler
                0x08002728                DMA1_Stream2_IRQHandler
                0x08002728                CAN1_RX0_IRQHandler
                0x08002728                FPU_IRQHandler
                0x08002728                OTG_HS_WKUP_IRQHandler
                0x08002728                UsageFault_Handler
                0x08002728                CAN2_SCE_IRQHandler
                0x08002728                DMA2_Stream2_IRQHandler
                0x08002728                SPI1_IRQHandler
                0x08002728                TIM6_DAC_IRQHandler
                0x08002728                TIM1_BRK_TIM9_IRQHandler
                0x08002728                DCMI_IRQHandler
                0x08002728                CAN2_RX0_IRQHandler
                0x08002728                DMA2_Stream3_IRQHandler
                0x08002728                USART6_IRQHandler
                0x08002728                USART3_IRQHandler
                0x08002728                CAN1_RX1_IRQHandler
                0x08002728                UART5_IRQHandler
                0x08002728                DMA2_Stream0_IRQHandler
                0x08002728                TIM4_IRQHandler
                0x08002728                I2C1_EV_IRQHandler
                0x08002728                DMA1_Stream6_IRQHandler
                0x08002728                DMA1_Stream1_IRQHandler
                0x08002728                UART4_IRQHandler
                0x08002728                TIM3_IRQHandler
                0x08002728                RCC_IRQHandler
                0x08002728                TIM8_BRK_TIM12_IRQHandler
                0x08002728                Default_Handler
                0x08002728                ADC_IRQHandler
                0x08002728                DMA1_Stream7_IRQHandler
                0x08002728                TIM7_IRQHandler
                0x08002728                CAN2_TX_IRQHandler
                0x08002728                TIM5_IRQHandler
                0x08002728                DMA2_Stream7_IRQHandler
                0x08002728                I2C3_EV_IRQHandler
                0x08002728                RTC_WKUP_IRQHandler
                0x08002728                ETH_WKUP_IRQHandler
                0x08002728                SPI2_IRQHandler
                0x08002728                OTG_HS_EP1_IN_IRQHandler
                0x08002728                MemManage_Handler
                0x08002728                DMA1_Stream0_IRQHandler
                0x08002728                CAN1_TX_IRQHandler
                0x08002728                SVC_Handler
                0x08002728                FSMC_IRQHandler
                0x08002728                ETH_IRQHandler
                0x08002728                OTG_HS_EP1_OUT_IRQHandler
                0x08002728                WWDG_IRQHandler
                0x08002728                TIM2_IRQHandler
                0x08002728                OTG_FS_WKUP_IRQHandler
                0x08002728                TIM1_TRG_COM_TIM11_IRQHandler
                0x08002728                OTG_HS_IRQHandler
                0x08002728                USART2_IRQHandler
                0x08002728                I2C2_ER_IRQHandler
                0x08002728                DMA2_Stream1_IRQHandler
                0x08002728                CAN1_SCE_IRQHandler
                0x08002728                FLASH_IRQHandler
                0x08002728                DMA2_Stream4_IRQHandler
                0x08002728                BusFault_Handler
                0x08002728                OTG_FS_IRQHandler
                0x08002728                SPI3_IRQHandler
                0x08002728                DMA1_Stream4_IRQHandler
                0x08002728                I2C1_ER_IRQHandler
                0x08002728                DMA2_Stream6_IRQHandler
                0x08002728                DMA1_Stream3_IRQHandler
 *fill*         0x0800272a        0x2 00000000
 .text.SystemInit
                0x0800272c       0x24 build\libraries\STM32F4xx_HAL\CMSIS\Device\ST\STM32F4xx\Source\Templates\system_stm32f4xx.o
                0x0800272c                SystemInit
 .text.SystemCoreClockUpdate
                0x08002750      0x100 build\libraries\STM32F4xx_HAL\CMSIS\Device\ST\STM32F4xx\Source\Templates\system_stm32f4xx.o
                0x08002750                SystemCoreClockUpdate
 .text.HAL_Init
                0x08002850       0x44 build\libraries\STM32F4xx_HAL\STM32F4xx_HAL_Driver\Src\stm32f4xx_hal.o
                0x08002850                HAL_Init
 .text.__NVIC_SetPriorityGrouping
                0x08002894       0x48 build\libraries\STM32F4xx_HAL\STM32F4xx_HAL_Driver\Src\stm32f4xx_hal_cortex.o
 .text.__NVIC_GetPriorityGrouping
                0x080028dc       0x1c build\libraries\STM32F4xx_HAL\STM32F4xx_HAL_Driver\Src\stm32f4xx_hal_cortex.o
 .text.__NVIC_EnableIRQ
                0x080028f8       0x3c build\libraries\STM32F4xx_HAL\STM32F4xx_HAL_Driver\Src\stm32f4xx_hal_cortex.o
 .text.__NVIC_DisableIRQ
                0x08002934       0x48 build\libraries\STM32F4xx_HAL\STM32F4xx_HAL_Driver\Src\stm32f4xx_hal_cortex.o
 .text.__NVIC_SetPriority
                0x0800297c       0x54 build\libraries\STM32F4xx_HAL\STM32F4xx_HAL_Driver\Src\stm32f4xx_hal_cortex.o
 .text.NVIC_EncodePriority
                0x080029d0       0x66 build\libraries\STM32F4xx_HAL\STM32F4xx_HAL_Driver\Src\stm32f4xx_hal_cortex.o
 *fill*         0x08002a36        0x2 00000000
 .text.SysTick_Config
                0x08002a38       0x44 build\libraries\STM32F4xx_HAL\STM32F4xx_HAL_Driver\Src\stm32f4xx_hal_cortex.o
 .text.HAL_NVIC_SetPriorityGrouping
                0x08002a7c       0x16 build\libraries\STM32F4xx_HAL\STM32F4xx_HAL_Driver\Src\stm32f4xx_hal_cortex.o
                0x08002a7c                HAL_NVIC_SetPriorityGrouping
 .text.HAL_NVIC_SetPriority
                0x08002a92       0x38 build\libraries\STM32F4xx_HAL\STM32F4xx_HAL_Driver\Src\stm32f4xx_hal_cortex.o
                0x08002a92                HAL_NVIC_SetPriority
 .text.HAL_NVIC_EnableIRQ
                0x08002aca       0x1c build\libraries\STM32F4xx_HAL\STM32F4xx_HAL_Driver\Src\stm32f4xx_hal_cortex.o
                0x08002aca                HAL_NVIC_EnableIRQ
 .text.HAL_NVIC_DisableIRQ
                0x08002ae6       0x1c build\libraries\STM32F4xx_HAL\STM32F4xx_HAL_Driver\Src\stm32f4xx_hal_cortex.o
                0x08002ae6                HAL_NVIC_DisableIRQ
 .text.HAL_SYSTICK_Config
                0x08002b02       0x18 build\libraries\STM32F4xx_HAL\STM32F4xx_HAL_Driver\Src\stm32f4xx_hal_cortex.o
                0x08002b02                HAL_SYSTICK_Config
 *fill*         0x08002b1a        0x2 00000000
 .text.HAL_DMA_Init
                0x08002b1c      0x15c build\libraries\STM32F4xx_HAL\STM32F4xx_HAL_Driver\Src\stm32f4xx_hal_dma.o
                0x08002b1c                HAL_DMA_Init
 .text.HAL_DMA_DeInit
                0x08002c78       0xbc build\libraries\STM32F4xx_HAL\STM32F4xx_HAL_Driver\Src\stm32f4xx_hal_dma.o
                0x08002c78                HAL_DMA_DeInit
 .text.HAL_DMA_Start_IT
                0x08002d34       0xb0 build\libraries\STM32F4xx_HAL\STM32F4xx_HAL_Driver\Src\stm32f4xx_hal_dma.o
                0x08002d34                HAL_DMA_Start_IT
 .text.HAL_DMA_Abort
                0x08002de4       0xe0 build\libraries\STM32F4xx_HAL\STM32F4xx_HAL_Driver\Src\stm32f4xx_hal_dma.o
                0x08002de4                HAL_DMA_Abort
 .text.HAL_DMA_Abort_IT
                0x08002ec4       0x44 build\libraries\STM32F4xx_HAL\STM32F4xx_HAL_Driver\Src\stm32f4xx_hal_dma.o
                0x08002ec4                HAL_DMA_Abort_IT
 .text.DMA_SetConfig
                0x08002f08       0x5c build\libraries\STM32F4xx_HAL\STM32F4xx_HAL_Driver\Src\stm32f4xx_hal_dma.o
 .text.DMA_CalcBaseAndBitshift
                0x08002f64       0x6c build\libraries\STM32F4xx_HAL\STM32F4xx_HAL_Driver\Src\stm32f4xx_hal_dma.o
 .text.DMA_CheckFifoParam
                0x08002fd0       0xf8 build\libraries\STM32F4xx_HAL\STM32F4xx_HAL_Driver\Src\stm32f4xx_hal_dma.o
 .text.HAL_GPIO_Init
                0x080030c8      0x338 build\libraries\STM32F4xx_HAL\STM32F4xx_HAL_Driver\Src\stm32f4xx_hal_gpio.o
                0x080030c8                HAL_GPIO_Init
 .text.HAL_GPIO_DeInit
                0x08003400      0x1f8 build\libraries\STM32F4xx_HAL\STM32F4xx_HAL_Driver\Src\stm32f4xx_hal_gpio.o
                0x08003400                HAL_GPIO_DeInit
 .text.HAL_GPIO_ReadPin
                0x080035f8       0x30 build\libraries\STM32F4xx_HAL\STM32F4xx_HAL_Driver\Src\stm32f4xx_hal_gpio.o
                0x080035f8                HAL_GPIO_ReadPin
 .text.HAL_GPIO_WritePin
                0x08003628       0x32 build\libraries\STM32F4xx_HAL\STM32F4xx_HAL_Driver\Src\stm32f4xx_hal_gpio.o
                0x08003628                HAL_GPIO_WritePin
 *fill*         0x0800365a        0x2 00000000
 .text.HAL_GPIO_EXTI_IRQHandler
                0x0800365c       0x30 build\libraries\STM32F4xx_HAL\STM32F4xx_HAL_Driver\Src\stm32f4xx_hal_gpio.o
                0x0800365c                HAL_GPIO_EXTI_IRQHandler
 .text.HAL_RCC_OscConfig
                0x0800368c      0x4f0 build\libraries\STM32F4xx_HAL\STM32F4xx_HAL_Driver\Src\stm32f4xx_hal_rcc.o
                0x0800368c                HAL_RCC_OscConfig
 .text.HAL_RCC_ClockConfig
                0x08003b7c      0x1cc build\libraries\STM32F4xx_HAL\STM32F4xx_HAL_Driver\Src\stm32f4xx_hal_rcc.o
                0x08003b7c                HAL_RCC_ClockConfig
 .text.HAL_RCC_GetSysClockFreq
                0x08003d48      0x20c build\libraries\STM32F4xx_HAL\STM32F4xx_HAL_Driver\Src\stm32f4xx_hal_rcc.o
                0x08003d48                HAL_RCC_GetSysClockFreq
 .text.HAL_RCC_GetHCLKFreq
                0x08003f54       0x18 build\libraries\STM32F4xx_HAL\STM32F4xx_HAL_Driver\Src\stm32f4xx_hal_rcc.o
                0x08003f54                HAL_RCC_GetHCLKFreq
 .text.HAL_RCC_GetPCLK1Freq
                0x08003f6c       0x28 build\libraries\STM32F4xx_HAL\STM32F4xx_HAL_Driver\Src\stm32f4xx_hal_rcc.o
                0x08003f6c                HAL_RCC_GetPCLK1Freq
 .text.HAL_RCC_GetPCLK2Freq
                0x08003f94       0x28 build\libraries\STM32F4xx_HAL\STM32F4xx_HAL_Driver\Src\stm32f4xx_hal_rcc.o
                0x08003f94                HAL_RCC_GetPCLK2Freq
 .text.HAL_RCCEx_PeriphCLKConfig
                0x08003fbc      0x1c4 build\libraries\STM32F4xx_HAL\STM32F4xx_HAL_Driver\Src\stm32f4xx_hal_rcc_ex.o
                0x08003fbc                HAL_RCCEx_PeriphCLKConfig
 .text.HAL_UART_Init
                0x08004180       0x9a build\libraries\STM32F4xx_HAL\STM32F4xx_HAL_Driver\Src\stm32f4xx_hal_uart.o
                0x08004180                HAL_UART_Init
 .text.HAL_UART_DeInit
                0x0800421a       0x5e build\libraries\STM32F4xx_HAL\STM32F4xx_HAL_Driver\Src\stm32f4xx_hal_uart.o
                0x0800421a                HAL_UART_DeInit
 .text.HAL_UART_Transmit_DMA
                0x08004278       0xfc build\libraries\STM32F4xx_HAL\STM32F4xx_HAL_Driver\Src\stm32f4xx_hal_uart.o
                0x08004278                HAL_UART_Transmit_DMA
 .text.HAL_UART_Receive_DMA
                0x08004374       0x60 build\libraries\STM32F4xx_HAL\STM32F4xx_HAL_Driver\Src\stm32f4xx_hal_uart.o
                0x08004374                HAL_UART_Receive_DMA
 .text.HAL_UART_IRQHandler
                0x080043d4      0x51c build\libraries\STM32F4xx_HAL\STM32F4xx_HAL_Driver\Src\stm32f4xx_hal_uart.o
                0x080043d4                HAL_UART_IRQHandler
 .text.HAL_UART_TxHalfCpltCallback
                0x080048f0       0x14 build\libraries\STM32F4xx_HAL\STM32F4xx_HAL_Driver\Src\stm32f4xx_hal_uart.o
                0x080048f0                HAL_UART_TxHalfCpltCallback
 .text.HAL_UARTEx_RxEventCallback
                0x08004904       0x18 build\libraries\STM32F4xx_HAL\STM32F4xx_HAL_Driver\Src\stm32f4xx_hal_uart.o
                0x08004904                HAL_UARTEx_RxEventCallback
 .text.UART_DMATransmitCplt
                0x0800491c       0x9a build\libraries\STM32F4xx_HAL\STM32F4xx_HAL_Driver\Src\stm32f4xx_hal_uart.o
 .text.UART_DMATxHalfCplt
                0x080049b6       0x1c build\libraries\STM32F4xx_HAL\STM32F4xx_HAL_Driver\Src\stm32f4xx_hal_uart.o
 .text.UART_DMAReceiveCplt
                0x080049d2      0x126 build\libraries\STM32F4xx_HAL\STM32F4xx_HAL_Driver\Src\stm32f4xx_hal_uart.o
 .text.UART_DMARxHalfCplt
                0x08004af8       0x36 build\libraries\STM32F4xx_HAL\STM32F4xx_HAL_Driver\Src\stm32f4xx_hal_uart.o
 .text.UART_DMAError
                0x08004b2e       0x94 build\libraries\STM32F4xx_HAL\STM32F4xx_HAL_Driver\Src\stm32f4xx_hal_uart.o
 *fill*         0x08004bc2        0x2 00000000
 .text.UART_Start_Receive_DMA
                0x08004bc4      0x134 build\libraries\STM32F4xx_HAL\STM32F4xx_HAL_Driver\Src\stm32f4xx_hal_uart.o
                0x08004bc4                UART_Start_Receive_DMA
 .text.UART_EndTxTransfer
                0x08004cf8       0x50 build\libraries\STM32F4xx_HAL\STM32F4xx_HAL_Driver\Src\stm32f4xx_hal_uart.o
 .text.UART_EndRxTransfer
                0x08004d48       0xc6 build\libraries\STM32F4xx_HAL\STM32F4xx_HAL_Driver\Src\stm32f4xx_hal_uart.o
 .text.UART_DMAAbortOnError
                0x08004e0e       0x28 build\libraries\STM32F4xx_HAL\STM32F4xx_HAL_Driver\Src\stm32f4xx_hal_uart.o
 .text.UART_Transmit_IT
                0x08004e36       0xa0 build\libraries\STM32F4xx_HAL\STM32F4xx_HAL_Driver\Src\stm32f4xx_hal_uart.o
 .text.UART_EndTransmit_IT
                0x08004ed6       0x30 build\libraries\STM32F4xx_HAL\STM32F4xx_HAL_Driver\Src\stm32f4xx_hal_uart.o
 .text.UART_Receive_IT
                0x08004f06      0x176 build\libraries\STM32F4xx_HAL\STM32F4xx_HAL_Driver\Src\stm32f4xx_hal_uart.o
 .text.UART_SetConfig
                0x0800507c      0x4e8 build\libraries\STM32F4xx_HAL\STM32F4xx_HAL_Driver\Src\stm32f4xx_hal_uart.o
 .text.thread1_recv_event
                0x08005564       0x80 build\packages\kernel_samples-latest\en\event_sample.o
 .text.thread2_send_event
                0x080055e4       0x5c build\packages\kernel_samples-latest\en\event_sample.o
 .text.event_sample
                0x08005640       0xa4 build\packages\kernel_samples-latest\en\event_sample.o
                0x08005640                event_sample
 .text.thread1_entry
                0x080056e4       0x60 build\packages\kernel_samples-latest\en\mailbox_sample.o
 .text.thread2_entry
                0x08005744       0x64 build\packages\kernel_samples-latest\en\mailbox_sample.o
 .text.mailbox_sample
                0x080057a8       0xac build\packages\kernel_samples-latest\en\mailbox_sample.o
                0x080057a8                mailbox_sample
 .text.thread1_entry
                0x08005854       0x68 build\packages\kernel_samples-latest\en\msgq_sample.o
 .text.thread2_entry
                0x080058bc       0xac build\packages\kernel_samples-latest\en\msgq_sample.o
 .text.msgq_sample
                0x08005968       0xb4 build\packages\kernel_samples-latest\en\msgq_sample.o
                0x08005968                msgq_sample
 .text.rt_thread_entry1
                0x08005a1c       0x4c build\packages\kernel_samples-latest\en\mutex_sample.o
 .text.rt_thread_entry2
                0x08005a68       0x8c build\packages\kernel_samples-latest\en\mutex_sample.o
 .text.mutex_sample
                0x08005af4       0xa4 build\packages\kernel_samples-latest\en\mutex_sample.o
                0x08005af4                mutex_sample
 .text.rt_thread1_entry
                0x08005b98       0x64 build\packages\kernel_samples-latest\en\semaphore_sample.o
 .text.rt_thread2_entry
                0x08005bfc       0x6c build\packages\kernel_samples-latest\en\semaphore_sample.o
 .text.semaphore_sample
                0x08005c68       0xb0 build\packages\kernel_samples-latest\en\semaphore_sample.o
                0x08005c68                semaphore_sample
 .text.thread1_entry
                0x08005d18       0x28 build\packages\kernel_samples-latest\en\thread_sample.o
 .text.thread2_entry
                0x08005d40       0x3c build\packages\kernel_samples-latest\en\thread_sample.o
 .text.thread_sample
                0x08005d7c       0x7c build\packages\kernel_samples-latest\en\thread_sample.o
                0x08005d7c                thread_sample
 .text.dfs_device_fs_mount
                0x08005df8       0x1a build\kernel\components\dfs\dfs_v1\filesystems\devfs\devfs.o
                0x08005df8                dfs_device_fs_mount
 .text.dfs_device_fs_statfs
                0x08005e12       0x38 build\kernel\components\dfs\dfs_v1\filesystems\devfs\devfs.o
                0x08005e12                dfs_device_fs_statfs
 *fill*         0x08005e4a        0x2 00000000
 .text.dfs_device_fs_ioctl
                0x08005e4c       0x80 build\kernel\components\dfs\dfs_v1\filesystems\devfs\devfs.o
                0x08005e4c                dfs_device_fs_ioctl
 .text.dfs_device_fs_read
                0x08005ecc       0x88 build\kernel\components\dfs\dfs_v1\filesystems\devfs\devfs.o
                0x08005ecc                dfs_device_fs_read
 .text.dfs_device_fs_write
                0x08005f54       0x88 build\kernel\components\dfs\dfs_v1\filesystems\devfs\devfs.o
                0x08005f54                dfs_device_fs_write
 .text.dfs_device_fs_close
                0x08005fdc       0xd4 build\kernel\components\dfs\dfs_v1\filesystems\devfs\devfs.o
                0x08005fdc                dfs_device_fs_close
 .text.dfs_device_fs_open
                0x080060b0      0x190 build\kernel\components\dfs\dfs_v1\filesystems\devfs\devfs.o
                0x080060b0                dfs_device_fs_open
 .text.dfs_device_fs_unlink
                0x08006240       0x18 build\kernel\components\dfs\dfs_v1\filesystems\devfs\devfs.o
                0x08006240                dfs_device_fs_unlink
 .text.dfs_device_fs_stat
                0x08006258      0x10e build\kernel\components\dfs\dfs_v1\filesystems\devfs\devfs.o
                0x08006258                dfs_device_fs_stat
 *fill*         0x08006366        0x2 00000000
 .text.dfs_device_fs_getdents
                0x08006368       0xec build\kernel\components\dfs\dfs_v1\filesystems\devfs\devfs.o
                0x08006368                dfs_device_fs_getdents
 .text.dfs_device_fs_poll
                0x08006454       0x1c build\kernel\components\dfs\dfs_v1\filesystems\devfs\devfs.o
 .text.devfs_init
                0x08006470       0x14 build\kernel\components\dfs\dfs_v1\filesystems\devfs\devfs.o
                0x08006470                devfs_init
 .text.dfs_init
                0x08006484       0xb4 build\kernel\components\dfs\dfs_v1\src\dfs.o
                0x08006484                dfs_init
 .text.dfs_lock
                0x08006538       0x48 build\kernel\components\dfs\dfs_v1\src\dfs.o
                0x08006538                dfs_lock
 .text.dfs_file_lock
                0x08006580       0x48 build\kernel\components\dfs\dfs_v1\src\dfs.o
                0x08006580                dfs_file_lock
 .text.dfs_unlock
                0x080065c8       0x14 build\kernel\components\dfs\dfs_v1\src\dfs.o
                0x080065c8                dfs_unlock
 .text.dfs_file_unlock
                0x080065dc       0x14 build\kernel\components\dfs\dfs_v1\src\dfs.o
                0x080065dc                dfs_file_unlock
 .text.fd_slot_expand
                0x080065f0       0x92 build\kernel\components\dfs\dfs_v1\src\dfs.o
 .text.fd_slot_alloc
                0x08006682       0x66 build\kernel\components\dfs\dfs_v1\src\dfs.o
 .text.fd_alloc
                0x080066e8       0x66 build\kernel\components\dfs\dfs_v1\src\dfs.o
 *fill*         0x0800674e        0x2 00000000
 .text.fdt_fd_new
                0x08006750       0x48 build\kernel\components\dfs\dfs_v1\src\dfs.o
                0x08006750                fdt_fd_new
 .text.fd_new   0x08006798       0x20 build\kernel\components\dfs\dfs_v1\src\dfs.o
                0x08006798                fd_new
 .text.fdt_fd_get
                0x080067b8       0x5a build\kernel\components\dfs\dfs_v1\src\dfs.o
                0x080067b8                fdt_fd_get
 .text.fd_get   0x08006812       0x20 build\kernel\components\dfs\dfs_v1\src\dfs.o
                0x08006812                fd_get
 *fill*         0x08006832        0x2 00000000
 .text.fdt_fd_release
                0x08006834       0xd4 build\kernel\components\dfs\dfs_v1\src\dfs.o
                0x08006834                fdt_fd_release
 .text.fd_release
                0x08006908       0x1e build\kernel\components\dfs\dfs_v1\src\dfs.o
                0x08006908                fd_release
 .text.fd_init  0x08006926       0x3a build\kernel\components\dfs\dfs_v1\src\dfs.o
                0x08006926                fd_init
 .text.dfs_subdir
                0x08006960       0x50 build\kernel\components\dfs\dfs_v1\src\dfs.o
                0x08006960                dfs_subdir
 .text.dfs_normalize_path
                0x080069b0      0x21c build\kernel\components\dfs\dfs_v1\src\dfs.o
                0x080069b0                dfs_normalize_path
 .text.dfs_fdtable_get
                0x08006bcc       0x1c build\kernel\components\dfs\dfs_v1\src\dfs.o
                0x08006bcc                dfs_fdtable_get
 .text.list_fd  0x08006be8      0x158 build\kernel\components\dfs\dfs_v1\src\dfs.o
                0x08006be8                list_fd
 .text.rt_list_init
                0x08006d40       0x22 build\kernel\components\dfs\dfs_v1\src\dfs_file.o
 .text.rt_list_insert_after
                0x08006d62       0x32 build\kernel\components\dfs\dfs_v1\src\dfs_file.o
 .text.rt_list_remove
                0x08006d94       0x36 build\kernel\components\dfs\dfs_v1\src\dfs_file.o
 *fill*         0x08006dca        0x2 00000000
 .text.dfs_fm_lock
                0x08006dcc       0x18 build\kernel\components\dfs\dfs_v1\src\dfs_file.o
                0x08006dcc                dfs_fm_lock
 .text.dfs_fm_unlock
                0x08006de4       0x14 build\kernel\components\dfs\dfs_v1\src\dfs_file.o
                0x08006de4                dfs_fm_unlock
 .text.dfs_vnode_mgr_init
                0x08006df8       0x4c build\kernel\components\dfs\dfs_v1\src\dfs_file.o
                0x08006df8                dfs_vnode_mgr_init
 .text.bkdr_hash
                0x08006e44       0x40 build\kernel\components\dfs\dfs_v1\src\dfs_file.o
 .text.dfs_vnode_find
                0x08006e84       0x80 build\kernel\components\dfs\dfs_v1\src\dfs_file.o
 .text.dfs_file_is_open
                0x08006f04       0x4a build\kernel\components\dfs\dfs_v1\src\dfs_file.o
                0x08006f04                dfs_file_is_open
 *fill*         0x08006f4e        0x2 00000000
 .text.dfs_file_open
                0x08006f50      0x21c build\kernel\components\dfs\dfs_v1\src\dfs_file.o
                0x08006f50                dfs_file_open
 .text.dfs_file_close
                0x0800716c       0xa2 build\kernel\components\dfs\dfs_v1\src\dfs_file.o
                0x0800716c                dfs_file_close
 .text.dfs_file_read
                0x0800720e       0x5c build\kernel\components\dfs\dfs_v1\src\dfs_file.o
                0x0800720e                dfs_file_read
 .text.dfs_file_getdents
                0x0800726a       0x54 build\kernel\components\dfs\dfs_v1\src\dfs_file.o
                0x0800726a                dfs_file_getdents
 *fill*         0x080072be        0x2 00000000
 .text.dfs_file_unlink
                0x080072c0       0xcc build\kernel\components\dfs\dfs_v1\src\dfs_file.o
                0x080072c0                dfs_file_unlink
 .text.dfs_file_write
                0x0800738c       0x44 build\kernel\components\dfs\dfs_v1\src\dfs_file.o
                0x0800738c                dfs_file_write
 .text.dfs_file_lseek
                0x080073d0       0x4e build\kernel\components\dfs\dfs_v1\src\dfs_file.o
                0x080073d0                dfs_file_lseek
 *fill*         0x0800741e        0x2 00000000
 .text.dfs_file_stat
                0x08007420       0xe8 build\kernel\components\dfs\dfs_v1\src\dfs_file.o
                0x08007420                dfs_file_stat
 .text.dfs_file_rename
                0x08007508      0x10a build\kernel\components\dfs\dfs_v1\src\dfs_file.o
                0x08007508                dfs_file_rename
 *fill*         0x08007612        0x2 00000000
 .text.ls       0x08007614      0x190 build\kernel\components\dfs\dfs_v1\src\dfs_file.o
                0x08007614                ls
 .text.cat      0x080077a4       0xa0 build\kernel\components\dfs\dfs_v1\src\dfs_file.o
                0x080077a4                cat
 .text.copyfile
                0x08007844       0xfc build\kernel\components\dfs\dfs_v1\src\dfs_file.o
 .text.copydir  0x08007940      0x1b8 build\kernel\components\dfs\dfs_v1\src\dfs_file.o
 .text._get_path_lastname
                0x08007af8       0x2c build\kernel\components\dfs\dfs_v1\src\dfs_file.o
 .text.copy     0x08007b24      0x15c build\kernel\components\dfs\dfs_v1\src\dfs_file.o
                0x08007b24                copy
 .text.dfs_register
                0x08007c80       0xc0 build\kernel\components\dfs\dfs_v1\src\dfs_fs.o
                0x08007c80                dfs_register
 .text.dfs_filesystem_lookup
                0x08007d40       0xc4 build\kernel\components\dfs\dfs_v1\src\dfs_fs.o
                0x08007d40                dfs_filesystem_lookup
 .text.dfs_mount
                0x08007e04      0x264 build\kernel\components\dfs\dfs_v1\src\dfs_fs.o
                0x08007e04                dfs_mount
 .text.dfs_unmount
                0x08008068       0xe0 build\kernel\components\dfs\dfs_v1\src\dfs_fs.o
                0x08008068                dfs_unmount
 .text.dfs_mkfs
                0x08008148      0x11c build\kernel\components\dfs\dfs_v1\src\dfs_fs.o
                0x08008148                dfs_mkfs
 .text.dfs_statfs
                0x08008264       0x46 build\kernel\components\dfs\dfs_v1\src\dfs_fs.o
                0x08008264                dfs_statfs
 *fill*         0x080082aa        0x2 00000000
 .text.df       0x080082ac      0x1f4 build\kernel\components\dfs\dfs_v1\src\dfs_fs.o
                0x080082ac                df
 .text.open     0x080084a0       0x60 build\kernel\components\dfs\dfs_v1\src\dfs_posix.o
                0x080084a0                open
 .text.close    0x08008500       0x4e build\kernel\components\dfs\dfs_v1\src\dfs_posix.o
                0x08008500                close
 .text.read     0x0800854e       0x50 build\kernel\components\dfs\dfs_v1\src\dfs_posix.o
                0x0800854e                read
 .text.write    0x0800859e       0x50 build\kernel\components\dfs\dfs_v1\src\dfs_posix.o
                0x0800859e                write
 .text.lseek    0x080085ee       0xa4 build\kernel\components\dfs\dfs_v1\src\dfs_posix.o
                0x080085ee                lseek
 .text.rename   0x08008692       0x30 build\kernel\components\dfs\dfs_v1\src\dfs_posix.o
                0x08008692                rename
 .text.unlink   0x080086c2       0x2c build\kernel\components\dfs\dfs_v1\src\dfs_posix.o
                0x080086c2                unlink
 .text.stat     0x080086ee       0x30 build\kernel\components\dfs\dfs_v1\src\dfs_posix.o
                0x080086ee                stat
 *fill*         0x0800871e        0x2 00000000
 .text.mkdir    0x08008720       0x6c build\kernel\components\dfs\dfs_v1\src\dfs_posix.o
                0x08008720                mkdir
 .text.rmdir    0x0800878c       0x2c build\kernel\components\dfs\dfs_v1\src\dfs_posix.o
                0x0800878c                rmdir
 .text.opendir  0x080087b8       0x8c build\kernel\components\dfs\dfs_v1\src\dfs_posix.o
                0x080087b8                opendir
 .text.readdir  0x08008844       0xb0 build\kernel\components\dfs\dfs_v1\src\dfs_posix.o
                0x08008844                readdir
 .text.rewinddir
                0x080088f4       0x4c build\kernel\components\dfs\dfs_v1\src\dfs_posix.o
                0x080088f4                rewinddir
 .text.closedir
                0x08008940       0x5c build\kernel\components\dfs\dfs_v1\src\dfs_posix.o
                0x08008940                closedir
 .text.chdir    0x0800899c       0xac build\kernel\components\dfs\dfs_v1\src\dfs_posix.o
                0x0800899c                chdir
 .text.getcwd   0x08008a48       0x38 build\kernel\components\dfs\dfs_v1\src\dfs_posix.o
                0x08008a48                getcwd
 .text.strnlen  0x08008a80       0x3c build\kernel\components\libc\compilers\common\cstring.o
                0x08008a80                strnlen
 .text.__libc_init_array
                0x08008abc        0xe build\kernel\components\libc\compilers\newlib\syscalls.o
                0x08008abc                __libc_init_array
 .text.__errno  0x08008aca        0xe build\kernel\components\libc\compilers\newlib\syscalls.o
                0x08008aca                __errno
 .text.rt_hw_atomic_load
                0x08008ad8       0x3e build\kernel\libcpu\arm\common\atomic_arm.o
                0x08008ad8                rt_hw_atomic_load
 .text.rt_hw_atomic_add
                0x08008b16       0x44 build\kernel\libcpu\arm\common\atomic_arm.o
                0x08008b16                rt_hw_atomic_add
 .text.rt_hw_atomic_sub
                0x08008b5a       0x44 build\kernel\libcpu\arm\common\atomic_arm.o
                0x08008b5a                rt_hw_atomic_sub
 *fill*         0x08008b9e        0x2 00000000
 .text.rt_hw_stack_init
                0x08008ba0       0x90 build\kernel\libcpu\arm\cortex-m4\cpuport.o
                0x08008ba0                rt_hw_stack_init
 .text.usage_fault_track
                0x08008c30       0xc4 build\kernel\libcpu\arm\cortex-m4\cpuport.o
 .text.bus_fault_track
                0x08008cf4       0xcc build\kernel\libcpu\arm\cortex-m4\cpuport.o
 .text.mem_manage_fault_track
                0x08008dc0       0xb4 build\kernel\libcpu\arm\cortex-m4\cpuport.o
 .text.hard_fault_track
                0x08008e74       0x78 build\kernel\libcpu\arm\cortex-m4\cpuport.o
 .text.rt_hw_hard_fault_exception
                0x08008eec      0x184 build\kernel\libcpu\arm\cortex-m4\cpuport.o
                0x08008eec                rt_hw_hard_fault_exception
 .text.rt_hw_cpu_reset
                0x08009070       0x1c build\kernel\libcpu\arm\cortex-m4\cpuport.o
                0x08009070                rt_hw_cpu_reset
 .text.__rt_ffs
                0x0800908c       0x2a build\kernel\libcpu\arm\cortex-m4\cpuport.o
                0x0800908c                __rt_ffs
 .text.rt_device_register
                0x080090b6       0x54 build\kernel\components\drivers\core\device.o
                0x080090b6                rt_device_register
 .text.rt_device_find
                0x0800910a       0x1a build\kernel\components\drivers\core\device.o
                0x0800910a                rt_device_find
 .text.rt_device_open
                0x08009124      0x150 build\kernel\components\drivers\core\device.o
                0x08009124                rt_device_open
 .text.rt_device_close
                0x08009274       0x9c build\kernel\components\drivers\core\device.o
                0x08009274                rt_device_close
 .text.rt_device_read
                0x08009310       0x88 build\kernel\components\drivers\core\device.o
                0x08009310                rt_device_read
 .text.rt_device_write
                0x08009398       0x88 build\kernel\components\drivers\core\device.o
                0x08009398                rt_device_write
 .text.rt_device_control
                0x08009420       0x68 build\kernel\components\drivers\core\device.o
                0x08009420                rt_device_control
 .text.rt_device_set_rx_indicate
                0x08009488       0x54 build\kernel\components\drivers\core\device.o
                0x08009488                rt_device_set_rx_indicate
 .text.rt_completion_done
                0x080094dc       0x1a build\kernel\components\drivers\ipc\completion_comm.o
                0x080094dc                rt_completion_done
 .text.rt_completion_wait
                0x080094f6       0x1e build\kernel\components\drivers\ipc\completion_comm.o
                0x080094f6                rt_completion_wait
 .text.rt_completion_init
                0x08009514       0x30 build\kernel\components\drivers\ipc\completion_up.o
                0x08009514                rt_completion_init
 .text.rt_completion_wait_flags
                0x08009544      0x19c build\kernel\components\drivers\ipc\completion_up.o
                0x08009544                rt_completion_wait_flags
 .text.rt_completion_wakeup_by_errno
                0x080096e0       0x98 build\kernel\components\drivers\ipc\completion_up.o
                0x080096e0                rt_completion_wakeup_by_errno
 .text.rt_list_init
                0x08009778       0x22 build\kernel\components\drivers\ipc\dataqueue.o
 *fill*         0x0800979a        0x2 00000000
 .text.rt_data_queue_init
                0x0800979c       0xc8 build\kernel\components\drivers\ipc\dataqueue.o
                0x0800979c                rt_data_queue_init
 .text.rt_data_queue_push
                0x08009864      0x234 build\kernel\components\drivers\ipc\dataqueue.o
                0x08009864                rt_data_queue_push
 .text.rt_data_queue_pop
                0x08009a98      0x294 build\kernel\components\drivers\ipc\dataqueue.o
                0x08009a98                rt_data_queue_pop
 .text.rt_data_queue_peek
                0x08009d2c       0xac build\kernel\components\drivers\ipc\dataqueue.o
                0x08009d2c                rt_data_queue_peek
 .text.rt_data_queue_reset
                0x08009dd8       0xb8 build\kernel\components\drivers\ipc\dataqueue.o
                0x08009dd8                rt_data_queue_reset
 .text.rt_data_queue_deinit
                0x08009e90       0x78 build\kernel\components\drivers\ipc\dataqueue.o
                0x08009e90                rt_data_queue_deinit
 .text.rt_data_queue_len
                0x08009f08       0xcc build\kernel\components\drivers\ipc\dataqueue.o
                0x08009f08                rt_data_queue_len
 .text._pin_read
                0x08009fd4       0x60 build\kernel\components\drivers\pin\pin.o
 .text._pin_write
                0x0800a034       0x5c build\kernel\components\drivers\pin\pin.o
 .text._pin_control
                0x0800a090       0x54 build\kernel\components\drivers\pin\pin.o
 .text.rt_device_pin_register
                0x0800a0e4       0x74 build\kernel\components\drivers\pin\pin.o
                0x0800a0e4                rt_device_pin_register
 .text.rt_pin_mode
                0x0800a158       0x40 build\kernel\components\drivers\pin\pin.o
                0x0800a158                rt_pin_mode
 .text.rt_pin_write
                0x0800a198       0x40 build\kernel\components\drivers\pin\pin.o
                0x0800a198                rt_pin_write
 .text.rt_pin_read
                0x0800a1d8       0x3c build\kernel\components\drivers\pin\pin.o
                0x0800a1d8                rt_pin_read
 .text.rt_pin_get
                0x0800a214       0x4c build\kernel\components\drivers\pin\pin.o
                0x0800a214                rt_pin_get
 .text._pin_cmd_conv
                0x0800a260       0x18 build\kernel\components\drivers\pin\pin.o
 .text._pin_cmd_print_usage
                0x0800a278       0x78 build\kernel\components\drivers\pin\pin.o
 .text._pin_cmd_get
                0x0800a2f0       0x5c build\kernel\components\drivers\pin\pin.o
 .text._pin_cmd_mode
                0x0800a34c      0x110 build\kernel\components\drivers\pin\pin.o
 .text._pin_cmd_read
                0x0800a45c       0x94 build\kernel\components\drivers\pin\pin.o
 .text._pin_cmd_write
                0x0800a4f0       0xe4 build\kernel\components\drivers\pin\pin.o
 .text._pin_cmd
                0x0800a5d4       0xac build\kernel\components\drivers\pin\pin.o
 .text._serial_poll_rx
                0x0800a680       0x80 build\kernel\components\drivers\serial\serial.o
 .text._serial_poll_tx
                0x0800a700       0x88 build\kernel\components\drivers\serial\serial.o
 .text._serial_int_rx
                0x0800a788       0xec build\kernel\components\drivers\serial\serial.o
 .text._serial_int_tx
                0x0800a874       0xc4 build\kernel\components\drivers\serial\serial.o
 .text._serial_check_buffer_size
                0x0800a938       0x38 build\kernel\components\drivers\serial\serial.o
 .text._serial_fifo_calc_recved_len
                0x0800a970       0x88 build\kernel\components\drivers\serial\serial.o
 .text.rt_dma_calc_recved_len
                0x0800a9f8       0x18 build\kernel\components\drivers\serial\serial.o
 .text.rt_dma_recv_update_get_index
                0x0800aa10       0xa8 build\kernel\components\drivers\serial\serial.o
 .text.rt_dma_recv_update_put_index
                0x0800aab8       0xf8 build\kernel\components\drivers\serial\serial.o
 .text._serial_dma_rx
                0x0800abb0      0x1ac build\kernel\components\drivers\serial\serial.o
 .text._serial_dma_tx
                0x0800ad5c       0x82 build\kernel\components\drivers\serial\serial.o
 *fill*         0x0800adde        0x2 00000000
 .text.rt_serial_init
                0x0800ade0       0x6c build\kernel\components\drivers\serial\serial.o
 .text.rt_serial_open
                0x0800ae4c      0x370 build\kernel\components\drivers\serial\serial.o
 .text.rt_serial_close
                0x0800b1bc      0x1e0 build\kernel\components\drivers\serial\serial.o
 .text.rt_serial_read
                0x0800b39c       0x84 build\kernel\components\drivers\serial\serial.o
 .text.rt_serial_write
                0x0800b420       0x84 build\kernel\components\drivers\serial\serial.o
 .text.rt_serial_control
                0x0800b4a4      0x120 build\kernel\components\drivers\serial\serial.o
 .text.rt_hw_serial_register
                0x0800b5c4       0xa4 build\kernel\components\drivers\serial\serial.o
                0x0800b5c4                rt_hw_serial_register
 .text.rt_hw_serial_isr
                0x0800b668      0x298 build\kernel\components\drivers\serial\serial.o
                0x0800b668                rt_hw_serial_isr
 .text.rt_list_isempty
                0x0800b900       0x24 build\kernel\components\finsh\cmd.o
 .text.rt_list_len
                0x0800b924       0x36 build\kernel\components\finsh\cmd.o
 *fill*         0x0800b95a        0x2 00000000
 .text.clear    0x0800b95c       0x14 build\kernel\components\finsh\cmd.o
 .text.version  0x0800b970        0xe build\kernel\components\finsh\cmd.o
 *fill*         0x0800b97e        0x2 00000000
 .text.object_split
                0x0800b980       0x28 build\kernel\components\finsh\cmd.o
 .text.list_find_init
                0x0800b9a8       0x46 build\kernel\components\finsh\cmd.o
 .text.list_get_next
                0x0800b9ee       0xd8 build\kernel\components\finsh\cmd.o
 *fill*         0x0800bac6        0x2 00000000
 .text.list_thread
                0x0800bac8      0x264 build\kernel\components\finsh\cmd.o
                0x0800bac8                list_thread
 .text.list_sem
                0x0800bd2c      0x13c build\kernel\components\finsh\cmd.o
                0x0800bd2c                list_sem
 .text.list_event
                0x0800be68      0x12c build\kernel\components\finsh\cmd.o
                0x0800be68                list_event
 .text.list_mutex
                0x0800bf94      0x170 build\kernel\components\finsh\cmd.o
                0x0800bf94                list_mutex
 .text.list_mailbox
                0x0800c104      0x14c build\kernel\components\finsh\cmd.o
                0x0800c104                list_mailbox
 .text.list_msgqueue
                0x0800c250      0x13c build\kernel\components\finsh\cmd.o
                0x0800c250                list_msgqueue
 .text.list_mempool
                0x0800c38c      0x154 build\kernel\components\finsh\cmd.o
                0x0800c38c                list_mempool
 .text.list_timer
                0x0800c4e0      0x13c build\kernel\components\finsh\cmd.o
                0x0800c4e0                list_timer
 .text.list_device
                0x0800c61c      0x114 build\kernel\components\finsh\cmd.o
                0x0800c61c                list_device
 .text.cmd_list
                0x0800c730       0xd0 build\kernel\components\finsh\cmd.o
 .text.msh_help
                0x0800c800       0x5c build\kernel\components\finsh\msh.o
 .text.cmd_ps   0x0800c85c       0x18 build\kernel\components\finsh\msh.o
 .text.cmd_free
                0x0800c874       0x70 build\kernel\components\finsh\msh.o
 .text.msh_split
                0x0800c8e4      0x170 build\kernel\components\finsh\msh.o
 .text.msh_get_cmd
                0x0800ca54       0x64 build\kernel\components\finsh\msh.o
 .text._msh_exec_cmd
                0x0800cab8       0xd4 build\kernel\components\finsh\msh.o
 .text.msh_exec
                0x0800cb8c       0xb8 build\kernel\components\finsh\msh.o
                0x0800cb8c                msh_exec
 .text.str_common
                0x0800cc44       0x4a build\kernel\components\finsh\msh.o
 *fill*         0x0800cc8e        0x2 00000000
 .text.msh_auto_complete_path
                0x0800cc90      0x2dc build\kernel\components\finsh\msh.o
                0x0800cc90                msh_auto_complete_path
 .text.msh_auto_complete
                0x0800cf6c       0xe4 build\kernel\components\finsh\msh.o
                0x0800cf6c                msh_auto_complete
 .text.msh_get_cmd_opt
                0x0800d050       0x84 build\kernel\components\finsh\msh.o
 .text.msh_get_argc
                0x0800d0d4       0x5a build\kernel\components\finsh\msh.o
 *fill*         0x0800d12e        0x2 00000000
 .text.msh_opt_complete
                0x0800d130       0xac build\kernel\components\finsh\msh.o
 .text.msh_opt_help
                0x0800d1dc       0x44 build\kernel\components\finsh\msh.o
 .text.msh_opt_auto_complete
                0x0800d220       0x9a build\kernel\components\finsh\msh.o
                0x0800d220                msh_opt_auto_complete
 .text.msh_cmd_opt_id_get
                0x0800d2ba       0x5a build\kernel\components\finsh\msh.o
                0x0800d2ba                msh_cmd_opt_id_get
 .text.msh_opt_list_dump
                0x0800d314       0x40 build\kernel\components\finsh\msh.o
                0x0800d314                msh_opt_list_dump
 .text.msh_readline
                0x0800d354       0xa2 build\kernel\components\finsh\msh_file.o
 *fill*         0x0800d3f6        0x2 00000000
 .text.msh_exec_script
                0x0800d3f8      0x17c build\kernel\components\finsh\msh_file.o
                0x0800d3f8                msh_exec_script
 .text.cmd_ls   0x0800d574       0x34 build\kernel\components\finsh\msh_file.o
 .text.cmd_cp   0x0800d5a8       0x44 build\kernel\components\finsh\msh_file.o
 .text.cmd_mv   0x0800d5ec      0x138 build\kernel\components\finsh\msh_file.o
 .text.cmd_cat  0x0800d724       0x58 build\kernel\components\finsh\msh_file.o
 .text.directory_delete_for_msh
                0x0800d77c      0x168 build\kernel\components\finsh\msh_file.o
 .text.cmd_rm   0x0800d8e4      0x1bc build\kernel\components\finsh\msh_file.o
 .text.cmd_cd   0x0800daa0       0x58 build\kernel\components\finsh\msh_file.o
 .text.cmd_pwd  0x0800daf8       0x24 build\kernel\components\finsh\msh_file.o
 .text.cmd_mkdir
                0x0800db1c       0x40 build\kernel\components\finsh\msh_file.o
 .text.cmd_mkfs
                0x0800db5c       0x90 build\kernel\components\finsh\msh_file.o
 .text.cmd_mount
                0x0800dbec      0x14c build\kernel\components\finsh\msh_file.o
 .text.cmd_umount
                0x0800dd38       0x64 build\kernel\components\finsh\msh_file.o
 .text.cmd_df   0x0800dd9c       0x70 build\kernel\components\finsh\msh_file.o
 .text.cmd_echo
                0x0800de0c       0x94 build\kernel\components\finsh\msh_file.o
 .text.cmd_tail
                0x0800dea0      0x1bc build\kernel\components\finsh\msh_file.o
 .text.msh_isint
                0x0800e05c       0x6c build\kernel\components\finsh\msh_parse.o
                0x0800e05c                msh_isint
 .text.finsh_get_prompt
                0x0800e0c8       0xa8 build\kernel\components\finsh\shell.o
                0x0800e0c8                finsh_get_prompt
 .text.finsh_set_prompt_mode
                0x0800e170       0x48 build\kernel\components\finsh\shell.o
                0x0800e170                finsh_set_prompt_mode
 .text.finsh_getchar
                0x0800e1b8       0x90 build\kernel\components\finsh\shell.o
                0x0800e1b8                finsh_getchar
 .text.finsh_rx_ind
                0x0800e248       0x3c build\kernel\components\finsh\shell.o
 .text.finsh_set_device
                0x0800e284       0xd8 build\kernel\components\finsh\shell.o
                0x0800e284                finsh_set_device
 .text.shell_auto_complete
                0x0800e35c       0x3c build\kernel\components\finsh\shell.o
 .text.shell_handle_history
                0x0800e398       0x34 build\kernel\components\finsh\shell.o
 .text.shell_push_history
                0x0800e3cc      0x15e build\kernel\components\finsh\shell.o
 *fill*         0x0800e52a        0x2 00000000
 .text.finsh_thread_entry
                0x0800e52c      0x5e0 build\kernel\components\finsh\shell.o
 .text.finsh_system_function_init
                0x0800eb0c       0x2c build\kernel\components\finsh\shell.o
 .text.finsh_system_init
                0x0800eb38       0x9c build\kernel\components\finsh\shell.o
                0x0800eb38                finsh_system_init
 .text.rt_tick_get
                0x0800ebd4       0x14 build\kernel\src\clock.o
                0x0800ebd4                rt_tick_get
 .text.rt_tick_increase
                0x0800ebe8       0x4c build\kernel\src\clock.o
                0x0800ebe8                rt_tick_increase
 .text.rt_tick_from_millisecond
                0x0800ec34       0x78 build\kernel\src\clock.o
                0x0800ec34                rt_tick_from_millisecond
 .text.rti_start
                0x0800ecac       0x10 build\kernel\src\components.o
 .text.rti_board_start
                0x0800ecbc       0x10 build\kernel\src\components.o
 .text.rti_board_end
                0x0800eccc       0x10 build\kernel\src\components.o
 .text.rti_end  0x0800ecdc       0x10 build\kernel\src\components.o
 .text.rt_components_board_init
                0x0800ecec       0x34 build\kernel\src\components.o
                0x0800ecec                rt_components_board_init
 .text.rt_components_init
                0x0800ed20       0x34 build\kernel\src\components.o
                0x0800ed20                rt_components_init
 .text.entry    0x0800ed54        0xe build\kernel\src\components.o
                0x0800ed54                entry
 .text.main_thread_entry
                0x0800ed62       0x18 build\kernel\src\components.o
 *fill*         0x0800ed7a        0x2 00000000
 .text.rt_application_init
                0x0800ed7c       0x4c build\kernel\src\components.o
                0x0800ed7c                rt_application_init
 .text.rtthread_startup
                0x0800edc8       0x2e build\kernel\src\components.o
                0x0800edc8                rtthread_startup
 .text.rt_spin_lock_init
                0x0800edf6       0x14 build\kernel\src\cpu_up.o
                0x0800edf6                rt_spin_lock_init
 .text.rt_spin_lock
                0x0800ee0a       0x14 build\kernel\src\cpu_up.o
                0x0800ee0a                rt_spin_lock
 .text.rt_spin_unlock
                0x0800ee1e       0x1a build\kernel\src\cpu_up.o
                0x0800ee1e                rt_spin_unlock
 .text.rt_spin_lock_irqsave
                0x0800ee38       0x1c build\kernel\src\cpu_up.o
                0x0800ee38                rt_spin_lock_irqsave
 .text.rt_spin_unlock_irqrestore
                0x0800ee54       0x22 build\kernel\src\cpu_up.o
                0x0800ee54                rt_spin_unlock_irqrestore
 *fill*         0x0800ee76        0x2 00000000
 .text.rt_cpu_self
                0x0800ee78       0x14 build\kernel\src\cpu_up.o
                0x0800ee78                rt_cpu_self
 .text.rt_cpu_index
                0x0800ee8c       0x24 build\kernel\src\cpu_up.o
                0x0800ee8c                rt_cpu_index
 .text.rt_list_insert_after
                0x0800eeb0       0x32 build\kernel\src\idle.o
 .text.rt_list_remove
                0x0800eee2       0x36 build\kernel\src\idle.o
 .text.rt_thread_defunct_enqueue
                0x0800ef18       0x34 build\kernel\src\idle.o
                0x0800ef18                rt_thread_defunct_enqueue
 .text.rt_thread_defunct_dequeue
                0x0800ef4c       0x44 build\kernel\src\idle.o
                0x0800ef4c                rt_thread_defunct_dequeue
 .text.rt_defunct_execute
                0x0800ef90       0x5a build\kernel\src\idle.o
 *fill*         0x0800efea        0x2 00000000
 .text.idle_thread_entry
                0x0800efec       0x38 build\kernel\src\idle.o
 .text.rt_thread_idle_init
                0x0800f024       0x98 build\kernel\src\idle.o
                0x0800f024                rt_thread_idle_init
 .text.rt_list_init
                0x0800f0bc       0x22 build\kernel\src\ipc.o
 .text.rt_list_insert_after
                0x0800f0de       0x32 build\kernel\src\ipc.o
 .text.rt_list_insert_before
                0x0800f110       0x32 build\kernel\src\ipc.o
 .text.rt_list_remove
                0x0800f142       0x36 build\kernel\src\ipc.o
 .text.rt_list_isempty
                0x0800f178       0x24 build\kernel\src\ipc.o
 .text._ipc_object_init
                0x0800f19c       0x1c build\kernel\src\ipc.o
 .text.rt_susp_list_dequeue
                0x0800f1b8       0x78 build\kernel\src\ipc.o
                0x0800f1b8                rt_susp_list_dequeue
 .text.rt_susp_list_resume_all
                0x0800f230       0x30 build\kernel\src\ipc.o
                0x0800f230                rt_susp_list_resume_all
 .text.rt_susp_list_resume_all_irq
                0x0800f260       0x36 build\kernel\src\ipc.o
                0x0800f260                rt_susp_list_resume_all_irq
 *fill*         0x0800f296        0x2 00000000
 .text.rt_susp_list_enqueue
                0x0800f298       0xa8 build\kernel\src\ipc.o
                0x0800f298                rt_susp_list_enqueue
 .text.rt_susp_list_print
                0x0800f340       0x64 build\kernel\src\ipc.o
                0x0800f340                rt_susp_list_print
 .text._sem_object_init
                0x0800f3a4       0x46 build\kernel\src\ipc.o
 *fill*         0x0800f3ea        0x2 00000000
 .text.rt_sem_init
                0x0800f3ec       0x84 build\kernel\src\ipc.o
                0x0800f3ec                rt_sem_init
 .text.rt_sem_create
                0x0800f470       0x9c build\kernel\src\ipc.o
                0x0800f470                rt_sem_create
 .text.rt_sem_delete
                0x0800f50c       0xc0 build\kernel\src\ipc.o
                0x0800f50c                rt_sem_delete
 .text._rt_sem_take
                0x0800f5cc      0x1a8 build\kernel\src\ipc.o
 .text.rt_sem_take
                0x0800f774       0x1e build\kernel\src\ipc.o
                0x0800f774                rt_sem_take
 *fill*         0x0800f792        0x2 00000000
 .text.rt_sem_release
                0x0800f794       0xd4 build\kernel\src\ipc.o
                0x0800f794                rt_sem_release
 .text.rt_sem_control
                0x0800f868      0x10c build\kernel\src\ipc.o
                0x0800f868                rt_sem_control
 .text._mutex_update_priority
                0x0800f974       0x42 build\kernel\src\ipc.o
 .text._thread_get_mutex_priority
                0x0800f9b6       0x62 build\kernel\src\ipc.o
 .text._thread_update_priority
                0x0800fa18       0xd0 build\kernel\src\ipc.o
 .text._check_and_update_prio
                0x0800fae8       0x4e build\kernel\src\ipc.o
 *fill*         0x0800fb36        0x2 00000000
 .text.rt_mutex_init
                0x0800fb38       0x78 build\kernel\src\ipc.o
                0x0800fb38                rt_mutex_init
 .text.rt_mutex_create
                0x0800fbb0       0x90 build\kernel\src\ipc.o
                0x0800fbb0                rt_mutex_create
 .text._rt_mutex_take
                0x0800fc40      0x368 build\kernel\src\ipc.o
 .text.rt_mutex_take
                0x0800ffa8       0x1e build\kernel\src\ipc.o
                0x0800ffa8                rt_mutex_take
 *fill*         0x0800ffc6        0x2 00000000
 .text.rt_mutex_release
                0x0800ffc8      0x214 build\kernel\src\ipc.o
                0x0800ffc8                rt_mutex_release
 .text.rt_event_init
                0x080101dc       0x78 build\kernel\src\ipc.o
                0x080101dc                rt_event_init
 .text.rt_event_send
                0x08010254      0x1a8 build\kernel\src\ipc.o
                0x08010254                rt_event_send
 .text._rt_event_recv
                0x080103fc      0x26c build\kernel\src\ipc.o
 .text.rt_event_recv
                0x08010668       0x2e build\kernel\src\ipc.o
                0x08010668                rt_event_recv
 *fill*         0x08010696        0x2 00000000
 .text.rt_mb_init
                0x08010698       0x9c build\kernel\src\ipc.o
                0x08010698                rt_mb_init
 .text.rt_mb_detach
                0x08010734       0xa0 build\kernel\src\ipc.o
                0x08010734                rt_mb_detach
 .text._rt_mb_send_wait
                0x080107d4      0x274 build\kernel\src\ipc.o
 .text.rt_mb_send_wait
                0x08010a48       0x22 build\kernel\src\ipc.o
                0x08010a48                rt_mb_send_wait
 .text.rt_mb_send
                0x08010a6a       0x1e build\kernel\src\ipc.o
                0x08010a6a                rt_mb_send
 .text._rt_mb_recv
                0x08010a88      0x284 build\kernel\src\ipc.o
 .text.rt_mb_recv
                0x08010d0c       0x22 build\kernel\src\ipc.o
                0x08010d0c                rt_mb_recv
 *fill*         0x08010d2e        0x2 00000000
 .text.rt_mq_init
                0x08010d30      0x108 build\kernel\src\ipc.o
                0x08010d30                rt_mq_init
 .text.rt_mq_detach
                0x08010e38       0xa0 build\kernel\src\ipc.o
                0x08010e38                rt_mq_detach
 .text._rt_mq_send_wait
                0x08010ed8      0x2e4 build\kernel\src\ipc.o
 .text.rt_mq_send_wait
                0x080111bc       0x2c build\kernel\src\ipc.o
                0x080111bc                rt_mq_send_wait
 .text.rt_mq_send
                0x080111e8       0x22 build\kernel\src\ipc.o
                0x080111e8                rt_mq_send
 *fill*         0x0801120a        0x2 00000000
 .text.rt_mq_urgent
                0x0801120c      0x184 build\kernel\src\ipc.o
                0x0801120c                rt_mq_urgent
 .text._rt_mq_recv
                0x08011390      0x2ec build\kernel\src\ipc.o
 .text.rt_mq_recv
                0x0801167c       0x2c build\kernel\src\ipc.o
                0x0801167c                rt_mq_recv
 .text.rt_interrupt_enter
                0x080116a8       0x28 build\kernel\src\irq.o
                0x080116a8                rt_interrupt_enter
 .text.rt_interrupt_leave
                0x080116d0       0x28 build\kernel\src\irq.o
                0x080116d0                rt_interrupt_leave
 .text.rt_interrupt_get_nest
                0x080116f8       0x2c build\kernel\src\irq.o
                0x080116f8                rt_interrupt_get_nest
 .text.divide   0x08011724       0x38 build\kernel\src\klibc\kstdio.o
 .text.skip_atoi
                0x0801175c       0x46 build\kernel\src\klibc\kstdio.o
 *fill*         0x080117a2        0x2 00000000
 .text.print_number
                0x080117a4      0x344 build\kernel\src\klibc\kstdio.o
 .text.rt_vsnprintf
                0x08011ae8      0x628 build\kernel\src\klibc\kstdio.o
                0x08011ae8                rt_vsnprintf
 .text.rt_snprintf
                0x08012110       0x34 build\kernel\src\klibc\kstdio.o
                0x08012110                rt_snprintf
 .text.rt_vsprintf
                0x08012144       0x24 build\kernel\src\klibc\kstdio.o
                0x08012144                rt_vsprintf
 .text.rt_sprintf
                0x08012168       0x30 build\kernel\src\klibc\kstdio.o
                0x08012168                rt_sprintf
 .text.rt_strerror
                0x08012198       0x5c build\kernel\src\klibc\kstdio.o
                0x08012198                rt_strerror
 .text.rt_get_errno
                0x080121f4       0x3c build\kernel\src\klibc\kstdio.o
                0x080121f4                rt_get_errno
 .text.rt_set_errno
                0x08012230       0x44 build\kernel\src\klibc\kstdio.o
                0x08012230                rt_set_errno
 .text._rt_errno
                0x08012274       0x38 build\kernel\src\klibc\kstdio.o
                0x08012274                _rt_errno
 .text.rt_memset
                0x080122ac       0xc8 build\kernel\src\klibc\kstring.o
                0x080122ac                rt_memset
 .text.rt_memcpy
                0x08012374       0xda build\kernel\src\klibc\kstring.o
                0x08012374                rt_memcpy
 .text.rt_memmove
                0x0801244e       0x82 build\kernel\src\klibc\kstring.o
                0x0801244e                rt_memmove
 .text.rt_strncpy
                0x080124d0       0x64 build\kernel\src\klibc\kstring.o
                0x080124d0                rt_strncpy
 .text.rt_strncmp
                0x08012534       0x54 build\kernel\src\klibc\kstring.o
                0x08012534                rt_strncmp
 .text.rt_strcmp
                0x08012588       0x44 build\kernel\src\klibc\kstring.o
                0x08012588                rt_strcmp
 .text.rt_strlen
                0x080125cc       0x32 build\kernel\src\klibc\kstring.o
                0x080125cc                rt_strlen
 .text.rt_strdup
                0x080125fe       0x3a build\kernel\src\klibc\kstring.o
                0x080125fe                rt_strdup
 .text.rt_hw_backtrace_frame_get
                0x08012638       0x3c build\kernel\src\kservice.o
                0x08012638                rt_hw_backtrace_frame_get
 .text.rt_hw_backtrace_frame_unwind
                0x08012674       0x3c build\kernel\src\kservice.o
                0x08012674                rt_hw_backtrace_frame_unwind
 .text.rt_show_version
                0x080126b0       0x4c build\kernel\src\kservice.o
                0x080126b0                rt_show_version
 .text.rt_console_get_device
                0x080126fc       0x18 build\kernel\src\kservice.o
                0x080126fc                rt_console_get_device
 .text.rt_console_set_device
                0x08012714       0x58 build\kernel\src\kservice.o
                0x08012714                rt_console_set_device
 .text.rt_hw_console_output
                0x0801276c       0x14 build\kernel\src\kservice.o
                0x0801276c                rt_hw_console_output
 .text._kputs   0x08012780       0x34 build\kernel\src\kservice.o
 .text.rt_kprintf
                0x080127b4       0x4c build\kernel\src\kservice.o
                0x080127b4                rt_kprintf
 .text.rt_backtrace
                0x08012800       0x44 build\kernel\src\kservice.o
                0x08012800                rt_backtrace
 .text.rt_backtrace_frame
                0x08012844       0x5c build\kernel\src\kservice.o
                0x08012844                rt_backtrace_frame
 .text.rt_backtrace_thread
                0x080128a0       0x42 build\kernel\src\kservice.o
                0x080128a0                rt_backtrace_thread
 *fill*         0x080128e2        0x2 00000000
 .text.cmd_backtrace
                0x080128e4       0xb4 build\kernel\src\kservice.o
 .text._heap_lock_init
                0x08012998       0x1c build\kernel\src\kservice.o
 .text._heap_lock
                0x080129b4       0x28 build\kernel\src\kservice.o
 .text._heap_unlock
                0x080129dc       0x40 build\kernel\src\kservice.o
 .text._smem_info
                0x08012a1c       0x4c build\kernel\src\kservice.o
 .text.rt_system_heap_init_generic
                0x08012a68       0x64 build\kernel\src\kservice.o
                0x08012a68                rt_system_heap_init_generic
 .text.rt_system_heap_init
                0x08012acc       0x1a build\kernel\src\kservice.o
                0x08012acc                rt_system_heap_init
 *fill*         0x08012ae6        0x2 00000000
 .text.rt_malloc
                0x08012ae8       0x4c build\kernel\src\kservice.o
                0x08012ae8                rt_malloc
 .text.rt_realloc
                0x08012b34       0x68 build\kernel\src\kservice.o
                0x08012b34                rt_realloc
 .text.rt_calloc
                0x08012b9c       0x3c build\kernel\src\kservice.o
                0x08012b9c                rt_calloc
 .text.rt_free  0x08012bd8       0x44 build\kernel\src\kservice.o
                0x08012bd8                rt_free
 .text.rt_memory_info
                0x08012c1c       0x2a build\kernel\src\kservice.o
                0x08012c1c                rt_memory_info
 *fill*         0x08012c46        0x2 00000000
 .text.rt_assert_handler
                0x08012c48       0x50 build\kernel\src\kservice.o
                0x08012c48                rt_assert_handler
 .text.plug_holes
                0x08012c98       0xf8 build\kernel\src\mem.o
 .text.rt_smem_init
                0x08012d90      0x104 build\kernel\src\mem.o
                0x08012d90                rt_smem_init
 .text.rt_smem_alloc
                0x08012e94      0x268 build\kernel\src\mem.o
                0x08012e94                rt_smem_alloc
 .text.rt_smem_realloc
                0x080130fc      0x1d4 build\kernel\src\mem.o
                0x080130fc                rt_smem_realloc
 .text.rt_smem_free
                0x080132d0      0x140 build\kernel\src\mem.o
                0x080132d0                rt_smem_free
 .text.rt_list_insert_after
                0x08013410       0x32 build\kernel\src\object.o
 .text.rt_list_remove
                0x08013442       0x36 build\kernel\src\object.o
 .text.rt_object_get_information
                0x08013478       0x5c build\kernel\src\object.o
                0x08013478                rt_object_get_information
 .text.rt_object_init
                0x080134d4       0xe0 build\kernel\src\object.o
                0x080134d4                rt_object_init
 .text.rt_object_detach
                0x080135b4       0x88 build\kernel\src\object.o
                0x080135b4                rt_object_detach
 .text.rt_object_allocate
                0x0801363c       0xd8 build\kernel\src\object.o
                0x0801363c                rt_object_allocate
 .text.rt_object_delete
                0x08013714       0xa8 build\kernel\src\object.o
                0x08013714                rt_object_delete
 .text.rt_object_is_systemobject
                0x080137bc       0x3c build\kernel\src\object.o
                0x080137bc                rt_object_is_systemobject
 .text.rt_object_get_type
                0x080137f8       0x34 build\kernel\src\object.o
                0x080137f8                rt_object_get_type
 .text.rt_object_for_each
                0x0801382c       0xc0 build\kernel\src\object.o
                0x0801382c                rt_object_for_each
 .text._match_name
                0x080138ec       0x3a build\kernel\src\object.o
 *fill*         0x08013926        0x2 00000000
 .text.rt_object_find
                0x08013928       0x64 build\kernel\src\object.o
                0x08013928                rt_object_find
 .text.rt_list_remove
                0x0801398c       0x36 build\kernel\src\scheduler_comm.o
 .text.rt_sched_thread_init_ctx
                0x080139c2       0x2a build\kernel\src\scheduler_comm.o
                0x080139c2                rt_sched_thread_init_ctx
 .text.rt_sched_thread_timer_start
                0x080139ec       0x24 build\kernel\src\scheduler_comm.o
                0x080139ec                rt_sched_thread_timer_start
 .text.rt_sched_thread_timer_stop
                0x08013a10       0x42 build\kernel\src\scheduler_comm.o
                0x08013a10                rt_sched_thread_timer_stop
 .text.rt_sched_thread_get_stat
                0x08013a52       0x20 build\kernel\src\scheduler_comm.o
                0x08013a52                rt_sched_thread_get_stat
 .text.rt_sched_thread_get_curr_prio
                0x08013a72       0x1a build\kernel\src\scheduler_comm.o
                0x08013a72                rt_sched_thread_get_curr_prio
 .text.rt_sched_thread_get_init_prio
                0x08013a8c       0x1a build\kernel\src\scheduler_comm.o
                0x08013a8c                rt_sched_thread_get_init_prio
 .text.rt_sched_thread_is_suspended
                0x08013aa6       0x28 build\kernel\src\scheduler_comm.o
                0x08013aa6                rt_sched_thread_is_suspended
 .text.rt_sched_thread_close
                0x08013ace       0x1e build\kernel\src\scheduler_comm.o
                0x08013ace                rt_sched_thread_close
 .text.rt_sched_thread_yield
                0x08013aec       0x30 build\kernel\src\scheduler_comm.o
                0x08013aec                rt_sched_thread_yield
 .text.rt_sched_thread_ready
                0x08013b1c       0x5a build\kernel\src\scheduler_comm.o
                0x08013b1c                rt_sched_thread_ready
 .text.rt_sched_tick_increase
                0x08013b76       0x48 build\kernel\src\scheduler_comm.o
                0x08013b76                rt_sched_tick_increase
 *fill*         0x08013bbe        0x2 00000000
 .text.rt_sched_thread_change_priority
                0x08013bc0       0x88 build\kernel\src\scheduler_comm.o
                0x08013bc0                rt_sched_thread_change_priority
 .text.rt_scheduler_stack_check
                0x08013c48       0xb4 build\kernel\src\scheduler_comm.o
                0x08013c48                rt_scheduler_stack_check
 .text.rt_list_init
                0x08013cfc       0x22 build\kernel\src\scheduler_up.o
 .text.rt_list_insert_after
                0x08013d1e       0x32 build\kernel\src\scheduler_up.o
 .text.rt_list_insert_before
                0x08013d50       0x32 build\kernel\src\scheduler_up.o
 .text.rt_list_remove
                0x08013d82       0x36 build\kernel\src\scheduler_up.o
 .text.rt_list_isempty
                0x08013db8       0x24 build\kernel\src\scheduler_up.o
 .text._scheduler_get_highest_priority_thread
                0x08013ddc       0x3c build\kernel\src\scheduler_up.o
 .text.rt_sched_lock
                0x08013e18       0x2a build\kernel\src\scheduler_up.o
                0x08013e18                rt_sched_lock
 .text.rt_sched_unlock
                0x08013e42       0x1a build\kernel\src\scheduler_up.o
                0x08013e42                rt_sched_unlock
 .text.rt_sched_unlock_n_resched
                0x08013e5c       0x28 build\kernel\src\scheduler_up.o
                0x08013e5c                rt_sched_unlock_n_resched
 .text.rt_system_scheduler_init
                0x08013e84       0x48 build\kernel\src\scheduler_up.o
                0x08013e84                rt_system_scheduler_init
 .text.rt_system_scheduler_start
                0x08013ecc       0x3a build\kernel\src\scheduler_up.o
                0x08013ecc                rt_system_scheduler_start
 *fill*         0x08013f06        0x2 00000000
 .text.rt_schedule
                0x08013f08      0x194 build\kernel\src\scheduler_up.o
                0x08013f08                rt_schedule
 .text.rt_sched_thread_startup
                0x0801409c       0x2e build\kernel\src\scheduler_up.o
                0x0801409c                rt_sched_thread_startup
 *fill*         0x080140ca        0x2 00000000
 .text.rt_sched_thread_init_priv
                0x080140cc       0x5c build\kernel\src\scheduler_up.o
                0x080140cc                rt_sched_thread_init_priv
 .text.rt_sched_insert_thread
                0x08014128       0xd4 build\kernel\src\scheduler_up.o
                0x08014128                rt_sched_insert_thread
 .text.rt_sched_remove_thread
                0x080141fc       0x70 build\kernel\src\scheduler_up.o
                0x080141fc                rt_sched_remove_thread
 .text.rt_exit_critical_safe
                0x0801426c       0x14 build\kernel\src\scheduler_up.o
                0x0801426c                rt_exit_critical_safe
 .text.rt_enter_critical
                0x08014280       0x3c build\kernel\src\scheduler_up.o
                0x08014280                rt_enter_critical
 .text.rt_exit_critical
                0x080142bc       0x58 build\kernel\src\scheduler_up.o
                0x080142bc                rt_exit_critical
 .text.rt_critical_level
                0x08014314       0x1c build\kernel\src\scheduler_up.o
                0x08014314                rt_critical_level
 .text.rt_list_init
                0x08014330       0x22 build\kernel\src\thread.o
 .text.rt_list_remove
                0x08014352       0x36 build\kernel\src\thread.o
 .text._thread_exit
                0x08014388       0x30 build\kernel\src\thread.o
 .text._thread_timeout
                0x080143b8       0x8c build\kernel\src\thread.o
 .text._thread_init
                0x08014444       0xd0 build\kernel\src\thread.o
 .text.rt_thread_init
                0x08014514       0x88 build\kernel\src\thread.o
                0x08014514                rt_thread_init
 .text.rt_thread_self
                0x0801459c       0x10 build\kernel\src\thread.o
                0x0801459c                rt_thread_self
 .text.rt_thread_startup
                0x080145ac       0x74 build\kernel\src\thread.o
                0x080145ac                rt_thread_startup
 .text.rt_thread_close
                0x08014620       0x7c build\kernel\src\thread.o
                0x08014620                rt_thread_close
 .text.rt_thread_create
                0x0801469c       0x7c build\kernel\src\thread.o
                0x0801469c                rt_thread_create
 .text._thread_sleep
                0x08014718      0x124 build\kernel\src\thread.o
 .text.rt_thread_mdelay
                0x0801483c       0x20 build\kernel\src\thread.o
                0x0801483c                rt_thread_mdelay
 .text._thread_set_suspend_state
                0x0801485c       0x8c build\kernel\src\thread.o
 .text.rt_thread_suspend_to_list
                0x080148e8       0xf8 build\kernel\src\thread.o
                0x080148e8                rt_thread_suspend_to_list
 .text.rt_thread_suspend_with_flag
                0x080149e0       0x20 build\kernel\src\thread.o
                0x080149e0                rt_thread_suspend_with_flag
 .text.rt_thread_resume
                0x08014a00       0x94 build\kernel\src\thread.o
                0x08014a00                rt_thread_resume
 .text.rt_list_init
                0x08014a94       0x22 build\kernel\src\timer.o
 .text.rt_list_insert_after
                0x08014ab6       0x32 build\kernel\src\timer.o
 .text.rt_list_remove
                0x08014ae8       0x36 build\kernel\src\timer.o
 .text.rt_list_isempty
                0x08014b1e       0x24 build\kernel\src\timer.o
 *fill*         0x08014b42        0x2 00000000
 .text._timerlock_idx
                0x08014b44       0x30 build\kernel\src\timer.o
 .text._timer_init
                0x08014b74       0x6a build\kernel\src\timer.o
 .text._timer_list_next_timeout
                0x08014bde       0x36 build\kernel\src\timer.o
 .text._timer_remove
                0x08014c14       0x36 build\kernel\src\timer.o
 *fill*         0x08014c4a        0x2 00000000
 .text.rt_timer_init
                0x08014c4c       0x7c build\kernel\src\timer.o
                0x08014c4c                rt_timer_init
 .text.rt_timer_detach
                0x08014cc8       0x9c build\kernel\src\timer.o
                0x08014cc8                rt_timer_detach
 .text._timer_start
                0x08014d64      0x17c build\kernel\src\timer.o
 .text._timer_check
                0x08014ee0      0x124 build\kernel\src\timer.o
 .text.rt_timer_start
                0x08015004       0xe8 build\kernel\src\timer.o
                0x08015004                rt_timer_start
 .text.rt_timer_stop
                0x080150ec       0xa8 build\kernel\src\timer.o
                0x080150ec                rt_timer_stop
 .text.rt_timer_control
                0x08015194      0x158 build\kernel\src\timer.o
                0x08015194                rt_timer_control
 .text.rt_timer_check
                0x080152ec       0x6c build\kernel\src\timer.o
                0x080152ec                rt_timer_check
 .text._timer_thread_entry
                0x08015358       0x28 build\kernel\src\timer.o
 .text.rt_system_timer_init
                0x08015380       0x3c build\kernel\src\timer.o
                0x08015380                rt_system_timer_init
 .text.rt_system_timer_thread_init
                0x080153bc       0x90 build\kernel\src\timer.o
                0x080153bc                rt_system_timer_thread_init
 .text.atoi     0x0801544c        0x8 e:/rtt/env-windows/tools/gnu_gcc/arm_gcc/mingw/bin/../lib/gcc/arm-none-eabi/10.3.1/../../../../arm-none-eabi/lib/thumb/v7e-m+fp/hard\libc.a(lib_a-atoi.o)
                0x0801544c                atoi
 .text.memcmp   0x08015454       0x64 e:/rtt/env-windows/tools/gnu_gcc/arm_gcc/mingw/bin/../lib/gcc/arm-none-eabi/10.3.1/../../../../arm-none-eabi/lib/thumb/v7e-m+fp/hard\libc.a(lib_a-memcmp.o)
                0x08015454                memcmp
 .text.memset   0x080154b8       0xa4 e:/rtt/env-windows/tools/gnu_gcc/arm_gcc/mingw/bin/../lib/gcc/arm-none-eabi/10.3.1/../../../../arm-none-eabi/lib/thumb/v7e-m+fp/hard\libc.a(lib_a-memset.o)
                0x080154b8                memset
 .text.strchr   0x0801555c       0xcc e:/rtt/env-windows/tools/gnu_gcc/arm_gcc/mingw/bin/../lib/gcc/arm-none-eabi/10.3.1/../../../../arm-none-eabi/lib/thumb/v7e-m+fp/hard\libc.a(lib_a-strchr.o)
                0x0801555c                strchr
 .text.strcpy   0x08015628       0xbc e:/rtt/env-windows/tools/gnu_gcc/arm_gcc/mingw/bin/../lib/gcc/arm-none-eabi/10.3.1/../../../../arm-none-eabi/lib/thumb/v7e-m+fp/hard\libc.a(lib_a-strcpy.o)
                0x08015628                strcpy
 .text.strncmp  0x080156e4       0x80 e:/rtt/env-windows/tools/gnu_gcc/arm_gcc/mingw/bin/../lib/gcc/arm-none-eabi/10.3.1/../../../../arm-none-eabi/lib/thumb/v7e-m+fp/hard\libc.a(lib_a-strncmp.o)
                0x080156e4                strncmp
 .text.strncpy  0x08015764       0x64 e:/rtt/env-windows/tools/gnu_gcc/arm_gcc/mingw/bin/../lib/gcc/arm-none-eabi/10.3.1/../../../../arm-none-eabi/lib/thumb/v7e-m+fp/hard\libc.a(lib_a-strncpy.o)
                0x08015764                strncpy
 .text.strrchr  0x080157c8       0x24 e:/rtt/env-windows/tools/gnu_gcc/arm_gcc/mingw/bin/../lib/gcc/arm-none-eabi/10.3.1/../../../../arm-none-eabi/lib/thumb/v7e-m+fp/hard\libc.a(lib_a-strrchr.o)
                0x080157c8                strrchr
 .text.two_way_long_needle
                0x080157ec      0x2b4 e:/rtt/env-windows/tools/gnu_gcc/arm_gcc/mingw/bin/../lib/gcc/arm-none-eabi/10.3.1/../../../../arm-none-eabi/lib/thumb/v7e-m+fp/hard\libc.a(lib_a-strstr.o)
 .text.strstr   0x08015aa0      0x168 e:/rtt/env-windows/tools/gnu_gcc/arm_gcc/mingw/bin/../lib/gcc/arm-none-eabi/10.3.1/../../../../arm-none-eabi/lib/thumb/v7e-m+fp/hard\libc.a(lib_a-strstr.o)
                0x08015aa0                strstr
 .text._strtol_l.part.0
                0x08015c08      0x120 e:/rtt/env-windows/tools/gnu_gcc/arm_gcc/mingw/bin/../lib/gcc/arm-none-eabi/10.3.1/../../../../arm-none-eabi/lib/thumb/v7e-m+fp/hard\libc.a(lib_a-strtol.o)
 .text.strtol   0x08015d28       0x2c e:/rtt/env-windows/tools/gnu_gcc/arm_gcc/mingw/bin/../lib/gcc/arm-none-eabi/10.3.1/../../../../arm-none-eabi/lib/thumb/v7e-m+fp/hard\libc.a(lib_a-strtol.o)
                0x08015d28                strtol
 .text._strtoul_l.constprop.0
                0x08015d54      0x13c e:/rtt/env-windows/tools/gnu_gcc/arm_gcc/mingw/bin/../lib/gcc/arm-none-eabi/10.3.1/../../../../arm-none-eabi/lib/thumb/v7e-m+fp/hard\libc.a(lib_a-strtoul.o)
 .text.strtoul  0x08015e90       0x1c e:/rtt/env-windows/tools/gnu_gcc/arm_gcc/mingw/bin/../lib/gcc/arm-none-eabi/10.3.1/../../../../arm-none-eabi/lib/thumb/v7e-m+fp/hard\libc.a(lib_a-strtoul.o)
                0x08015e90                strtoul
 .text.startup.register_fini
                0x08015eac       0x14 e:/rtt/env-windows/tools/gnu_gcc/arm_gcc/mingw/bin/../lib/gcc/arm-none-eabi/10.3.1/../../../../arm-none-eabi/lib/thumb/v7e-m+fp/hard\libc.a(lib_a-__call_atexit.o)